Archive member included to satisfy reference by file (symbol)

c:/program files (x86)/atmel/studio/7.0/toolchain/arm/arm-gnu-toolchain/bin/../lib/gcc/arm-none-eabi/6.3.1/../../../../arm-none-eabi/lib/thumb/v7e-m\libm.a(lib_a-w_pow.o)
                              src/main.o (pow)
c:/program files (x86)/atmel/studio/7.0/toolchain/arm/arm-gnu-toolchain/bin/../lib/gcc/arm-none-eabi/6.3.1/../../../../arm-none-eabi/lib/thumb/v7e-m\libm.a(lib_a-e_pow.o)
                              c:/program files (x86)/atmel/studio/7.0/toolchain/arm/arm-gnu-toolchain/bin/../lib/gcc/arm-none-eabi/6.3.1/../../../../arm-none-eabi/lib/thumb/v7e-m\libm.a(lib_a-w_pow.o) (__ieee754_pow)
c:/program files (x86)/atmel/studio/7.0/toolchain/arm/arm-gnu-toolchain/bin/../lib/gcc/arm-none-eabi/6.3.1/../../../../arm-none-eabi/lib/thumb/v7e-m\libm.a(lib_a-e_sqrt.o)
                              c:/program files (x86)/atmel/studio/7.0/toolchain/arm/arm-gnu-toolchain/bin/../lib/gcc/arm-none-eabi/6.3.1/../../../../arm-none-eabi/lib/thumb/v7e-m\libm.a(lib_a-e_pow.o) (__ieee754_sqrt)
c:/program files (x86)/atmel/studio/7.0/toolchain/arm/arm-gnu-toolchain/bin/../lib/gcc/arm-none-eabi/6.3.1/../../../../arm-none-eabi/lib/thumb/v7e-m\libm.a(lib_a-s_fabs.o)
                              c:/program files (x86)/atmel/studio/7.0/toolchain/arm/arm-gnu-toolchain/bin/../lib/gcc/arm-none-eabi/6.3.1/../../../../arm-none-eabi/lib/thumb/v7e-m\libm.a(lib_a-e_pow.o) (fabs)
c:/program files (x86)/atmel/studio/7.0/toolchain/arm/arm-gnu-toolchain/bin/../lib/gcc/arm-none-eabi/6.3.1/../../../../arm-none-eabi/lib/thumb/v7e-m\libm.a(lib_a-s_finite.o)
                              c:/program files (x86)/atmel/studio/7.0/toolchain/arm/arm-gnu-toolchain/bin/../lib/gcc/arm-none-eabi/6.3.1/../../../../arm-none-eabi/lib/thumb/v7e-m\libm.a(lib_a-w_pow.o) (finite)
c:/program files (x86)/atmel/studio/7.0/toolchain/arm/arm-gnu-toolchain/bin/../lib/gcc/arm-none-eabi/6.3.1/../../../../arm-none-eabi/lib/thumb/v7e-m\libm.a(lib_a-s_lib_ver.o)
                              c:/program files (x86)/atmel/studio/7.0/toolchain/arm/arm-gnu-toolchain/bin/../lib/gcc/arm-none-eabi/6.3.1/../../../../arm-none-eabi/lib/thumb/v7e-m\libm.a(lib_a-w_pow.o) (__fdlib_version)
c:/program files (x86)/atmel/studio/7.0/toolchain/arm/arm-gnu-toolchain/bin/../lib/gcc/arm-none-eabi/6.3.1/../../../../arm-none-eabi/lib/thumb/v7e-m\libm.a(lib_a-s_matherr.o)
                              c:/program files (x86)/atmel/studio/7.0/toolchain/arm/arm-gnu-toolchain/bin/../lib/gcc/arm-none-eabi/6.3.1/../../../../arm-none-eabi/lib/thumb/v7e-m\libm.a(lib_a-w_pow.o) (matherr)
c:/program files (x86)/atmel/studio/7.0/toolchain/arm/arm-gnu-toolchain/bin/../lib/gcc/arm-none-eabi/6.3.1/../../../../arm-none-eabi/lib/thumb/v7e-m\libm.a(lib_a-s_nan.o)
                              c:/program files (x86)/atmel/studio/7.0/toolchain/arm/arm-gnu-toolchain/bin/../lib/gcc/arm-none-eabi/6.3.1/../../../../arm-none-eabi/lib/thumb/v7e-m\libm.a(lib_a-e_pow.o) (nan)
c:/program files (x86)/atmel/studio/7.0/toolchain/arm/arm-gnu-toolchain/bin/../lib/gcc/arm-none-eabi/6.3.1/../../../../arm-none-eabi/lib/thumb/v7e-m\libm.a(lib_a-s_rint.o)
                              c:/program files (x86)/atmel/studio/7.0/toolchain/arm/arm-gnu-toolchain/bin/../lib/gcc/arm-none-eabi/6.3.1/../../../../arm-none-eabi/lib/thumb/v7e-m\libm.a(lib_a-w_pow.o) (rint)
c:/program files (x86)/atmel/studio/7.0/toolchain/arm/arm-gnu-toolchain/bin/../lib/gcc/arm-none-eabi/6.3.1/../../../../arm-none-eabi/lib/thumb/v7e-m\libm.a(lib_a-s_scalbn.o)
                              c:/program files (x86)/atmel/studio/7.0/toolchain/arm/arm-gnu-toolchain/bin/../lib/gcc/arm-none-eabi/6.3.1/../../../../arm-none-eabi/lib/thumb/v7e-m\libm.a(lib_a-e_pow.o) (scalbn)
c:/program files (x86)/atmel/studio/7.0/toolchain/arm/arm-gnu-toolchain/bin/../lib/gcc/arm-none-eabi/6.3.1/../../../../arm-none-eabi/lib/thumb/v7e-m\libm.a(lib_a-s_copysign.o)
                              c:/program files (x86)/atmel/studio/7.0/toolchain/arm/arm-gnu-toolchain/bin/../lib/gcc/arm-none-eabi/6.3.1/../../../../arm-none-eabi/lib/thumb/v7e-m\libm.a(lib_a-s_scalbn.o) (copysign)
c:/program files (x86)/atmel/studio/7.0/toolchain/arm/arm-gnu-toolchain/bin/../lib/gcc/arm-none-eabi/6.3.1/thumb/v7e-m\libgcc.a(_arm_addsubdf3.o)
                              c:/program files (x86)/atmel/studio/7.0/toolchain/arm/arm-gnu-toolchain/bin/../lib/gcc/arm-none-eabi/6.3.1/../../../../arm-none-eabi/lib/thumb/v7e-m\libm.a(lib_a-e_pow.o) (__aeabi_dsub)
c:/program files (x86)/atmel/studio/7.0/toolchain/arm/arm-gnu-toolchain/bin/../lib/gcc/arm-none-eabi/6.3.1/thumb/v7e-m\libgcc.a(_arm_muldivdf3.o)
                              src/main.o (__aeabi_dmul)
c:/program files (x86)/atmel/studio/7.0/toolchain/arm/arm-gnu-toolchain/bin/../lib/gcc/arm-none-eabi/6.3.1/thumb/v7e-m\libgcc.a(_arm_cmpdf2.o)
[...]
Memory Configuration

Name             Origin             Length             Attributes
rom              0x00400000         0x00100000         xr
ram              0x20000000         0x00020000         xrw
*default*        0x00000000         0xffffffff

Linker script and memory map

LOAD c:/program files (x86)/atmel/studio/7.0/toolchain/arm/arm-gnu-toolchain/bin/../lib/gcc/arm-none-eabi/6.3.1/thumb/v7e-m/crti.o
LOAD c:/program files (x86)/atmel/studio/7.0/toolchain/arm/arm-gnu-toolchain/bin/../lib/gcc/arm-none-eabi/6.3.1/thumb/v7e-m/crtbegin.o
LOAD c:/program files (x86)/atmel/studio/7.0/toolchain/arm/arm-gnu-toolchain/bin/../lib/gcc/arm-none-eabi/6.3.1/../../../../arm-none-eabi/lib/thumb/v7e-m/crt0.o
LOAD src/ASF/common/services/clock/sam4e/sysclk.o
LOAD src/ASF/common/services/delay/sam/cycle_counter.o
LOAD src/ASF/common/services/serial/usart_serial.o
LOAD src/ASF/common/services/sleepmgr/sam/sleepmgr.o
LOAD src/ASF/common/utils/interrupt/interrupt_sam_nvic.o
LOAD src/ASF/common/utils/stdio/read.o
LOAD src/ASF/common/utils/stdio/write.o
LOAD src/ASF/sam/boards/sam4e_xplained_pro/init.o
LOAD src/ASF/sam/drivers/afec/afec.o
LOAD src/ASF/sam/drivers/pmc/pmc.o
LOAD src/ASF/sam/drivers/pmc/sleep.o
LOAD src/ASF/sam/drivers/tc/tc.o
LOAD src/ASF/sam/drivers/uart/uart.o
LOAD src/ASF/sam/drivers/usart/usart.o
LOAD src/ASF/sam/utils/cmsis/sam4e/source/templates/exceptions.o
LOAD src/ASF/sam/utils/cmsis/sam4e/source/templates/gcc/startup_sam4e.o
LOAD src/ASF/sam/utils/cmsis/sam4e/source/templates/system_sam4e.o
LOAD src/ASF/sam/utils/syscalls/gcc/syscalls.o
LOAD src/ASF/thirdparty/wireless/addons/sio2host/uart/sio2host.o
LOAD src/main.o
START GROUP
LOAD ../src/ASF/thirdparty/CMSIS/Lib/GCC\libarm_cortexM4lf_math_softfp.a
LOAD c:/program files (x86)/atmel/studio/7.0/toolchain/arm/arm-gnu-toolchain/bin/../lib/gcc/arm-none-eabi/6.3.1/../../../../arm-none-eabi/lib/thumb/v7e-m\libm.a
END GROUP
START GROUP
LOAD c:/program files (x86)/atmel/studio/7.0/toolchain/arm/arm-gnu-toolchain/bin/../lib/gcc/arm-none-eabi/6.3.1/thumb/v7e-m\libgcc.a
LOAD c:/program files (x86)/atmel/studio/7.0/toolchain/arm/arm-gnu-toolchain/bin/../lib/gcc/arm-none-eabi/6.3.1/../../../../arm-none-eabi/lib/thumb/v7e-m\libc.a
END GROUP
LOAD c:/program files (x86)/atmel/studio/7.0/toolchain/arm/arm-gnu-toolchain/bin/../lib/gcc/arm-none-eabi/6.3.1/thumb/v7e-m/crtend.o
LOAD c:/program files (x86)/atmel/studio/7.0/toolchain/arm/arm-gnu-toolchain/bin/../lib/gcc/arm-none-eabi/6.3.1/thumb/v7e-m/crtn.o
                0x00003000                __stack_size__ = DEFINED (__stack_size__)?__stack_size__:0x3000
                0x2001fffc                __ram_end__ = ((ORIGIN (ram) + LENGTH (ram)) - 0x4)

.text           0x00400000     0x62f8
                0x00400000                . = ALIGN (0x4)
                0x00400000                _sfixed = .
 *(.vectors .vectors.*)
 .vectors       0x00400000       0xf8 src/ASF/sam/utils/cmsis/sam4e/source/templates/gcc/startup_sam4e.o
                0x00400000                exception_table
 *(.text .text.* .gnu.linkonce.t.*)
 .text          0x004000f8       0x6c c:/program files (x86)/atmel/studio/7.0/toolchain/arm/arm-gnu-toolchain/bin/../lib/gcc/arm-none-eabi/6.3.1/thumb/v7e-m/crtbegin.o
 .text.sysclk_init
                0x00400164       0x68 src/ASF/common/services/clock/sam4e/sysclk.o
                0x00400164                sysclk_init
 .text.usart_serial_write_packet
                0x004001cc       0x90 src/ASF/common/services/serial/usart_serial.o
                0x004001cc                usart_serial_write_packet
 .text.usart_serial_read_packet
                0x0040025c       0xa0 src/ASF/common/services/serial/usart_serial.o
                0x0040025c                usart_serial_read_packet
 .text._read    0x004002fc       0x3c src/ASF/common/utils/stdio/read.o
                0x004002fc                _read
 .text._write   0x00400338       0x50 src/ASF/common/utils/stdio/write.o
                0x00400338                _write
 .text.board_init
                0x00400388       0x98 src/ASF/sam/boards/sam4e_xplained_pro/init.o
                0x00400388                board_init
 .text.afec_process_callback
                0x00400420       0x9c src/ASF/sam/drivers/afec/afec.o
 .text.afec_ch_set_config
                0x004004bc       0x30 src/ASF/sam/drivers/afec/afec.o
                0x004004bc                afec_ch_set_config
 .text.afec_get_config_defaults
                0x004004ec       0x30 src/ASF/sam/drivers/afec/afec.o
                0x004004ec                afec_get_config_defaults
 .text.afec_ch_get_config_defaults
                0x0040051c        0xa src/ASF/sam/drivers/afec/afec.o
                0x0040051c                afec_ch_get_config_defaults
 *fill*         0x00400526        0x2 
 .text.afec_init
                0x00400528       0xd4 src/ASF/sam/drivers/afec/afec.o
                0x00400528                afec_init
 .text.afec_enable_interrupt
                0x004005fc       0x38 src/ASF/sam/drivers/afec/afec.o
                0x004005fc                afec_enable_interrupt
 .text.afec_set_callback
                0x00400634       0x58 src/ASF/sam/drivers/afec/afec.o
                0x00400634                afec_set_callback
 .text.afec_disable_interrupt
                0x0040068c       0x38 src/ASF/sam/drivers/afec/afec.o
                0x0040068c                afec_disable_interrupt
 .text.AFEC0_Handler
                0x004006c4       0x14 src/ASF/sam/drivers/afec/afec.o
                0x004006c4                AFEC0_Handler
 .text.AFEC1_Handler
                0x004006d8       0x14 src/ASF/sam/drivers/afec/afec.o
                0x004006d8                AFEC1_Handler
 .text.afec_enable
                0x004006ec       0x64 src/ASF/sam/drivers/afec/afec.o
                0x004006ec                afec_enable
 .text.pmc_switch_mck_to_pllack
                0x00400750       0x64 src/ASF/sam/drivers/pmc/pmc.o
                0x00400750                pmc_switch_mck_to_pllack
 .text.pmc_switch_mainck_to_xtal
                0x004007b4       0x54 src/ASF/sam/drivers/pmc/pmc.o
                0x004007b4                pmc_switch_mainck_to_xtal
 .text.pmc_osc_is_ready_mainck
                0x00400808       0x10 src/ASF/sam/drivers/pmc/pmc.o
                0x00400808                pmc_osc_is_ready_mainck
 .text.pmc_disable_pllack
                0x00400818       0x10 src/ASF/sam/drivers/pmc/pmc.o
                0x00400818                pmc_disable_pllack
 .text.pmc_is_locked_pllack
                0x00400828       0x10 src/ASF/sam/drivers/pmc/pmc.o
                0x00400828                pmc_is_locked_pllack
 .text.pmc_enable_periph_clk
                0x00400838       0x54 src/ASF/sam/drivers/pmc/pmc.o
                0x00400838                pmc_enable_periph_clk
 .text.tc_init  0x0040088c       0x1a src/ASF/sam/drivers/tc/tc.o
                0x0040088c                tc_init
 .text.tc_start
                0x004008a6        0x8 src/ASF/sam/drivers/tc/tc.o
                0x004008a6                tc_start
 .text.tc_stop  0x004008ae        0x8 src/ASF/sam/drivers/tc/tc.o
                0x004008ae                tc_stop
 .text.tc_find_mck_divisor
                0x004008b6       0x70 src/ASF/sam/drivers/tc/tc.o
                0x004008b6                tc_find_mck_divisor
 .text.uart_init
                0x00400926       0x38 src/ASF/sam/drivers/uart/uart.o
                0x00400926                uart_init
 .text.uart_write
                0x0040095e       0x10 src/ASF/sam/drivers/uart/uart.o
                0x0040095e                uart_write
 .text.uart_read
                0x0040096e       0x12 src/ASF/sam/drivers/uart/uart.o
                0x0040096e                uart_read
 .text.usart_write
                0x00400980       0x14 src/ASF/sam/drivers/usart/usart.o
                0x00400980                usart_write
 .text.usart_read
                0x00400994       0x18 src/ASF/sam/drivers/usart/usart.o
                0x00400994                usart_read
 .text.Dummy_Handler
                0x004009ac        0x2 src/ASF/sam/utils/cmsis/sam4e/source/templates/exceptions.o
                0x004009ac                DACC_Handler
                0x004009ac                DebugMon_Handler
                0x004009ac                DMAC_Handler
                0x004009ac                HardFault_Handler
                0x004009ac                TC2_Handler
                0x004009ac                SPI_Handler
                0x004009ac                SysTick_Handler
                0x004009ac                TWI1_Handler
                0x004009ac                PendSV_Handler
                0x004009ac                NMI_Handler
                0x004009ac                TC7_Handler
                0x004009ac                SMC_Handler
                0x004009ac                RTT_Handler
                0x004009ac                PIOB_Handler
                0x004009ac                RTC_Handler
                0x004009ac                UsageFault_Handler
                0x004009ac                TC6_Handler
                0x004009ac                WDT_Handler
                0x004009ac                CAN0_Handler
                0x004009ac                TC4_Handler
                0x004009ac                TC1_Handler
                0x004009ac                HSMCI_Handler
                0x004009ac                UART1_Handler
                0x004009ac                TC3_Handler
                0x004009ac                ARM_Handler
                0x004009ac                Dummy_Handler
                0x004009ac                TWI0_Handler
                0x004009ac                USART1_Handler
                0x004009ac                PIOA_Handler
                0x004009ac                ACC_Handler
                0x004009ac                PMC_Handler
                0x004009ac                PWM_Handler
                0x004009ac                GMAC_Handler
                0x004009ac                CAN1_Handler
                0x004009ac                MemManage_Handler
                0x004009ac                SUPC_Handler
                0x004009ac                SVC_Handler
                0x004009ac                TC8_Handler
                0x004009ac                EFC_Handler
                0x004009ac                PIOE_Handler
                0x004009ac                PIOD_Handler
                0x004009ac                UART0_Handler
                0x004009ac                PIOC_Handler
                0x004009ac                UDP_Handler
                0x004009ac                BusFault_Handler
                0x004009ac                RSTC_Handler
                0x004009ac                TC0_Handler
                0x004009ac                TC5_Handler
                0x004009ac                AES_Handler
 *fill*         0x004009ae        0x2 
 .text.Reset_Handler
                0x004009b0       0xc8 src/ASF/sam/utils/cmsis/sam4e/source/templates/gcc/startup_sam4e.o
                0x004009b0                Reset_Handler
 .text.SystemCoreClockUpdate
                0x00400a78      0x10c src/ASF/sam/utils/cmsis/sam4e/source/templates/system_sam4e.o
                0x00400a78                SystemCoreClockUpdate
 .text.system_init_flash
                0x00400b84       0x74 src/ASF/sam/utils/cmsis/sam4e/source/templates/system_sam4e.o
                0x00400b84                system_init_flash
 .text._sbrk    0x00400bf8       0x38 src/ASF/sam/utils/syscalls/gcc/syscalls.o
                0x00400bf8                _sbrk
 .text._close   0x00400c30        0x6 src/ASF/sam/utils/syscalls/gcc/syscalls.o
                0x00400c30                _close
 .text._fstat   0x00400c36        0xa src/ASF/sam/utils/syscalls/gcc/syscalls.o
                0x00400c36                _fstat
 .text._isatty  0x00400c40        0x4 src/ASF/sam/utils/syscalls/gcc/syscalls.o
                0x00400c40                _isatty
 .text._lseek   0x00400c44        0x4 src/ASF/sam/utils/syscalls/gcc/syscalls.o
                0x00400c44                _lseek
 .text.USART0_Handler
                0x00400c48       0x60 src/ASF/thirdparty/wireless/addons/sio2host/uart/sio2host.o
                0x00400c48                USART0_Handler
 .text.afec0_data_ready
                0x00400ca8       0x3c src/main.o
 .text.afec1_data_ready
                0x00400ce4       0x20 src/main.o
 .text.print_float
                0x00400d04       0x70 src/main.o
 .text.usart_serial_getchar
                0x00400d74       0x88 src/main.o
 .text.usart_serial_putchar
                0x00400dfc       0x80 src/main.o
 .text.sample_average
                0x00400e7c       0x44 src/main.o
                0x00400e7c                sample_average
 .text.sample_variance
                0x00400ec0       0x48 src/main.o
                0x00400ec0                sample_variance
 .text.find_max
                0x00400f08       0x2c src/main.o
                0x00400f08                find_max
 .text.detect_peaks
                0x00400f34      0x114 src/main.o
                0x00400f34                detect_peaks
 .text.compute_beam_intensity
                0x00401048       0x68 src/main.o
                0x00401048                compute_beam_intensity
 .text.compute_skewness
                0x004010b0      0x128 src/main.o
                0x004010b0                compute_skewness
 .text.show_beam_parameters
                0x004011d8      0x100 src/main.o
                0x004011d8                show_beam_parameters
 .text.main     0x004012d8      0x270 src/main.o
                0x004012d8                main
 .text.pow      0x00401548      0x2fc c:/program files (x86)/atmel/studio/7.0/toolchain/arm/arm-gnu-toolchain/bin/../lib/gcc/arm-none-eabi/6.3.1/../../../../arm-none-eabi/lib/thumb/v7e-m\libm.a(lib_a-w_pow.o)
                0x00401548                pow
 *fill*         0x00401844        0x4 
 .text.__ieee754_pow
                0x00401848      0xa8c c:/program files (x86)/atmel/studio/7.0/toolchain/arm/arm-gnu-toolchain/bin/../lib/gcc/arm-none-eabi/6.3.1/../../../../arm-none-eabi/lib/thumb/v7e-m\libm.a(lib_a-e_pow.o)
                0x00401848                __ieee754_pow
 .text.__ieee754_sqrt
                0x004022d4      0x178 c:/program files (x86)/atmel/studio/7.0/toolchain/arm/arm-gnu-toolchain/bin/../lib/gcc/arm-none-eabi/6.3.1/../../../../arm-none-eabi/lib/thumb/v7e-m\libm.a(lib_a-e_sqrt.o)
                0x004022d4                __ieee754_sqrt
 .text.fabs     0x0040244c        0x8 c:/program files (x86)/atmel/studio/7.0/toolchain/arm/arm-gnu-toolchain/bin/../lib/gcc/arm-none-eabi/6.3.1/../../../../arm-none-eabi/lib/thumb/v7e-m\libm.a(lib_a-s_fabs.o)
                0x0040244c                fabs
 .text.finite   0x00402454        0xc c:/program files (x86)/atmel/studio/7.0/toolchain/arm/arm-gnu-toolchain/bin/../lib/gcc/arm-none-eabi/6.3.1/../../../../arm-none-eabi/lib/thumb/v7e-m\libm.a(lib_a-s_finite.o)
                0x00402454                finite
 .text.matherr  0x00402460        0x4 c:/program files (x86)/atmel/studio/7.0/toolchain/arm/arm-gnu-toolchain/bin/../lib/gcc/arm-none-eabi/6.3.1/../../../../arm-none-eabi/lib/thumb/v7e-m\libm.a(lib_a-s_matherr.o)
                0x00402460                matherr
 .text.nan      0x00402464        0xc c:/program files (x86)/atmel/studio/7.0/toolchain/arm/arm-gnu-toolchain/bin/../lib/gcc/arm-none-eabi/6.3.1/../../../../arm-none-eabi/lib/thumb/v7e-m\libm.a(lib_a-s_nan.o)
                0x00402464                nan
 .text.rint     0x00402470      0x114 c:/program files (x86)/atmel/studio/7.0/toolchain/arm/arm-gnu-toolchain/bin/../lib/gcc/arm-none-eabi/6.3.1/../../../../arm-none-eabi/lib/thumb/v7e-m\libm.a(lib_a-s_rint.o)
                0x00402470                rint
 *fill*         0x00402584        0x4 
 .text.scalbn   0x00402588       0xfc c:/program files (x86)/atmel/studio/7.0/toolchain/arm/arm-gnu-toolchain/bin/../lib/gcc/arm-none-eabi/6.3.1/../../../../arm-none-eabi/lib/thumb/v7e-m\libm.a(lib_a-s_scalbn.o)
                0x00402588                scalbn
 .text.copysign
                0x00402684       0x10 c:/program files (x86)/atmel/studio/7.0/toolchain/arm/arm-gnu-toolchain/bin/../lib/gcc/arm-none-eabi/6.3.1/../../../../arm-none-eabi/lib/thumb/v7e-m\libm.a(lib_a-s_copysign.o)
                0x00402684                copysign
 .text          0x00402694      0x370 c:/program files (x86)/atmel/studio/7.0/toolchain/arm/arm-gnu-toolchain/bin/../lib/gcc/arm-none-eabi/6.3.1/thumb/v7e-m\libgcc.a(_arm_addsubdf3.o)
                0x00402694                __aeabi_drsub
                0x0040269c                __aeabi_dsub
                0x0040269c                __subdf3
                0x004026a0                __aeabi_dadd
                0x004026a0                __adddf3
                0x00402918                __floatunsidf
                0x00402918                __aeabi_ui2d
                0x00402938                __floatsidf
                0x00402938                __aeabi_i2d
                0x0040295c                __aeabi_f2d
                0x0040295c                __extendsfdf2
                0x00402998                __floatundidf
                0x00402998                __aeabi_ul2d
                0x004029a8                __floatdidf
                0x004029a8                __aeabi_l2d
 .text          0x00402a04      0x424 c:/program files (x86)/atmel/studio/7.0/toolchain/arm/arm-gnu-toolchain/bin/../lib/gcc/arm-none-eabi/6.3.1/thumb/v7e-m\libgcc.a(_arm_muldivdf3.o)
                0x00402a04                __aeabi_dmul
                0x00402a04                __muldf3
                0x00402c58                __divdf3
                0x00402c58                __aeabi_ddiv
 .text          0x00402e28      0x110 c:/program files (x86)/atmel/studio/7.0/toolchain/arm/arm-gnu-toolchain/bin/../lib/gcc/arm-none-eabi/6.3.1/thumb/v7e-m\libgcc.a(_arm_cmpdf2.o)
                0x00402e28                __gtdf2
                0x00402e28                __gedf2
                0x00402e30                __ltdf2
                0x00402e30                __ledf2
                0x00402e38                __nedf2
                0x00402e38                __eqdf2
                0x00402e38                __cmpdf2
                0x00402eb4                __aeabi_cdrcmple
                0x00402ec4                __aeabi_cdcmpeq
                0x00402ec4                __aeabi_cdcmple
                0x00402ed4                __aeabi_dcmpeq
                0x00402ee8                __aeabi_dcmplt
                0x00402efc                __aeabi_dcmple
                0x00402f10                __aeabi_dcmpge
                0x00402f24                __aeabi_dcmpgt
 .text          0x00402f38       0x2c c:/program files (x86)/atmel/studio/7.0/toolchain/arm/arm-gnu-toolchain/bin/../lib/gcc/arm-none-eabi/6.3.1/thumb/v7e-m\libgcc.a(_arm_unorddf2.o)
                0x00402f38                __unorddf2
                0x00402f38                __aeabi_dcmpun
 .text          0x00402f64       0xa0 c:/program files (x86)/atmel/studio/7.0/toolchain/arm/arm-gnu-toolchain/bin/../lib/gcc/arm-none-eabi/6.3.1/thumb/v7e-m\libgcc.a(_arm_truncdfsf2.o)
                0x00402f64                __truncdfsf2
                0x00402f64                __aeabi_d2f
 .text.__errno  0x00403004        0xc c:/program files (x86)/atmel/studio/7.0/toolchain/arm/arm-gnu-toolchain/bin/../lib/gcc/arm-none-eabi/6.3.1/../../../../arm-none-eabi/lib/thumb/v7e-m\libc.a(lib_a-errno.o)
                0x00403004                __errno
 .text.__libc_init_array
                0x00403010       0x50 c:/program files (x86)/atmel/studio/7.0/toolchain/arm/arm-gnu-toolchain/bin/../lib/gcc/arm-none-eabi/6.3.1/../../../../arm-none-eabi/lib/thumb/v7e-m\libc.a(lib_a-init.o)
                0x00403010                __libc_init_array
 .text.iprintf  0x00403060       0x28 c:/program files (x86)/atmel/studio/7.0/toolchain/arm/arm-gnu-toolchain/bin/../lib/gcc/arm-none-eabi/6.3.1/../../../../arm-none-eabi/lib/thumb/v7e-m\libc.a(lib_a-iprintf.o)
                0x00403060                iprintf
 .text.memset   0x00403088       0x9c c:/program files (x86)/atmel/studio/7.0/toolchain/arm/arm-gnu-toolchain/bin/../lib/gcc/arm-none-eabi/6.3.1/../../../../arm-none-eabi/lib/thumb/v7e-m\libc.a(lib_a-memset.o)
                0x00403088                memset
 .text.setbuf   0x00403124       0x10 c:/program files (x86)/atmel/studio/7.0/toolchain/arm/arm-gnu-toolchain/bin/../lib/gcc/arm-none-eabi/6.3.1/../../../../arm-none-eabi/lib/thumb/v7e-m\libc.a(lib_a-setbuf.o)
                0x00403124                setbuf
 .text.setvbuf  0x00403134      0x190 c:/program files (x86)/atmel/studio/7.0/toolchain/arm/arm-gnu-toolchain/bin/../lib/gcc/arm-none-eabi/6.3.1/../../../../arm-none-eabi/lib/thumb/v7e-m\libc.a(lib_a-setvbuf.o)
                0x00403134                setvbuf
 .text.__sprint_r.part.0
                0x004032c4       0x80 c:/program files (x86)/atmel/studio/7.0/toolchain/arm/arm-gnu-toolchain/bin/../lib/gcc/arm-none-eabi/6.3.1/../../../../arm-none-eabi/lib/thumb/v7e-m\libc.a(lib_a-vfiprintf.o)
 .text._vfiprintf_r
                0x00403344      0xc90 c:/program files (x86)/atmel/studio/7.0/toolchain/arm/arm-gnu-toolchain/bin/../lib/gcc/arm-none-eabi/6.3.1/../../../../arm-none-eabi/lib/thumb/v7e-m\libc.a(lib_a-vfiprintf.o)
                0x00403344                _vfiprintf_r
 .text.__sbprintf
                0x00403fd4       0x84 c:/program files (x86)/atmel/studio/7.0/toolchain/arm/arm-gnu-toolchain/bin/../lib/gcc/arm-none-eabi/6.3.1/../../../../arm-none-eabi/lib/thumb/v7e-m\libc.a(lib_a-vfiprintf.o)
 .text.__swsetup_r
                0x00404058       0xc8 c:/program files (x86)/atmel/studio/7.0/toolchain/arm/arm-gnu-toolchain/bin/../lib/gcc/arm-none-eabi/6.3.1/../../../../arm-none-eabi/lib/thumb/v7e-m\libc.a(lib_a-wsetup.o)
                0x00404058                __swsetup_r
 .text.startup.register_fini
                0x00404120       0x14 c:/program files (x86)/atmel/studio/7.0/toolchain/arm/arm-gnu-toolchain/bin/../lib/gcc/arm-none-eabi/6.3.1/../../../../arm-none-eabi/lib/thumb/v7e-m\libc.a(lib_a-__call_atexit.o)
 .text.atexit   0x00404134        0xc c:/program files (x86)/atmel/studio/7.0/toolchain/arm/arm-gnu-toolchain/bin/../lib/gcc/arm-none-eabi/6.3.1/../../../../arm-none-eabi/lib/thumb/v7e-m\libc.a(lib_a-atexit.o)
                0x00404134                atexit
 .text.__sflush_r
                0x00404140      0x140 c:/program files (x86)/atmel/studio/7.0/toolchain/arm/arm-gnu-toolchain/bin/../lib/gcc/arm-none-eabi/6.3.1/../../../../arm-none-eabi/lib/thumb/v7e-m\libc.a(lib_a-fflush.o)
                0x00404140                __sflush_r
 .text._fflush_r
                0x00404280       0x54 c:/program files (x86)/atmel/studio/7.0/toolchain/arm/arm-gnu-toolchain/bin/../lib/gcc/arm-none-eabi/6.3.1/../../../../arm-none-eabi/lib/thumb/v7e-m\libc.a(lib_a-fflush.o)
                0x00404280                _fflush_r
 .text._cleanup_r
                0x004042d4        0xc c:/program files (x86)/atmel/studio/7.0/toolchain/arm/arm-gnu-toolchain/bin/../lib/gcc/arm-none-eabi/6.3.1/../../../../arm-none-eabi/lib/thumb/v7e-m\libc.a(lib_a-findfp.o)
                0x004042d4                _cleanup_r
 .text.std.isra.0
                0x004042e0       0x50 c:/program files (x86)/atmel/studio/7.0/toolchain/arm/arm-gnu-toolchain/bin/../lib/gcc/arm-none-eabi/6.3.1/../../../../arm-none-eabi/lib/thumb/v7e-m\libc.a(lib_a-findfp.o)
 .text.__sinit  0x00404330       0x58 c:/program files (x86)/atmel/studio/7.0/toolchain/arm/arm-gnu-toolchain/bin/../lib/gcc/arm-none-eabi/6.3.1/../../../../arm-none-eabi/lib/thumb/v7e-m\libc.a(lib_a-findfp.o)
                0x00404330                __sinit
 .text.__sfp_lock_acquire
                0x00404388        0xc c:/program files (x86)/atmel/studio/7.0/toolchain/arm/arm-gnu-toolchain/bin/../lib/gcc/arm-none-eabi/6.3.1/../../../../arm-none-eabi/lib/thumb/v7e-m\libc.a(lib_a-findfp.o)
                0x00404388                __sfp_lock_acquire
 .text.__sfp_lock_release
                0x00404394        0xc c:/program files (x86)/atmel/studio/7.0/toolchain/arm/arm-gnu-toolchain/bin/../lib/gcc/arm-none-eabi/6.3.1/../../../../arm-none-eabi/lib/thumb/v7e-m\libc.a(lib_a-findfp.o)
                0x00404394                __sfp_lock_release
 .text.__libc_fini_array
                0x004043a0       0x34 c:/program files (x86)/atmel/studio/7.0/toolchain/arm/arm-gnu-toolchain/bin/../lib/gcc/arm-none-eabi/6.3.1/../../../../arm-none-eabi/lib/thumb/v7e-m\libc.a(lib_a-fini.o)
                0x004043a0                __libc_fini_array
 .text.__fputwc
                0x004043d4       0xa0 c:/program files (x86)/atmel/studio/7.0/toolchain/arm/arm-gnu-toolchain/bin/../lib/gcc/arm-none-eabi/6.3.1/../../../../arm-none-eabi/lib/thumb/v7e-m\libc.a(lib_a-fputwc.o)
                0x004043d4                __fputwc
 .text._fputwc_r
                0x00404474       0x68 c:/program files (x86)/atmel/studio/7.0/toolchain/arm/arm-gnu-toolchain/bin/../lib/gcc/arm-none-eabi/6.3.1/../../../../arm-none-eabi/lib/thumb/v7e-m\libc.a(lib_a-fputwc.o)
                0x00404474                _fputwc_r
 .text._malloc_trim_r
                0x004044dc       0xa0 c:/program files (x86)/atmel/studio/7.0/toolchain/arm/arm-gnu-toolchain/bin/../lib/gcc/arm-none-eabi/6.3.1/../../../../arm-none-eabi/lib/thumb/v7e-m\libc.a(lib_a-freer.o)
                0x004044dc                _malloc_trim_r
 .text._free_r  0x0040457c      0x1cc c:/program files (x86)/atmel/studio/7.0/toolchain/arm/arm-gnu-toolchain/bin/../lib/gcc/arm-none-eabi/6.3.1/../../../../arm-none-eabi/lib/thumb/v7e-m\libc.a(lib_a-freer.o)
                0x0040457c                _free_r
 .text.__sfvwrite_r
                0x00404748      0x2f0 c:/program files (x86)/atmel/studio/7.0/toolchain/arm/arm-gnu-toolchain/bin/../lib/gcc/arm-none-eabi/6.3.1/../../../../arm-none-eabi/lib/thumb/v7e-m\libc.a(lib_a-fvwrite.o)
                0x00404748                __sfvwrite_r
 .text._fwalk_reent
                0x00404a38       0x54 c:/program files (x86)/atmel/studio/7.0/toolchain/arm/arm-gnu-toolchain/bin/../lib/gcc/arm-none-eabi/6.3.1/../../../../arm-none-eabi/lib/thumb/v7e-m\libc.a(lib_a-fwalk.o)
                0x00404a38                _fwalk_reent
 .text.__locale_mb_cur_max
                0x00404a8c       0x1c c:/program files (x86)/atmel/studio/7.0/toolchain/arm/arm-gnu-toolchain/bin/../lib/gcc/arm-none-eabi/6.3.1/../../../../arm-none-eabi/lib/thumb/v7e-m\libc.a(lib_a-locale.o)
                0x00404a8c                __locale_mb_cur_max
 .text.__retarget_lock_init_recursive
                0x00404aa8        0x4 c:/program files (x86)/atmel/studio/7.0/toolchain/arm/arm-gnu-toolchain/bin/../lib/gcc/arm-none-eabi/6.3.1/../../../../arm-none-eabi/lib/thumb/v7e-m\libc.a(lib_a-lock.o)
                0x00404aa8                __retarget_lock_init_recursive
 .text.__retarget_lock_close_recursive
                0x00404aac        0x4 c:/program files (x86)/atmel/studio/7.0/toolchain/arm/arm-gnu-toolchain/bin/../lib/gcc/arm-none-eabi/6.3.1/../../../../arm-none-eabi/lib/thumb/v7e-m\libc.a(lib_a-lock.o)
                0x00404aac                __retarget_lock_close_recursive
 .text.__retarget_lock_acquire_recursive
                0x00404ab0        0x4 c:/program files (x86)/atmel/studio/7.0/toolchain/arm/arm-gnu-toolchain/bin/../lib/gcc/arm-none-eabi/6.3.1/../../../../arm-none-eabi/lib/thumb/v7e-m\libc.a(lib_a-lock.o)
                0x00404ab0                __retarget_lock_acquire_recursive
 .text.__retarget_lock_release_recursive
                0x00404ab4        0x4 c:/program files (x86)/atmel/studio/7.0/toolchain/arm/arm-gnu-toolchain/bin/../lib/gcc/arm-none-eabi/6.3.1/../../../../arm-none-eabi/lib/thumb/v7e-m\libc.a(lib_a-lock.o)
                0x00404ab4                __retarget_lock_release_recursive
 .text.__swhatbuf_r
                0x00404ab8       0x5c c:/program files (x86)/atmel/studio/7.0/toolchain/arm/arm-gnu-toolchain/bin/../lib/gcc/arm-none-eabi/6.3.1/../../../../arm-none-eabi/lib/thumb/v7e-m\libc.a(lib_a-makebuf.o)
                0x00404ab8                __swhatbuf_r
 .text.__smakebuf_r
                0x00404b14       0x94 c:/program files (x86)/atmel/studio/7.0/toolchain/arm/arm-gnu-toolchain/bin/../lib/gcc/arm-none-eabi/6.3.1/../../../../arm-none-eabi/lib/thumb/v7e-m\libc.a(lib_a-makebuf.o)
                0x00404b14                __smakebuf_r
 .text.malloc   0x00404ba8       0x10 c:/program files (x86)/atmel/studio/7.0/toolchain/arm/arm-gnu-toolchain/bin/../lib/gcc/arm-none-eabi/6.3.1/../../../../arm-none-eabi/lib/thumb/v7e-m\libc.a(lib_a-malloc.o)
                0x00404ba8                malloc
 .text._malloc_r
                0x00404bb8      0x560 c:/program files (x86)/atmel/studio/7.0/toolchain/arm/arm-gnu-toolchain/bin/../lib/gcc/arm-none-eabi/6.3.1/../../../../arm-none-eabi/lib/thumb/v7e-m\libc.a(lib_a-mallocr.o)
                0x00404bb8                _malloc_r
 .text.__ascii_mbtowc
                0x00405118       0x2c c:/program files (x86)/atmel/studio/7.0/toolchain/arm/arm-gnu-toolchain/bin/../lib/gcc/arm-none-eabi/6.3.1/../../../../arm-none-eabi/lib/thumb/v7e-m\libc.a(lib_a-mbtowc_r.o)
                0x00405118                __ascii_mbtowc
 *fill*         0x00405144        0xc 
 .text          0x00405150       0xa0 c:/program files (x86)/atmel/studio/7.0/toolchain/arm/arm-gnu-toolchain/bin/../lib/gcc/arm-none-eabi/6.3.1/../../../../arm-none-eabi/lib/thumb/v7e-m\libc.a(lib_a-memchr.o)
                0x00405150                memchr
 .text          0x004051f0      0x134 c:/program files (x86)/atmel/studio/7.0/toolchain/arm/arm-gnu-toolchain/bin/../lib/gcc/arm-none-eabi/6.3.1/../../../../arm-none-eabi/lib/thumb/v7e-m\libc.a(lib_a-memcpy.o)
                0x004051f0                memcpy
 .text.memmove  0x00405324       0xc8 c:/program files (x86)/atmel/studio/7.0/toolchain/arm/arm-gnu-toolchain/bin/../lib/gcc/arm-none-eabi/6.3.1/../../../../arm-none-eabi/lib/thumb/v7e-m\libc.a(lib_a-memmove.o)
                0x00405324                memmove
 .text.__malloc_lock
                0x004053ec        0xc c:/program files (x86)/atmel/studio/7.0/toolchain/arm/arm-gnu-toolchain/bin/../lib/gcc/arm-none-eabi/6.3.1/../../../../arm-none-eabi/lib/thumb/v7e-m\libc.a(lib_a-mlock.o)
                0x004053ec                __malloc_lock
 .text.__malloc_unlock
                0x004053f8        0xc c:/program files (x86)/atmel/studio/7.0/toolchain/arm/arm-gnu-toolchain/bin/../lib/gcc/arm-none-eabi/6.3.1/../../../../arm-none-eabi/lib/thumb/v7e-m\libc.a(lib_a-mlock.o)
                0x004053f8                __malloc_unlock
 .text._realloc_r
                0x00405404      0x34c c:/program files (x86)/atmel/studio/7.0/toolchain/arm/arm-gnu-toolchain/bin/../lib/gcc/arm-none-eabi/6.3.1/../../../../arm-none-eabi/lib/thumb/v7e-m\libc.a(lib_a-reallocr.o)
                0x00405404                _realloc_r
 .text._sbrk_r  0x00405750       0x24 c:/program files (x86)/atmel/studio/7.0/toolchain/arm/arm-gnu-toolchain/bin/../lib/gcc/arm-none-eabi/6.3.1/../../../../arm-none-eabi/lib/thumb/v7e-m\libc.a(lib_a-sbrkr.o)
                0x00405750                _sbrk_r
 .text.__sread  0x00405774       0x24 c:/program files (x86)/atmel/studio/7.0/toolchain/arm/arm-gnu-toolchain/bin/../lib/gcc/arm-none-eabi/6.3.1/../../../../arm-none-eabi/lib/thumb/v7e-m\libc.a(lib_a-stdio.o)
                0x00405774                __sread
 .text.__swrite
                0x00405798       0x3c c:/program files (x86)/atmel/studio/7.0/toolchain/arm/arm-gnu-toolchain/bin/../lib/gcc/arm-none-eabi/6.3.1/../../../../arm-none-eabi/lib/thumb/v7e-m\libc.a(lib_a-stdio.o)
                0x00405798                __swrite
 .text.__sseek  0x004057d4       0x20 c:/program files (x86)/atmel/studio/7.0/toolchain/arm/arm-gnu-toolchain/bin/../lib/gcc/arm-none-eabi/6.3.1/../../../../arm-none-eabi/lib/thumb/v7e-m\libc.a(lib_a-stdio.o)
                0x004057d4                __sseek
 .text.__sclose
                0x004057f4        0x8 c:/program files (x86)/atmel/studio/7.0/toolchain/arm/arm-gnu-toolchain/bin/../lib/gcc/arm-none-eabi/6.3.1/../../../../arm-none-eabi/lib/thumb/v7e-m\libc.a(lib_a-stdio.o)
                0x004057f4                __sclose
 *fill*         0x004057fc        0x4 
 .text          0x00405800       0xdc c:/program files (x86)/atmel/studio/7.0/toolchain/arm/arm-gnu-toolchain/bin/../lib/gcc/arm-none-eabi/6.3.1/../../../../arm-none-eabi/lib/thumb/v7e-m\libc.a(lib_a-strlen.o)
                0x00405800                strlen
 .text.__swbuf_r
                0x004058dc       0xb0 c:/program files (x86)/atmel/studio/7.0/toolchain/arm/arm-gnu-toolchain/bin/../lib/gcc/arm-none-eabi/6.3.1/../../../../arm-none-eabi/lib/thumb/v7e-m\libc.a(lib_a-wbuf.o)
                0x004058dc                __swbuf_r
 .text._wcrtomb_r
                0x0040598c       0x54 c:/program files (x86)/atmel/studio/7.0/toolchain/arm/arm-gnu-toolchain/bin/../lib/gcc/arm-none-eabi/6.3.1/../../../../arm-none-eabi/lib/thumb/v7e-m\libc.a(lib_a-wcrtomb.o)
                0x0040598c                _wcrtomb_r
 .text.__ascii_wctomb
                0x004059e0       0x1c c:/program files (x86)/atmel/studio/7.0/toolchain/arm/arm-gnu-toolchain/bin/../lib/gcc/arm-none-eabi/6.3.1/../../../../arm-none-eabi/lib/thumb/v7e-m\libc.a(lib_a-wctomb_r.o)
                0x004059e0                __ascii_wctomb
 .text._write_r
                0x004059fc       0x2c c:/program files (x86)/atmel/studio/7.0/toolchain/arm/arm-gnu-toolchain/bin/../lib/gcc/arm-none-eabi/6.3.1/../../../../arm-none-eabi/lib/thumb/v7e-m\libc.a(lib_a-writer.o)
                0x004059fc                _write_r
 .text.__register_exitproc
                0x00405a28       0xc4 c:/program files (x86)/atmel/studio/7.0/toolchain/arm/arm-gnu-toolchain/bin/../lib/gcc/arm-none-eabi/6.3.1/../../../../arm-none-eabi/lib/thumb/v7e-m\libc.a(lib_a-__atexit.o)
                0x00405a28                __register_exitproc
 .text._close_r
                0x00405aec       0x24 c:/program files (x86)/atmel/studio/7.0/toolchain/arm/arm-gnu-toolchain/bin/../lib/gcc/arm-none-eabi/6.3.1/../../../../arm-none-eabi/lib/thumb/v7e-m\libc.a(lib_a-closer.o)
                0x00405aec                _close_r
 .text._fclose_r
                0x00405b10       0xc4 c:/program files (x86)/atmel/studio/7.0/toolchain/arm/arm-gnu-toolchain/bin/../lib/gcc/arm-none-eabi/6.3.1/../../../../arm-none-eabi/lib/thumb/v7e-m\libc.a(lib_a-fclose.o)
                0x00405b10                _fclose_r
 .text._fstat_r
                0x00405bd4       0x28 c:/program files (x86)/atmel/studio/7.0/toolchain/arm/arm-gnu-toolchain/bin/../lib/gcc/arm-none-eabi/6.3.1/../../../../arm-none-eabi/lib/thumb/v7e-m\libc.a(lib_a-fstatr.o)
                0x00405bd4                _fstat_r
 .text._isatty_r
                0x00405bfc       0x24 c:/program files (x86)/atmel/studio/7.0/toolchain/arm/arm-gnu-toolchain/bin/../lib/gcc/arm-none-eabi/6.3.1/../../../../arm-none-eabi/lib/thumb/v7e-m\libc.a(lib_a-isattyr.o)
                0x00405bfc                _isatty_r
 .text._lseek_r
                0x00405c20       0x2c c:/program files (x86)/atmel/studio/7.0/toolchain/arm/arm-gnu-toolchain/bin/../lib/gcc/arm-none-eabi/6.3.1/../../../../arm-none-eabi/lib/thumb/v7e-m\libc.a(lib_a-lseekr.o)
                0x00405c20                _lseek_r
 .text._read_r  0x00405c4c       0x2c c:/program files (x86)/atmel/studio/7.0/toolchain/arm/arm-gnu-toolchain/bin/../lib/gcc/arm-none-eabi/6.3.1/../../../../arm-none-eabi/lib/thumb/v7e-m\libc.a(lib_a-readr.o)
                0x00405c4c                _read_r
 .text          0x00405c78       0x30 c:/program files (x86)/atmel/studio/7.0/toolchain/arm/arm-gnu-toolchain/bin/../lib/gcc/arm-none-eabi/6.3.1/thumb/v7e-m\libgcc.a(_aeabi_uldivmod.o)
                0x00405c78                __aeabi_uldivmod
 .text          0x00405ca8      0x2dc c:/program files (x86)/atmel/studio/7.0/toolchain/arm/arm-gnu-toolchain/bin/../lib/gcc/arm-none-eabi/6.3.1/thumb/v7e-m\libgcc.a(_udivmoddi4.o)
                0x00405ca8                __udivmoddi4
 .text          0x00405f84        0x4 c:/program files (x86)/atmel/studio/7.0/toolchain/arm/arm-gnu-toolchain/bin/../lib/gcc/arm-none-eabi/6.3.1/thumb/v7e-m\libgcc.a(_dvmd_tls.o)
                0x00405f84                __aeabi_idiv0
                0x00405f84                __aeabi_ldiv0
 *(.glue_7t)
 .glue_7t       0x00405f88        0x0 linker stubs
 *(.glue_7)
 .glue_7        0x00405f88        0x0 linker stubs
 *(.rodata .rodata* .gnu.linkonce.r.*)
 .rodata.main.str1.4
                0x00405f88        0x2 src/main.o
 *fill*         0x00405f8a        0x2 
 .rodata.print_float.str1.4
                0x00405f8c        0x8 src/main.o
 .rodata.show_beam_parameters.str1.4
                0x00405f94      0x1c6 src/main.o
 *fill*         0x0040615a        0x2 
 .rodata.pow.str1.4
                0x0040615c        0x4 c:/program files (x86)/atmel/studio/7.0/toolchain/arm/arm-gnu-toolchain/bin/../lib/gcc/arm-none-eabi/6.3.1/../../../../arm-none-eabi/lib/thumb/v7e-m\libm.a(lib_a-w_pow.o)
 .rodata.__ieee754_pow.str1.4
                0x00406160        0x4 c:/program files (x86)/atmel/studio/7.0/toolchain/arm/arm-gnu-toolchain/bin/../lib/gcc/arm-none-eabi/6.3.1/../../../../arm-none-eabi/lib/thumb/v7e-m\libm.a(lib_a-e_pow.o)
                                  0x1 (size before relaxing)
 .rodata.TWO52  0x00406160       0x10 c:/program files (x86)/atmel/studio/7.0/toolchain/arm/arm-gnu-toolchain/bin/../lib/gcc/arm-none-eabi/6.3.1/../../../../arm-none-eabi/lib/thumb/v7e-m\libm.a(lib_a-s_rint.o)
 .rodata._global_impure_ptr
                0x00406170        0x4 c:/program files (x86)/atmel/studio/7.0/toolchain/arm/arm-gnu-toolchain/bin/../lib/gcc/arm-none-eabi/6.3.1/../../../../arm-none-eabi/lib/thumb/v7e-m\libc.a(lib_a-impure.o)
                0x00406170                _global_impure_ptr
 .rodata._vfiprintf_r.str1.4
                0x00406174       0x2f c:/program files (x86)/atmel/studio/7.0/toolchain/arm/arm-gnu-toolchain/bin/../lib/gcc/arm-none-eabi/6.3.1/../../../../arm-none-eabi/lib/thumb/v7e-m\libc.a(lib_a-vfiprintf.o)
 *fill*         0x004061a3        0x1 
 .rodata.blanks.7217
                0x004061a4       0x10 c:/program files (x86)/atmel/studio/7.0/toolchain/arm/arm-gnu-toolchain/bin/../lib/gcc/arm-none-eabi/6.3.1/../../../../arm-none-eabi/lib/thumb/v7e-m\libc.a(lib_a-vfiprintf.o)
 .rodata.zeroes.7218
                0x004061b4       0x10 c:/program files (x86)/atmel/studio/7.0/toolchain/arm/arm-gnu-toolchain/bin/../lib/gcc/arm-none-eabi/6.3.1/../../../../arm-none-eabi/lib/thumb/v7e-m\libc.a(lib_a-vfiprintf.o)
 .rodata._setlocale_r.str1.4
                0x004061c4        0xc c:/program files (x86)/atmel/studio/7.0/toolchain/arm/arm-gnu-toolchain/bin/../lib/gcc/arm-none-eabi/6.3.1/../../../../arm-none-eabi/lib/thumb/v7e-m\libc.a(lib_a-locale.o)
                                  0xd (size before relaxing)
 .rodata.str1.4
                0x004061d0        0x2 c:/program files (x86)/atmel/studio/7.0/toolchain/arm/arm-gnu-toolchain/bin/../lib/gcc/arm-none-eabi/6.3.1/../../../../arm-none-eabi/lib/thumb/v7e-m\libc.a(lib_a-locale.o)
 .rodata._ctype_
                0x004061d0      0x101 c:/program files (x86)/atmel/studio/7.0/toolchain/arm/arm-gnu-toolchain/bin/../lib/gcc/arm-none-eabi/6.3.1/../../../../arm-none-eabi/lib/thumb/v7e-m\libc.a(lib_a-ctype_.o)
                0x004061d0                _ctype_
 *(.ARM.extab* .gnu.linkonce.armextab.*)
                0x004062d4                . = ALIGN (0x4)
 *fill*         0x004062d1        0x3 
 *(.init)
 .init          0x004062d4        0x4 c:/program files (x86)/atmel/studio/7.0/toolchain/arm/arm-gnu-toolchain/bin/../lib/gcc/arm-none-eabi/6.3.1/thumb/v7e-m/crti.o
                0x004062d4                _init
 .init          0x004062d8        0x8 c:/program files (x86)/atmel/studio/7.0/toolchain/arm/arm-gnu-toolchain/bin/../lib/gcc/arm-none-eabi/6.3.1/thumb/v7e-m/crtn.o
                0x004062e0                . = ALIGN (0x4)
                0x004062e0                __preinit_array_start = .
 *(.preinit_array)
                0x004062e0                __preinit_array_end = .
                0x004062e0                . = ALIGN (0x4)
                0x004062e0                __init_array_start = .
 *(SORT(.init_array.*))
 .init_array.00000
                0x004062e0        0x4 c:/program files (x86)/atmel/studio/7.0/toolchain/arm/arm-gnu-toolchain/bin/../lib/gcc/arm-none-eabi/6.3.1/../../../../arm-none-eabi/lib/thumb/v7e-m\libc.a(lib_a-__call_atexit.o)
 *(.init_array)
 .init_array    0x004062e4        0x4 c:/program files (x86)/atmel/studio/7.0/toolchain/arm/arm-gnu-toolchain/bin/../lib/gcc/arm-none-eabi/6.3.1/thumb/v7e-m/crtbegin.o
                0x004062e8                __init_array_end = .
                0x004062e8                . = ALIGN (0x4)
 *crtbegin.o(.ctors)
 *(EXCLUDE_FILE(*crtend.o) .ctors)
 *(SORT(.ctors.*))
 *crtend.o(.ctors)
                0x004062e8                . = ALIGN (0x4)
 *(.fini)
 .fini          0x004062e8        0x4 c:/program files (x86)/atmel/studio/7.0/toolchain/arm/arm-gnu-toolchain/bin/../lib/gcc/arm-none-eabi/6.3.1/thumb/v7e-m/crti.o
                0x004062e8                _fini
 .fini          0x004062ec        0x8 c:/program files (x86)/atmel/studio/7.0/toolchain/arm/arm-gnu-toolchain/bin/../lib/gcc/arm-none-eabi/6.3.1/thumb/v7e-m/crtn.o
                0x004062f4                . = ALIGN (0x4)
                0x004062f4                __fini_array_start = .
 *(.fini_array)
 .fini_array    0x004062f4        0x4 c:/program files (x86)/atmel/studio/7.0/toolchain/arm/arm-gnu-toolchain/bin/../lib/gcc/arm-none-eabi/6.3.1/thumb/v7e-m/crtbegin.o
 *(SORT(.fini_array.*))
                0x004062f8                __fini_array_end = .
 *crtbegin.o(.dtors)
 *(EXCLUDE_FILE(*crtend.o) .dtors)
 *(SORT(.dtors.*))
 *crtend.o(.dtors)
                0x004062f8                . = ALIGN (0x4)
                0x004062f8                _efixed = .
                [!provide]                PROVIDE (__exidx_start, .)

.vfp11_veneer   0x004062f8        0x0
 .vfp11_veneer  0x004062f8        0x0 linker stubs

.v4_bx          0x004062f8        0x0
 .v4_bx         0x004062f8        0x0 linker stubs

.iplt           0x004062f8        0x0
 .iplt          0x004062f8        0x0 c:/program files (x86)/atmel/studio/7.0/toolchain/arm/arm-gnu-toolchain/bin/../lib/gcc/arm-none-eabi/6.3.1/thumb/v7e-m/crtbegin.o

.ARM.exidx      0x004062f8        0x8
 *(.ARM.exidx* .gnu.linkonce.armexidx.*)
 .ARM.exidx     0x004062f8        0x8 c:/program files (x86)/atmel/studio/7.0/toolchain/arm/arm-gnu-toolchain/bin/../lib/gcc/arm-none-eabi/6.3.1/thumb/v7e-m\libgcc.a(_udivmoddi4.o)
                [!provide]                PROVIDE (__exidx_end, .)

.eh_frame       0x00406300        0x0
 .eh_frame      0x00406300        0x0 c:/program files (x86)/atmel/studio/7.0/toolchain/arm/arm-gnu-toolchain/bin/../lib/gcc/arm-none-eabi/6.3.1/thumb/v7e-m/crtbegin.o

.rel.dyn        0x00406300        0x0
 .rel.iplt      0x00406300        0x0 c:/program files (x86)/atmel/studio/7.0/toolchain/arm/arm-gnu-toolchain/bin/../lib/gcc/arm-none-eabi/6.3.1/thumb/v7e-m/crtbegin.o

.jcr            0x00406300        0x0
 .jcr           0x00406300        0x0 c:/program files (x86)/atmel/studio/7.0/toolchain/arm/arm-gnu-toolchain/bin/../lib/gcc/arm-none-eabi/6.3.1/thumb/v7e-m/crtbegin.o

.igot.plt       0x00406300        0x0
 .igot.plt      0x00406300        0x0 c:/program files (x86)/atmel/studio/7.0/toolchain/arm/arm-gnu-toolchain/bin/../lib/gcc/arm-none-eabi/6.3.1/thumb/v7e-m/crtbegin.o
                0x00406300                . = ALIGN (0x4)
                0x00406300                _etext = .

.relocate       0x20000000      0x9b8 load address 0x00406300
                0x20000000                . = ALIGN (0x4)
                0x20000000                _srelocate = .
 *(.ramfunc .ramfunc.*)
 *(.data .data.*)
 .data.g_interrupt_enabled
                0x20000000        0x1 src/ASF/common/utils/interrupt/interrupt_sam_nvic.o
                0x20000000                g_interrupt_enabled
 *fill*         0x20000001        0x3 
 .data.SystemCoreClock
                0x20000004        0x4 src/ASF/sam/utils/cmsis/sam4e/source/templates/system_sam4e.o
                0x20000004                SystemCoreClock
 .data.half_cycle_length
                0x20000008        0x2 src/main.o
                0x20000008                half_cycle_length
 .data.__fdlib_version
                0x2000000a        0x1 c:/program files (x86)/atmel/studio/7.0/toolchain/arm/arm-gnu-toolchain/bin/../lib/gcc/arm-none-eabi/6.3.1/../../../../arm-none-eabi/lib/thumb/v7e-m\libm.a(lib_a-s_lib_ver.o)
                0x2000000a                __fdlib_version
 *fill*         0x2000000b        0x1 
 .data._impure_ptr
                0x2000000c        0x4 c:/program files (x86)/atmel/studio/7.0/toolchain/arm/arm-gnu-toolchain/bin/../lib/gcc/arm-none-eabi/6.3.1/../../../../arm-none-eabi/lib/thumb/v7e-m\libc.a(lib_a-impure.o)
                0x2000000c                _impure_ptr
 .data.impure_data
                0x20000010      0x428 c:/program files (x86)/atmel/studio/7.0/toolchain/arm/arm-gnu-toolchain/bin/../lib/gcc/arm-none-eabi/6.3.1/../../../../arm-none-eabi/lib/thumb/v7e-m\libc.a(lib_a-impure.o)
 .data.__atexit_recursive_mutex
                0x20000438        0x4 c:/program files (x86)/atmel/studio/7.0/toolchain/arm/arm-gnu-toolchain/bin/../lib/gcc/arm-none-eabi/6.3.1/../../../../arm-none-eabi/lib/thumb/v7e-m\libc.a(lib_a-__call_atexit.o)
                0x20000438                __atexit_recursive_mutex
 .data.__global_locale
                0x2000043c      0x16c c:/program files (x86)/atmel/studio/7.0/toolchain/arm/arm-gnu-toolchain/bin/../lib/gcc/arm-none-eabi/6.3.1/../../../../arm-none-eabi/lib/thumb/v7e-m\libc.a(lib_a-locale.o)
                0x2000043c                __global_locale
 .data.__malloc_av_
                0x200005a8      0x408 c:/program files (x86)/atmel/studio/7.0/toolchain/arm/arm-gnu-toolchain/bin/../lib/gcc/arm-none-eabi/6.3.1/../../../../arm-none-eabi/lib/thumb/v7e-m\libc.a(lib_a-mallocr.o)
                0x200005a8                __malloc_av_
 .data.__malloc_sbrk_base
                0x200009b0        0x4 c:/program files (x86)/atmel/studio/7.0/toolchain/arm/arm-gnu-toolchain/bin/../lib/gcc/arm-none-eabi/6.3.1/../../../../arm-none-eabi/lib/thumb/v7e-m\libc.a(lib_a-mallocr.o)
                0x200009b0                __malloc_sbrk_base
 .data.__malloc_trim_threshold
                0x200009b4        0x4 c:/program files (x86)/atmel/studio/7.0/toolchain/arm/arm-gnu-toolchain/bin/../lib/gcc/arm-none-eabi/6.3.1/../../../../arm-none-eabi/lib/thumb/v7e-m\libc.a(lib_a-mallocr.o)
                0x200009b4                __malloc_trim_threshold
                0x200009b8                . = ALIGN (0x4)
                0x200009b8                _erelocate = .

.bss            0x200009b8     0x8444 load address 0x00406cb8
                0x200009b8                . = ALIGN (0x4)
                0x200009b8                _sbss = .
                0x200009b8                _szero = .
 *(.bss .bss.*)
 .bss           0x200009b8       0x1c c:/program files (x86)/atmel/studio/7.0/toolchain/arm/arm-gnu-toolchain/bin/../lib/gcc/arm-none-eabi/6.3.1/thumb/v7e-m/crtbegin.o
 .bss.heap.6420
                0x200009d4        0x4 src/ASF/sam/utils/syscalls/gcc/syscalls.o
 .bss.serial_rx_buf
                0x200009d8       0x9c src/ASF/thirdparty/wireless/addons/sio2host/uart/sio2host.o
 .bss.serial_rx_buf_tail
                0x20000a74        0x1 src/ASF/thirdparty/wireless/addons/sio2host/uart/sio2host.o
 *fill*         0x20000a75        0x3 
 .bss.beam_intensity
                0x20000a78        0x4 src/main.o
                0x20000a78                beam_intensity
 .bss.bufferIndex
                0x20000a7c        0x2 src/main.o
                0x20000a7c                bufferIndex
 *fill*         0x20000a7e        0x2 
 .bss.peaks_localization
                0x20000a80        0xc src/main.o
                0x20000a80                peaks_localization
 .bss.skewness  0x20000a8c        0x8 src/main.o
                0x20000a8c                skewness
 .bss.__malloc_current_mallinfo
                0x20000a94       0x28 c:/program files (x86)/atmel/studio/7.0/toolchain/arm/arm-gnu-toolchain/bin/../lib/gcc/arm-none-eabi/6.3.1/../../../../arm-none-eabi/lib/thumb/v7e-m\libc.a(lib_a-mallocr.o)
                0x20000a94                __malloc_current_mallinfo
 .bss.__malloc_max_sbrked_mem
                0x20000abc        0x4 c:/program files (x86)/atmel/studio/7.0/toolchain/arm/arm-gnu-toolchain/bin/../lib/gcc/arm-none-eabi/6.3.1/../../../../arm-none-eabi/lib/thumb/v7e-m\libc.a(lib_a-mallocr.o)
                0x20000abc                __malloc_max_sbrked_mem
 .bss.__malloc_max_total_mem
                0x20000ac0        0x4 c:/program files (x86)/atmel/studio/7.0/toolchain/arm/arm-gnu-toolchain/bin/../lib/gcc/arm-none-eabi/6.3.1/../../../../arm-none-eabi/lib/thumb/v7e-m\libc.a(lib_a-mallocr.o)
                0x20000ac0                __malloc_max_total_mem
 .bss.__malloc_top_pad
                0x20000ac4        0x4 c:/program files (x86)/atmel/studio/7.0/toolchain/arm/arm-gnu-toolchain/bin/../lib/gcc/arm-none-eabi/6.3.1/../../../../arm-none-eabi/lib/thumb/v7e-m\libc.a(lib_a-mallocr.o)
                0x20000ac4                __malloc_top_pad
 *(COMMON)
 COMMON         0x20000ac8        0x6 src/ASF/common/services/sleepmgr/sam/sleepmgr.o
                0x20000ac8                sleepmgr_locks
 *fill*         0x20000ace        0x2 
 COMMON         0x20000ad0        0x4 src/ASF/common/utils/stdio/read.o
                0x20000ad0                ptr_get
 COMMON         0x20000ad4        0x8 src/ASF/common/utils/stdio/write.o
                0x20000ad4                ptr_put
                0x20000ad8                stdio_base
 COMMON         0x20000adc       0xb8 src/ASF/sam/drivers/afec/afec.o
                0x20000adc                afec_callback_pointer
 COMMON         0x20000b94     0x8240 src/main.o
                0x20000b94                g_afec1_sample_data
                0x20000b98                buffer
                0x20008dd0                g_afec0_sample_data
 COMMON         0x20008dd4       0x21 c:/program files (x86)/atmel/studio/7.0/toolchain/arm/arm-gnu-toolchain/bin/../lib/gcc/arm-none-eabi/6.3.1/../../../../arm-none-eabi/lib/thumb/v7e-m\libc.a(lib_a-lock.o)
                0x20008dd4                __lock___atexit_recursive_mutex
                0x20008dd8                __lock___arc4random_mutex
                0x20008ddc                __lock___env_recursive_mutex
                0x20008de0                __lock___sinit_recursive_mutex
                0x20008de4                __lock___malloc_recursive_mutex
                0x20008de8                __lock___at_quick_exit_mutex
                0x20008dec                __lock___dd_hash_mutex
                0x20008df0                __lock___tz_mutex
                0x20008df4                __lock___sfp_recursive_mutex
 *fill*         0x20008df5        0x3 
 COMMON         0x20008df8        0x4 c:/program files (x86)/atmel/studio/7.0/toolchain/arm/arm-gnu-toolchain/bin/../lib/gcc/arm-none-eabi/6.3.1/../../../../arm-none-eabi/lib/thumb/v7e-m\libc.a(lib_a-reent.o)
                0x20008df8                errno
                0x20008dfc                . = ALIGN (0x4)
                0x20008dfc                _ebss = .
                0x20008dfc                _ezero = .

.stack          0x20008dfc     0x3004 load address 0x0040f0fc
                0x20008e00                . = ALIGN (0x8)
 *fill*         0x20008dfc        0x4 
                0x20008e00                _sstack = .
                0x2000be00                . = (. + __stack_size__)
 *fill*         0x20008e00     0x3000 
                0x2000be00                . = ALIGN (0x8)
                0x2000be00                _estack = .
                0x2000be00                . = ALIGN (0x4)
                0x2000be00                _end = .
OUTPUT(BPM_Digitizer_Analyser.elf elf32-littlearm)

.ARM.attributes
                0x00000000       0x2e
 .ARM.attributes
                0x00000000       0x1e c:/program files (x86)/atmel/studio/7.0/toolchain/arm/arm-gnu-toolchain/bin/../lib/gcc/arm-none-eabi/6.3.1/thumb/v7e-m/crti.o
 .ARM.attributes
                0x0000001e       0x2e c:/program files (x86)/atmel/studio/7.0/toolchain/arm/arm-gnu-toolchain/bin/../lib/gcc/arm-none-eabi/6.3.1/thumb/v7e-m/crtbegin.o
 .ARM.attributes
                0x0000004c       0x37 src/ASF/common/services/clock/sam4e/sysclk.o
 .ARM.attributes
                0x00000083       0x37 src/ASF/common/services/serial/usart_serial.o
 .ARM.attributes
                0x000000ba       0x37 src/ASF/common/services/sleepmgr/sam/sleepmgr.o
 .ARM.attributes
                0x000000f1       0x37 src/ASF/common/utils/interrupt/interrupt_sam_nvic.o
 .ARM.attributes
                0x00000128       0x37 src/ASF/common/utils/stdio/read.o
 .ARM.attributes
                0x0000015f       0x37 src/ASF/common/utils/stdio/write.o
 .ARM.attributes
                0x00000196       0x37 src/ASF/sam/boards/sam4e_xplained_pro/init.o
 .ARM.attributes
                0x000001cd       0x37 src/ASF/sam/drivers/afec/afec.o
 .ARM.attributes
                0x00000204       0x37 src/ASF/sam/drivers/pmc/pmc.o
 .ARM.attributes
                0x0000023b       0x37 src/ASF/sam/drivers/tc/tc.o
 .ARM.attributes
                0x00000272       0x37 src/ASF/sam/drivers/uart/uart.o
 .ARM.attributes
                0x000002a9       0x37 src/ASF/sam/drivers/usart/usart.o
 .ARM.attributes
                0x000002e0       0x37 src/ASF/sam/utils/cmsis/sam4e/source/templates/exceptions.o
 .ARM.attributes
                0x00000317       0x37 src/ASF/sam/utils/cmsis/sam4e/source/templates/gcc/startup_sam4e.o
 .ARM.attributes
                0x0000034e       0x37 src/ASF/sam/utils/cmsis/sam4e/source/templates/system_sam4e.o
 .ARM.attributes
                0x00000385       0x37 src/ASF/sam/utils/syscalls/gcc/syscalls.o
 .ARM.attributes
                0x000003bc       0x37 src/ASF/thirdparty/wireless/addons/sio2host/uart/sio2host.o
 .ARM.attributes
                0x000003f3       0x37 src/main.o
 .ARM.attributes
                0x0000042a       0x2e c:/program files (x86)/atmel/studio/7.0/toolchain/arm/arm-gnu-toolchain/bin/../lib/gcc/arm-none-eabi/6.3.1/../../../../arm-none-eabi/lib/thumb/v7e-m\libm.a(lib_a-w_pow.o)
 .ARM.attributes
                0x00000458       0x2e c:/program files (x86)/atmel/studio/7.0/toolchain/arm/arm-gnu-toolchain/bin/../lib/gcc/arm-none-eabi/6.3.1/../../../../arm-none-eabi/lib/thumb/v7e-m\libm.a(lib_a-e_pow.o)
 .ARM.attributes
                0x00000486       0x2e c:/program files (x86)/atmel/studio/7.0/toolchain/arm/arm-gnu-toolchain/bin/../lib/gcc/arm-none-eabi/6.3.1/../../../../arm-none-eabi/lib/thumb/v7e-m\libm.a(lib_a-e_sqrt.o)
 .ARM.attributes
                0x000004b4       0x2e c:/program files (x86)/atmel/studio/7.0/toolchain/arm/arm-gnu-toolchain/bin/../lib/gcc/arm-none-eabi/6.3.1/../../../../arm-none-eabi/lib/thumb/v7e-m\libm.a(lib_a-s_fabs.o)
 .ARM.attributes
                0x000004e2       0x2e c:/program files (x86)/atmel/studio/7.0/toolchain/arm/arm-gnu-toolchain/bin/../lib/gcc/arm-none-eabi/6.3.1/../../../../arm-none-eabi/lib/thumb/v7e-m\libm.a(lib_a-s_finite.o)
 .ARM.attributes
                0x00000510       0x2e c:/program files (x86)/atmel/studio/7.0/toolchain/arm/arm-gnu-toolchain/bin/../lib/gcc/arm-none-eabi/6.3.1/../../../../arm-none-eabi/lib/thumb/v7e-m\libm.a(lib_a-s_lib_ver.o)
 .ARM.attributes
                0x0000053e       0x2e c:/program files (x86)/atmel/studio/7.0/toolchain/arm/arm-gnu-toolchain/bin/../lib/gcc/arm-none-eabi/6.3.1/../../../../arm-none-eabi/lib/thumb/v7e-m\libm.a(lib_a-s_matherr.o)
 .ARM.attributes
                0x0000056c       0x2e c:/program files (x86)/atmel/studio/7.0/toolchain/arm/arm-gnu-toolchain/bin/../lib/gcc/arm-none-eabi/6.3.1/../../../../arm-none-eabi/lib/thumb/v7e-m\libm.a(lib_a-s_nan.o)
 .ARM.attributes
                0x0000059a       0x2e c:/program files (x86)/atmel/studio/7.0/toolchain/arm/arm-gnu-toolchain/bin/../lib/gcc/arm-none-eabi/6.3.1/../../../../arm-none-eabi/lib/thumb/v7e-m\libm.a(lib_a-s_rint.o)
 .ARM.attributes
                0x000005c8       0x2e c:/program files (x86)/atmel/studio/7.0/toolchain/arm/arm-gnu-toolchain/bin/../lib/gcc/arm-none-eabi/6.3.1/../../../../arm-none-eabi/lib/thumb/v7e-m\libm.a(lib_a-s_scalbn.o)
 .ARM.attributes
                0x000005f6       0x2e c:/program files (x86)/atmel/studio/7.0/toolchain/arm/arm-gnu-toolchain/bin/../lib/gcc/arm-none-eabi/6.3.1/../../../../arm-none-eabi/lib/thumb/v7e-m\libm.a(lib_a-s_copysign.o)
 .ARM.attributes
                0x00000624       0x1e c:/program files (x86)/atmel/studio/7.0/toolchain/arm/arm-gnu-toolchain/bin/../lib/gcc/arm-none-eabi/6.3.1/thumb/v7e-m\libgcc.a(_arm_addsubdf3.o)
 .ARM.attributes
                0x00000642       0x1e c:/program files (x86)/atmel/studio/7.0/toolchain/arm/arm-gnu-toolchain/bin/../lib/gcc/arm-none-eabi/6.3.1/thumb/v7e-m\libgcc.a(_arm_muldivdf3.o)
 .ARM.attributes
                0x00000660       0x1e c:/program files (x86)/atmel/studio/7.0/toolchain/arm/arm-gnu-toolchain/bin/../lib/gcc/arm-none-eabi/6.3.1/thumb/v7e-m\libgcc.a(_arm_cmpdf2.o)
 .ARM.attributes
                0x0000067e       0x1e c:/program files (x86)/atmel/studio/7.0/toolchain/arm/arm-gnu-toolchain/bin/../lib/gcc/arm-none-eabi/6.3.1/thumb/v7e-m\libgcc.a(_arm_unorddf2.o)
 .ARM.attributes
                0x0000069c       0x1e c:/program files (x86)/atmel/studio/7.0/toolchain/arm/arm-gnu-toolchain/bin/../lib/gcc/arm-none-eabi/6.3.1/thumb/v7e-m\libgcc.a(_arm_truncdfsf2.o)
 .ARM.attributes
                0x000006ba       0x2e c:/program files (x86)/atmel/studio/7.0/toolchain/arm/arm-gnu-toolchain/bin/../lib/gcc/arm-none-eabi/6.3.1/../../../../arm-none-eabi/lib/thumb/v7e-m\libc.a(lib_a-errno.o)
 .ARM.attributes
                0x000006e8       0x2e c:/program files (x86)/atmel/studio/7.0/toolchain/arm/arm-gnu-toolchain/bin/../lib/gcc/arm-none-eabi/6.3.1/../../../../arm-none-eabi/lib/thumb/v7e-m\libc.a(lib_a-impure.o)
 .ARM.attributes
                0x00000716       0x2e c:/program files (x86)/atmel/studio/7.0/toolchain/arm/arm-gnu-toolchain/bin/../lib/gcc/arm-none-eabi/6.3.1/../../../../arm-none-eabi/lib/thumb/v7e-m\libc.a(lib_a-init.o)
 .ARM.attributes
                0x00000744       0x2e c:/program files (x86)/atmel/studio/7.0/toolchain/arm/arm-gnu-toolchain/bin/../lib/gcc/arm-none-eabi/6.3.1/../../../../arm-none-eabi/lib/thumb/v7e-m\libc.a(lib_a-iprintf.o)
 .ARM.attributes
                0x00000772       0x2e c:/program files (x86)/atmel/studio/7.0/toolchain/arm/arm-gnu-toolchain/bin/../lib/gcc/arm-none-eabi/6.3.1/../../../../arm-none-eabi/lib/thumb/v7e-m\libc.a(lib_a-memset.o)
 .ARM.attributes
                0x000007a0       0x2e c:/program files (x86)/atmel/studio/7.0/toolchain/arm/arm-gnu-toolchain/bin/../lib/gcc/arm-none-eabi/6.3.1/../../../../arm-none-eabi/lib/thumb/v7e-m\libc.a(lib_a-setbuf.o)
 .ARM.attributes
                0x000007ce       0x2e c:/program files (x86)/atmel/studio/7.0/toolchain/arm/arm-gnu-toolchain/bin/../lib/gcc/arm-none-eabi/6.3.1/../../../../arm-none-eabi/lib/thumb/v7e-m\libc.a(lib_a-setvbuf.o)
 .ARM.attributes
                0x000007fc       0x2e c:/program files (x86)/atmel/studio/7.0/toolchain/arm/arm-gnu-toolchain/bin/../lib/gcc/arm-none-eabi/6.3.1/../../../../arm-none-eabi/lib/thumb/v7e-m\libc.a(lib_a-vfiprintf.o)
 .ARM.attributes
                0x0000082a       0x2e c:/program files (x86)/atmel/studio/7.0/toolchain/arm/arm-gnu-toolchain/bin/../lib/gcc/arm-none-eabi/6.3.1/../../../../arm-none-eabi/lib/thumb/v7e-m\libc.a(lib_a-wsetup.o)
 .ARM.attributes
                0x00000858       0x2e c:/program files (x86)/atmel/studio/7.0/toolchain/arm/arm-gnu-toolchain/bin/../lib/gcc/arm-none-eabi/6.3.1/../../../../arm-none-eabi/lib/thumb/v7e-m\libc.a(lib_a-__call_atexit.o)
 .ARM.attributes
                0x00000886       0x2e c:/program files (x86)/atmel/studio/7.0/toolchain/arm/arm-gnu-toolchain/bin/../lib/gcc/arm-none-eabi/6.3.1/../../../../arm-none-eabi/lib/thumb/v7e-m\libc.a(lib_a-atexit.o)
 .ARM.attributes
                0x000008b4       0x2e c:/program files (x86)/atmel/studio/7.0/toolchain/arm/arm-gnu-toolchain/bin/../lib/gcc/arm-none-eabi/6.3.1/../../../../arm-none-eabi/lib/thumb/v7e-m\libc.a(lib_a-fflush.o)
 .ARM.attributes
                0x000008e2       0x2e c:/program files (x86)/atmel/studio/7.0/toolchain/arm/arm-gnu-toolchain/bin/../lib/gcc/arm-none-eabi/6.3.1/../../../../arm-none-eabi/lib/thumb/v7e-m\libc.a(lib_a-findfp.o)
 .ARM.attributes
                0x00000910       0x2e c:/program files (x86)/atmel/studio/7.0/toolchain/arm/arm-gnu-toolchain/bin/../lib/gcc/arm-none-eabi/6.3.1/../../../../arm-none-eabi/lib/thumb/v7e-m\libc.a(lib_a-fini.o)
 .ARM.attributes
                0x0000093e       0x2e c:/program files (x86)/atmel/studio/7.0/toolchain/arm/arm-gnu-toolchain/bin/../lib/gcc/arm-none-eabi/6.3.1/../../../../arm-none-eabi/lib/thumb/v7e-m\libc.a(lib_a-fputwc.o)
 .ARM.attributes
                0x0000096c       0x2e c:/program files (x86)/atmel/studio/7.0/toolchain/arm/arm-gnu-toolchain/bin/../lib/gcc/arm-none-eabi/6.3.1/../../../../arm-none-eabi/lib/thumb/v7e-m\libc.a(lib_a-freer.o)
 .ARM.attributes
                0x0000099a       0x2e c:/program files (x86)/atmel/studio/7.0/toolchain/arm/arm-gnu-toolchain/bin/../lib/gcc/arm-none-eabi/6.3.1/../../../../arm-none-eabi/lib/thumb/v7e-m\libc.a(lib_a-fvwrite.o)
 .ARM.attributes
                0x000009c8       0x2e c:/program files (x86)/atmel/studio/7.0/toolchain/arm/arm-gnu-toolchain/bin/../lib/gcc/arm-none-eabi/6.3.1/../../../../arm-none-eabi/lib/thumb/v7e-m\libc.a(lib_a-fwalk.o)
 .ARM.attributes
                0x000009f6       0x2e c:/program files (x86)/atmel/studio/7.0/toolchain/arm/arm-gnu-toolchain/bin/../lib/gcc/arm-none-eabi/6.3.1/../../../../arm-none-eabi/lib/thumb/v7e-m\libc.a(lib_a-locale.o)
 .ARM.attributes
                0x00000a24       0x2e c:/program files (x86)/atmel/studio/7.0/toolchain/arm/arm-gnu-toolchain/bin/../lib/gcc/arm-none-eabi/6.3.1/../../../../arm-none-eabi/lib/thumb/v7e-m\libc.a(lib_a-lock.o)
 .ARM.attributes
                0x00000a52       0x2e c:/program files (x86)/atmel/studio/7.0/toolchain/arm/arm-gnu-toolchain/bin/../lib/gcc/arm-none-eabi/6.3.1/../../../../arm-none-eabi/lib/thumb/v7e-m\libc.a(lib_a-makebuf.o)
 .ARM.attributes
                0x00000a80       0x2e c:/program files (x86)/atmel/studio/7.0/toolchain/arm/arm-gnu-toolchain/bin/../lib/gcc/arm-none-eabi/6.3.1/../../../../arm-none-eabi/lib/thumb/v7e-m\libc.a(lib_a-malloc.o)
 .ARM.attributes
                0x00000aae       0x2e c:/program files (x86)/atmel/studio/7.0/toolchain/arm/arm-gnu-toolchain/bin/../lib/gcc/arm-none-eabi/6.3.1/../../../../arm-none-eabi/lib/thumb/v7e-m\libc.a(lib_a-mallocr.o)
 .ARM.attributes
                0x00000adc       0x2e c:/program files (x86)/atmel/studio/7.0/toolchain/arm/arm-gnu-toolchain/bin/../lib/gcc/arm-none-eabi/6.3.1/../../../../arm-none-eabi/lib/thumb/v7e-m\libc.a(lib_a-mbtowc_r.o)
 .ARM.attributes
                0x00000b0a       0x1c c:/program files (x86)/atmel/studio/7.0/toolchain/arm/arm-gnu-toolchain/bin/../lib/gcc/arm-none-eabi/6.3.1/../../../../arm-none-eabi/lib/thumb/v7e-m\libc.a(lib_a-memchr.o)
 .ARM.attributes
                0x00000b26       0x1c c:/program files (x86)/atmel/studio/7.0/toolchain/arm/arm-gnu-toolchain/bin/../lib/gcc/arm-none-eabi/6.3.1/../../../../arm-none-eabi/lib/thumb/v7e-m\libc.a(lib_a-memcpy.o)
 .ARM.attributes
                0x00000b42       0x2e c:/program files (x86)/atmel/studio/7.0/toolchain/arm/arm-gnu-toolchain/bin/../lib/gcc/arm-none-eabi/6.3.1/../../../../arm-none-eabi/lib/thumb/v7e-m\libc.a(lib_a-memmove.o)
 .ARM.attributes
                0x00000b70       0x2e c:/program files (x86)/atmel/studio/7.0/toolchain/arm/arm-gnu-toolchain/bin/../lib/gcc/arm-none-eabi/6.3.1/../../../../arm-none-eabi/lib/thumb/v7e-m\libc.a(lib_a-mlock.o)
 .ARM.attributes
                0x00000b9e       0x2e c:/program files (x86)/atmel/studio/7.0/toolchain/arm/arm-gnu-toolchain/bin/../lib/gcc/arm-none-eabi/6.3.1/../../../../arm-none-eabi/lib/thumb/v7e-m\libc.a(lib_a-reallocr.o)
 .ARM.attributes
                0x00000bcc       0x2e c:/program files (x86)/atmel/studio/7.0/toolchain/arm/arm-gnu-toolchain/bin/../lib/gcc/arm-none-eabi/6.3.1/../../../../arm-none-eabi/lib/thumb/v7e-m\libc.a(lib_a-sbrkr.o)
 .ARM.attributes
                0x00000bfa       0x2e c:/program files (x86)/atmel/studio/7.0/toolchain/arm/arm-gnu-toolchain/bin/../lib/gcc/arm-none-eabi/6.3.1/../../../../arm-none-eabi/lib/thumb/v7e-m\libc.a(lib_a-stdio.o)
 .ARM.attributes
                0x00000c28       0x1c c:/program files (x86)/atmel/studio/7.0/toolchain/arm/arm-gnu-toolchain/bin/../lib/gcc/arm-none-eabi/6.3.1/../../../../arm-none-eabi/lib/thumb/v7e-m\libc.a(lib_a-strlen.o)
 .ARM.attributes
                0x00000c44       0x2e c:/program files (x86)/atmel/studio/7.0/toolchain/arm/arm-gnu-toolchain/bin/../lib/gcc/arm-none-eabi/6.3.1/../../../../arm-none-eabi/lib/thumb/v7e-m\libc.a(lib_a-wbuf.o)
 .ARM.attributes
                0x00000c72       0x2e c:/program files (x86)/atmel/studio/7.0/toolchain/arm/arm-gnu-toolchain/bin/../lib/gcc/arm-none-eabi/6.3.1/../../../../arm-none-eabi/lib/thumb/v7e-m\libc.a(lib_a-wcrtomb.o)
 .ARM.attributes
                0x00000ca0       0x2e c:/program files (x86)/atmel/studio/7.0/toolchain/arm/arm-gnu-toolchain/bin/../lib/gcc/arm-none-eabi/6.3.1/../../../../arm-none-eabi/lib/thumb/v7e-m\libc.a(lib_a-wctomb_r.o)
 .ARM.attributes
                0x00000cce       0x2e c:/program files (x86)/atmel/studio/7.0/toolchain/arm/arm-gnu-toolchain/bin/../lib/gcc/arm-none-eabi/6.3.1/../../../../arm-none-eabi/lib/thumb/v7e-m\libc.a(lib_a-writer.o)
 .ARM.attributes
                0x00000cfc       0x2e c:/program files (x86)/atmel/studio/7.0/toolchain/arm/arm-gnu-toolchain/bin/../lib/gcc/arm-none-eabi/6.3.1/../../../../arm-none-eabi/lib/thumb/v7e-m\libc.a(lib_a-__atexit.o)
 .ARM.attributes
                0x00000d2a       0x2e c:/program files (x86)/atmel/studio/7.0/toolchain/arm/arm-gnu-toolchain/bin/../lib/gcc/arm-none-eabi/6.3.1/../../../../arm-none-eabi/lib/thumb/v7e-m\libc.a(lib_a-closer.o)
 .ARM.attributes
                0x00000d58       0x2e c:/program files (x86)/atmel/studio/7.0/toolchain/arm/arm-gnu-toolchain/bin/../lib/gcc/arm-none-eabi/6.3.1/../../../../arm-none-eabi/lib/thumb/v7e-m\libc.a(lib_a-ctype_.o)
 .ARM.attributes
                0x00000d86       0x2e c:/program files (x86)/atmel/studio/7.0/toolchain/arm/arm-gnu-toolchain/bin/../lib/gcc/arm-none-eabi/6.3.1/../../../../arm-none-eabi/lib/thumb/v7e-m\libc.a(lib_a-fclose.o)
 .ARM.attributes
                0x00000db4       0x2e c:/program files (x86)/atmel/studio/7.0/toolchain/arm/arm-gnu-toolchain/bin/../lib/gcc/arm-none-eabi/6.3.1/../../../../arm-none-eabi/lib/thumb/v7e-m\libc.a(lib_a-fstatr.o)
 .ARM.attributes
                0x00000de2       0x2e c:/program files (x86)/atmel/studio/7.0/toolchain/arm/arm-gnu-toolchain/bin/../lib/gcc/arm-none-eabi/6.3.1/../../../../arm-none-eabi/lib/thumb/v7e-m\libc.a(lib_a-isattyr.o)
 .ARM.attributes
                0x00000e10       0x2e c:/program files (x86)/atmel/studio/7.0/toolchain/arm/arm-gnu-toolchain/bin/../lib/gcc/arm-none-eabi/6.3.1/../../../../arm-none-eabi/lib/thumb/v7e-m\libc.a(lib_a-lseekr.o)
 .ARM.attributes
                0x00000e3e       0x2e c:/program files (x86)/atmel/studio/7.0/toolchain/arm/arm-gnu-toolchain/bin/../lib/gcc/arm-none-eabi/6.3.1/../../../../arm-none-eabi/lib/thumb/v7e-m\libc.a(lib_a-readr.o)
 .ARM.attributes
                0x00000e6c       0x2e c:/program files (x86)/atmel/studio/7.0/toolchain/arm/arm-gnu-toolchain/bin/../lib/gcc/arm-none-eabi/6.3.1/../../../../arm-none-eabi/lib/thumb/v7e-m\libc.a(lib_a-reent.o)
 .ARM.attributes
                0x00000e9a       0x1e c:/program files (x86)/atmel/studio/7.0/toolchain/arm/arm-gnu-toolchain/bin/../lib/gcc/arm-none-eabi/6.3.1/thumb/v7e-m\libgcc.a(_aeabi_uldivmod.o)
 .ARM.attributes
                0x00000eb8       0x2e c:/program files (x86)/atmel/studio/7.0/toolchain/arm/arm-gnu-toolchain/bin/../lib/gcc/arm-none-eabi/6.3.1/thumb/v7e-m\libgcc.a(_udivmoddi4.o)
 .ARM.attributes
                0x00000ee6       0x1e c:/program files (x86)/atmel/studio/7.0/toolchain/arm/arm-gnu-toolchain/bin/../lib/gcc/arm-none-eabi/6.3.1/thumb/v7e-m\libgcc.a(_dvmd_tls.o)
 .ARM.attributes
                0x00000f04       0x1e c:/program files (x86)/atmel/studio/7.0/toolchain/arm/arm-gnu-toolchain/bin/../lib/gcc/arm-none-eabi/6.3.1/thumb/v7e-m/crtn.o

.comment        0x00000000       0x59
 .comment       0x00000000       0x59 src/ASF/common/services/clock/sam4e/sysclk.o
                                 0x5a (size before relaxing)
 .comment       0x00000059       0x5a src/ASF/common/services/serial/usart_serial.o
 .comment       0x00000059       0x5a src/ASF/common/services/sleepmgr/sam/sleepmgr.o
 .comment       0x00000059       0x5a src/ASF/common/utils/interrupt/interrupt_sam_nvic.o
 .comment       0x00000059       0x5a src/ASF/common/utils/stdio/read.o
 .comment       0x00000059       0x5a src/ASF/common/utils/stdio/write.o
 .comment       0x00000059       0x5a src/ASF/sam/boards/sam4e_xplained_pro/init.o
 .comment       0x00000059       0x5a src/ASF/sam/drivers/afec/afec.o
 .comment       0x00000059       0x5a src/ASF/sam/drivers/pmc/pmc.o
 .comment       0x00000059       0x5a src/ASF/sam/drivers/tc/tc.o
 .comment       0x00000059       0x5a src/ASF/sam/drivers/uart/uart.o
 .comment       0x00000059       0x5a src/ASF/sam/drivers/usart/usart.o
 .comment       0x00000059       0x5a src/ASF/sam/utils/cmsis/sam4e/source/templates/exceptions.o
 .comment       0x00000059       0x5a src/ASF/sam/utils/cmsis/sam4e/source/templates/gcc/startup_sam4e.o
 .comment       0x00000059       0x5a src/ASF/sam/utils/cmsis/sam4e/source/templates/system_sam4e.o
 .comment       0x00000059       0x5a src/ASF/sam/utils/syscalls/gcc/syscalls.o
 .comment       0x00000059       0x5a src/ASF/thirdparty/wireless/addons/sio2host/uart/sio2host.o
 .comment       0x00000059       0x5a src/main.o

.debug_info     0x00000000    0x150ae
 .debug_info    0x00000000     0x12b0 src/ASF/common/services/clock/sam4e/sysclk.o
 .debug_info    0x000012b0     0x10fb src/ASF/common/services/serial/usart_serial.o
 .debug_info    0x000023ab      0xa8e src/ASF/common/services/sleepmgr/sam/sleepmgr.o
 .debug_info    0x00002e39      0xaff src/ASF/common/utils/interrupt/interrupt_sam_nvic.o
 .debug_info    0x00003938      0xac9 src/ASF/common/utils/stdio/read.o
 .debug_info    0x00004401      0xac6 src/ASF/common/utils/stdio/write.o
 .debug_info    0x00004ec7     0x16fb src/ASF/sam/boards/sam4e_xplained_pro/init.o
 .debug_info    0x000065c2     0x2179 src/ASF/sam/drivers/afec/afec.o
 .debug_info    0x0000873b     0x18b1 src/ASF/sam/drivers/pmc/pmc.o
 .debug_info    0x00009fec     0x131a src/ASF/sam/drivers/tc/tc.o
 .debug_info    0x0000b306     0x11ae src/ASF/sam/drivers/uart/uart.o
 .debug_info    0x0000c4b4     0x2039 src/ASF/sam/drivers/usart/usart.o
 .debug_info    0x0000e4ed       0xdc src/ASF/sam/utils/cmsis/sam4e/source/templates/exceptions.o
 .debug_info    0x0000e5c9     0x1240 src/ASF/sam/utils/cmsis/sam4e/source/templates/gcc/startup_sam4e.o
 .debug_info    0x0000f809      0x495 src/ASF/sam/utils/cmsis/sam4e/source/templates/system_sam4e.o
 .debug_info    0x0000fc9e      0xdb0 src/ASF/sam/utils/syscalls/gcc/syscalls.o
 .debug_info    0x00010a4e     0x19c3 src/ASF/thirdparty/wireless/addons/sio2host/uart/sio2host.o
 .debug_info    0x00012411     0x2c9d src/main.o

.debug_abbrev   0x00000000     0x316d
 .debug_abbrev  0x00000000      0x32c src/ASF/common/services/clock/sam4e/sysclk.o
 .debug_abbrev  0x0000032c      0x2b1 src/ASF/common/services/serial/usart_serial.o
 .debug_abbrev  0x000005dd      0x1b2 src/ASF/common/services/sleepmgr/sam/sleepmgr.o
 .debug_abbrev  0x0000078f      0x221 src/ASF/common/utils/interrupt/interrupt_sam_nvic.o
 .debug_abbrev  0x000009b0      0x1fe src/ASF/common/utils/stdio/read.o
 .debug_abbrev  0x00000bae      0x1e9 src/ASF/common/utils/stdio/write.o
 .debug_abbrev  0x00000d97      0x2e4 src/ASF/sam/boards/sam4e_xplained_pro/init.o
 .debug_abbrev  0x0000107b      0x4d7 src/ASF/sam/drivers/afec/afec.o
 .debug_abbrev  0x00001552      0x315 src/ASF/sam/drivers/pmc/pmc.o
 .debug_abbrev  0x00001867      0x2a0 src/ASF/sam/drivers/tc/tc.o
 .debug_abbrev  0x00001b07      0x288 src/ASF/sam/drivers/uart/uart.o
 .debug_abbrev  0x00001d8f      0x406 src/ASF/sam/drivers/usart/usart.o
 .debug_abbrev  0x00002195       0x7d src/ASF/sam/utils/cmsis/sam4e/source/templates/exceptions.o
 .debug_abbrev  0x00002212      0x2bd src/ASF/sam/utils/cmsis/sam4e/source/templates/gcc/startup_sam4e.o
 .debug_abbrev  0x000024cf      0x102 src/ASF/sam/utils/cmsis/sam4e/source/templates/system_sam4e.o
 .debug_abbrev  0x000025d1      0x264 src/ASF/sam/utils/syscalls/gcc/syscalls.o
 .debug_abbrev  0x00002835      0x41d src/ASF/thirdparty/wireless/addons/sio2host/uart/sio2host.o
 .debug_abbrev  0x00002c52      0x51b src/main.o

.debug_loc      0x00000000     0x4566
 .debug_loc     0x00000000      0x1c0 src/ASF/common/services/clock/sam4e/sysclk.o
 .debug_loc     0x000001c0      0x2a7 src/ASF/common/services/serial/usart_serial.o
 .debug_loc     0x00000467       0xb3 src/ASF/common/utils/stdio/read.o
 .debug_loc     0x0000051a      0x12b src/ASF/common/utils/stdio/write.o
 .debug_loc     0x00000645      0x18f src/ASF/sam/boards/sam4e_xplained_pro/init.o
 .debug_loc     0x000007d4      0x81a src/ASF/sam/drivers/afec/afec.o
 .debug_loc     0x00000fee      0x9c6 src/ASF/sam/drivers/pmc/pmc.o
 .debug_loc     0x000019b4      0x5a4 src/ASF/sam/drivers/tc/tc.o
 .debug_loc     0x00001f58      0x241 src/ASF/sam/drivers/uart/uart.o
 .debug_loc     0x00002199      0xe59 src/ASF/sam/drivers/usart/usart.o
 .debug_loc     0x00002ff2       0x77 src/ASF/sam/utils/cmsis/sam4e/source/templates/gcc/startup_sam4e.o
 .debug_loc     0x00003069       0xfd src/ASF/sam/utils/syscalls/gcc/syscalls.o
 .debug_loc     0x00003166      0x568 src/ASF/thirdparty/wireless/addons/sio2host/uart/sio2host.o
 .debug_loc     0x000036ce      0xe98 src/main.o

.debug_aranges  0x00000000      0x918
 .debug_aranges
                0x00000000       0x40 src/ASF/common/services/clock/sam4e/sysclk.o
 .debug_aranges
                0x00000040       0x28 src/ASF/common/services/serial/usart_serial.o
 .debug_aranges
                0x00000068       0x18 src/ASF/common/services/sleepmgr/sam/sleepmgr.o
 .debug_aranges
                0x00000080       0x28 src/ASF/common/utils/interrupt/interrupt_sam_nvic.o
 .debug_aranges
                0x000000a8       0x20 src/ASF/common/utils/stdio/read.o
 .debug_aranges
                0x000000c8       0x20 src/ASF/common/utils/stdio/write.o
 .debug_aranges
                0x000000e8       0x20 src/ASF/sam/boards/sam4e_xplained_pro/init.o
 .debug_aranges
                0x00000108       0xa0 src/ASF/sam/drivers/afec/afec.o
 .debug_aranges
                0x000001a8      0x1d8 src/ASF/sam/drivers/pmc/pmc.o
 .debug_aranges
                0x00000380       0xd0 src/ASF/sam/drivers/tc/tc.o
 .debug_aranges
                0x00000450       0xe8 src/ASF/sam/drivers/uart/uart.o
 .debug_aranges
                0x00000538      0x210 src/ASF/sam/drivers/usart/usart.o
 .debug_aranges
                0x00000748       0x20 src/ASF/sam/utils/cmsis/sam4e/source/templates/exceptions.o
 .debug_aranges
                0x00000768       0x20 src/ASF/sam/utils/cmsis/sam4e/source/templates/gcc/startup_sam4e.o
 .debug_aranges
                0x00000788       0x30 src/ASF/sam/utils/cmsis/sam4e/source/templates/system_sam4e.o
 .debug_aranges
                0x000007b8       0x60 src/ASF/sam/utils/syscalls/gcc/syscalls.o
 .debug_aranges
                0x00000818       0x78 src/ASF/thirdparty/wireless/addons/sio2host/uart/sio2host.o
 .debug_aranges
                0x00000890       0x88 src/main.o

.debug_ranges   0x00000000      0x908
 .debug_ranges  0x00000000       0x30 src/ASF/common/services/clock/sam4e/sysclk.o
 .debug_ranges  0x00000030       0x48 src/ASF/common/services/serial/usart_serial.o
 .debug_ranges  0x00000078       0x18 src/ASF/common/utils/interrupt/interrupt_sam_nvic.o
 .debug_ranges  0x00000090       0x10 src/ASF/common/utils/stdio/read.o
 .debug_ranges  0x000000a0       0x10 src/ASF/common/utils/stdio/write.o
 .debug_ranges  0x000000b0       0x10 src/ASF/sam/boards/sam4e_xplained_pro/init.o
 .debug_ranges  0x000000c0       0xa8 src/ASF/sam/drivers/afec/afec.o
 .debug_ranges  0x00000168      0x1c8 src/ASF/sam/drivers/pmc/pmc.o
 .debug_ranges  0x00000330       0xc0 src/ASF/sam/drivers/tc/tc.o
 .debug_ranges  0x000003f0       0xd8 src/ASF/sam/drivers/uart/uart.o
 .debug_ranges  0x000004c8      0x200 src/ASF/sam/drivers/usart/usart.o
 .debug_ranges  0x000006c8       0x10 src/ASF/sam/utils/cmsis/sam4e/source/templates/exceptions.o
 .debug_ranges  0x000006d8       0x10 src/ASF/sam/utils/cmsis/sam4e/source/templates/gcc/startup_sam4e.o
 .debug_ranges  0x000006e8       0x20 src/ASF/sam/utils/cmsis/sam4e/source/templates/system_sam4e.o
 .debug_ranges  0x00000708       0x50 src/ASF/sam/utils/syscalls/gcc/syscalls.o
 .debug_ranges  0x00000758       0x68 src/ASF/thirdparty/wireless/addons/sio2host/uart/sio2host.o
 .debug_ranges  0x000007c0      0x148 src/main.o

.debug_macro    0x00000000    0x19026
 .debug_macro   0x00000000      0x624 src/ASF/common/services/clock/sam4e/sysclk.o
 .debug_macro   0x00000624      0x8ce src/ASF/common/services/clock/sam4e/sysclk.o
 .debug_macro   0x00000ef2      0x708 src/ASF/common/services/clock/sam4e/sysclk.o
 .debug_macro   0x000015fa       0x34 src/ASF/common/services/clock/sam4e/sysclk.o
 .debug_macro   0x0000162e      0x16d src/ASF/common/services/clock/sam4e/sysclk.o
 .debug_macro   0x0000179b       0x76 src/ASF/common/services/clock/sam4e/sysclk.o
 .debug_macro   0x00001811       0x16 src/ASF/common/services/clock/sam4e/sysclk.o
 .debug_macro   0x00001827      0x6da src/ASF/common/services/clock/sam4e/sysclk.o
 .debug_macro   0x00001f01       0x22 src/ASF/common/services/clock/sam4e/sysclk.o
 .debug_macro   0x00001f23       0x87 src/ASF/common/services/clock/sam4e/sysclk.o
 .debug_macro   0x00001faa       0x51 src/ASF/common/services/clock/sam4e/sysclk.o
 .debug_macro   0x00001ffb       0xef src/ASF/common/services/clock/sam4e/sysclk.o
 .debug_macro   0x000020ea       0x6a src/ASF/common/services/clock/sam4e/sysclk.o
 .debug_macro   0x00002154      0x1df src/ASF/common/services/clock/sam4e/sysclk.o
 .debug_macro   0x00002333       0x27 src/ASF/common/services/clock/sam4e/sysclk.o
 .debug_macro   0x0000235a       0x1c src/ASF/common/services/clock/sam4e/sysclk.o
 .debug_macro   0x00002376       0x22 src/ASF/common/services/clock/sam4e/sysclk.o
 .debug_macro   0x00002398       0xdf src/ASF/common/services/clock/sam4e/sysclk.o
 .debug_macro   0x00002477     0x102d src/ASF/common/services/clock/sam4e/sysclk.o
 .debug_macro   0x000034a4      0x11f src/ASF/common/services/clock/sam4e/sysclk.o
 .debug_macro   0x000035c3      0x154 src/ASF/common/services/clock/sam4e/sysclk.o
 .debug_macro   0x00003717      0x18f src/ASF/common/services/clock/sam4e/sysclk.o
 .debug_macro   0x000038a6      0xbec src/ASF/common/services/clock/sam4e/sysclk.o
 .debug_macro   0x00004492      0x535 src/ASF/common/services/clock/sam4e/sysclk.o
 .debug_macro   0x000049c7      0x196 src/ASF/common/services/clock/sam4e/sysclk.o
 .debug_macro   0x00004b5d      0x11e src/ASF/common/services/clock/sam4e/sysclk.o
 .debug_macro   0x00004c7b      0x428 src/ASF/common/services/clock/sam4e/sysclk.o
 .debug_macro   0x000050a3      0x541 src/ASF/common/services/clock/sam4e/sysclk.o
 .debug_macro   0x000055e4      0x106 src/ASF/common/services/clock/sam4e/sysclk.o
 .debug_macro   0x000056ea      0xa74 src/ASF/common/services/clock/sam4e/sysclk.o
 .debug_macro   0x0000615e       0x1c src/ASF/common/services/clock/sam4e/sysclk.o
 .debug_macro   0x0000617a      0x735 src/ASF/common/services/clock/sam4e/sysclk.o
 .debug_macro   0x000068af      0x44d src/ASF/common/services/clock/sam4e/sysclk.o
 .debug_macro   0x00006cfc       0xbe src/ASF/common/services/clock/sam4e/sysclk.o
 .debug_macro   0x00006dba     0x28b1 src/ASF/common/services/clock/sam4e/sysclk.o
 .debug_macro   0x0000966b      0x834 src/ASF/common/services/clock/sam4e/sysclk.o
 .debug_macro   0x00009e9f      0xb28 src/ASF/common/services/clock/sam4e/sysclk.o
 .debug_macro   0x0000a9c7       0x9a src/ASF/common/services/clock/sam4e/sysclk.o
 .debug_macro   0x0000aa61       0x76 src/ASF/common/services/clock/sam4e/sysclk.o
 .debug_macro   0x0000aad7      0x3cf src/ASF/common/services/clock/sam4e/sysclk.o
 .debug_macro   0x0000aea6       0x64 src/ASF/common/services/clock/sam4e/sysclk.o
 .debug_macro   0x0000af0a      0x1a6 src/ASF/common/services/clock/sam4e/sysclk.o
 .debug_macro   0x0000b0b0      0x37c src/ASF/common/services/clock/sam4e/sysclk.o
 .debug_macro   0x0000b42c      0x6fd src/ASF/common/services/clock/sam4e/sysclk.o
 .debug_macro   0x0000bb29      0x6f4 src/ASF/common/services/clock/sam4e/sysclk.o
 .debug_macro   0x0000c21d      0x377 src/ASF/common/services/clock/sam4e/sysclk.o
 .debug_macro   0x0000c594      0x2a1 src/ASF/common/services/clock/sam4e/sysclk.o
 .debug_macro   0x0000c835      0x2cd src/ASF/common/services/clock/sam4e/sysclk.o
 .debug_macro   0x0000cb02      0x6b2 src/ASF/common/services/clock/sam4e/sysclk.o
 .debug_macro   0x0000d1b4       0x76 src/ASF/common/services/clock/sam4e/sysclk.o
 .debug_macro   0x0000d22a      0x2e9 src/ASF/common/services/clock/sam4e/sysclk.o
 .debug_macro   0x0000d513       0x46 src/ASF/common/services/clock/sam4e/sysclk.o
 .debug_macro   0x0000d559      0x21b src/ASF/common/services/clock/sam4e/sysclk.o
 .debug_macro   0x0000d774      0x21b src/ASF/common/services/clock/sam4e/sysclk.o
 .debug_macro   0x0000d98f      0x287 src/ASF/common/services/clock/sam4e/sysclk.o
 .debug_macro   0x0000dc16       0x88 src/ASF/common/services/clock/sam4e/sysclk.o
 .debug_macro   0x0000dc9e       0x82 src/ASF/common/services/clock/sam4e/sysclk.o
 .debug_macro   0x0000dd20       0xb8 src/ASF/common/services/clock/sam4e/sysclk.o
 .debug_macro   0x0000ddd8       0x52 src/ASF/common/services/clock/sam4e/sysclk.o
 .debug_macro   0x0000de2a       0x88 src/ASF/common/services/clock/sam4e/sysclk.o
 .debug_macro   0x0000deb2      0x1bb src/ASF/common/services/clock/sam4e/sysclk.o
 .debug_macro   0x0000e06d      0x1bb src/ASF/common/services/clock/sam4e/sysclk.o
 .debug_macro   0x0000e228      0x12b src/ASF/common/services/clock/sam4e/sysclk.o
 .debug_macro   0x0000e353       0xac src/ASF/common/services/clock/sam4e/sysclk.o
 .debug_macro   0x0000e3ff       0xac src/ASF/common/services/clock/sam4e/sysclk.o
 .debug_macro   0x0000e4ab       0x94 src/ASF/common/services/clock/sam4e/sysclk.o
 .debug_macro   0x0000e53f       0x94 src/ASF/common/services/clock/sam4e/sysclk.o
 .debug_macro   0x0000e5d3       0xdc src/ASF/common/services/clock/sam4e/sysclk.o
 .debug_macro   0x0000e6af       0xdc src/ASF/common/services/clock/sam4e/sysclk.o
 .debug_macro   0x0000e78b       0x7c src/ASF/common/services/clock/sam4e/sysclk.o
 .debug_macro   0x0000e807       0x40 src/ASF/common/services/clock/sam4e/sysclk.o
 .debug_macro   0x0000e847       0xee src/ASF/common/services/clock/sam4e/sysclk.o
 .debug_macro   0x0000e935       0x46 src/ASF/common/services/clock/sam4e/sysclk.o
 .debug_macro   0x0000e97b       0x58 src/ASF/common/services/clock/sam4e/sysclk.o
 .debug_macro   0x0000e9d3       0xa6 src/ASF/common/services/clock/sam4e/sysclk.o
 .debug_macro   0x0000ea79       0x82 src/ASF/common/services/clock/sam4e/sysclk.o
 .debug_macro   0x0000eafb       0x16 src/ASF/common/services/clock/sam4e/sysclk.o
 .debug_macro   0x0000eb11       0x22 src/ASF/common/services/clock/sam4e/sysclk.o
 .debug_macro   0x0000eb33      0x193 src/ASF/common/services/clock/sam4e/sysclk.o
 .debug_macro   0x0000ecc6      0x163 src/ASF/common/services/clock/sam4e/sysclk.o
 .debug_macro   0x0000ee29      0x163 src/ASF/common/services/clock/sam4e/sysclk.o
 .debug_macro   0x0000ef8c      0x163 src/ASF/common/services/clock/sam4e/sysclk.o
 .debug_macro   0x0000f0ef      0x163 src/ASF/common/services/clock/sam4e/sysclk.o
 .debug_macro   0x0000f252       0x1c src/ASF/common/services/clock/sam4e/sysclk.o
 .debug_macro   0x0000f26e       0x2e src/ASF/common/services/clock/sam4e/sysclk.o
 .debug_macro   0x0000f29c       0x22 src/ASF/common/services/clock/sam4e/sysclk.o
 .debug_macro   0x0000f2be       0x1c src/ASF/common/services/clock/sam4e/sysclk.o
 .debug_macro   0x0000f2da       0x52 src/ASF/common/services/clock/sam4e/sysclk.o
 .debug_macro   0x0000f32c       0x10 src/ASF/common/services/clock/sam4e/sysclk.o
 .debug_macro   0x0000f33c       0x1c src/ASF/common/services/clock/sam4e/sysclk.o
 .debug_macro   0x0000f358      0x2b2 src/ASF/common/services/clock/sam4e/sysclk.o
 .debug_macro   0x0000f60a      0xc83 src/ASF/common/services/clock/sam4e/sysclk.o
 .debug_macro   0x0001028d      0x10e src/ASF/common/services/clock/sam4e/sysclk.o
 .debug_macro   0x0001039b       0x58 src/ASF/common/services/clock/sam4e/sysclk.o
 .debug_macro   0x000103f3       0x35 src/ASF/common/services/clock/sam4e/sysclk.o
 .debug_macro   0x00010428       0x9c src/ASF/common/services/clock/sam4e/sysclk.o
 .debug_macro   0x000104c4       0x16 src/ASF/common/services/clock/sam4e/sysclk.o
 .debug_macro   0x000104da       0x35 src/ASF/common/services/clock/sam4e/sysclk.o
 .debug_macro   0x0001050f      0x34d src/ASF/common/services/clock/sam4e/sysclk.o
 .debug_macro   0x0001085c       0x10 src/ASF/common/services/clock/sam4e/sysclk.o
 .debug_macro   0x0001086c       0x58 src/ASF/common/services/clock/sam4e/sysclk.o
 .debug_macro   0x000108c4       0x1f src/ASF/common/services/clock/sam4e/sysclk.o
 .debug_macro   0x000108e3       0x43 src/ASF/common/services/clock/sam4e/sysclk.o
 .debug_macro   0x00010926       0x20 src/ASF/common/services/clock/sam4e/sysclk.o
 .debug_macro   0x00010946      0x187 src/ASF/common/services/clock/sam4e/sysclk.o
 .debug_macro   0x00010acd       0x10 src/ASF/common/services/clock/sam4e/sysclk.o
 .debug_macro   0x00010add       0x1c src/ASF/common/services/clock/sam4e/sysclk.o
 .debug_macro   0x00010af9       0x52 src/ASF/common/services/clock/sam4e/sysclk.o
 .debug_macro   0x00010b4b       0x40 src/ASF/common/services/clock/sam4e/sysclk.o
 .debug_macro   0x00010b8b       0x10 src/ASF/common/services/clock/sam4e/sysclk.o
 .debug_macro   0x00010b9b       0x40 src/ASF/common/services/clock/sam4e/sysclk.o
 .debug_macro   0x00010bdb       0xd7 src/ASF/common/services/clock/sam4e/sysclk.o
 .debug_macro   0x00010cb2       0x16 src/ASF/common/services/clock/sam4e/sysclk.o
 .debug_macro   0x00010cc8      0x18b src/ASF/common/services/clock/sam4e/sysclk.o
 .debug_macro   0x00010e53       0x22 src/ASF/common/services/clock/sam4e/sysclk.o
 .debug_macro   0x00010e75       0x16 src/ASF/common/services/clock/sam4e/sysclk.o
 .debug_macro   0x00010e8b       0x16 src/ASF/common/services/clock/sam4e/sysclk.o
 .debug_macro   0x00010ea1       0x29 src/ASF/common/services/clock/sam4e/sysclk.o
 .debug_macro   0x00010eca       0x73 src/ASF/common/services/clock/sam4e/sysclk.o
 .debug_macro   0x00010f3d       0x3e src/ASF/common/services/clock/sam4e/sysclk.o
 .debug_macro   0x00010f7b      0x3ca src/ASF/common/services/clock/sam4e/sysclk.o
 .debug_macro   0x00011345      0x2d2 src/ASF/common/services/clock/sam4e/sysclk.o
 .debug_macro   0x00011617      0x943 src/ASF/common/services/clock/sam4e/sysclk.o
 .debug_macro   0x00011f5a       0x58 src/ASF/common/services/clock/sam4e/sysclk.o
 .debug_macro   0x00011fb2       0x64 src/ASF/common/services/clock/sam4e/sysclk.o
 .debug_macro   0x00012016       0x40 src/ASF/common/services/clock/sam4e/sysclk.o
 .debug_macro   0x00012056       0x82 src/ASF/common/services/clock/sam4e/sysclk.o
 .debug_macro   0x000120d8      0x65d src/ASF/common/services/serial/usart_serial.o
 .debug_macro   0x00012735      0x2d8 src/ASF/common/services/serial/usart_serial.o
 .debug_macro   0x00012a0d       0x1c src/ASF/common/services/serial/usart_serial.o
 .debug_macro   0x00012a29       0x2e src/ASF/common/services/serial/usart_serial.o
 .debug_macro   0x00012a57       0x1c src/ASF/common/services/serial/usart_serial.o
 .debug_macro   0x00012a73      0x5c3 src/ASF/common/services/sleepmgr/sam/sleepmgr.o
 .debug_macro   0x00013036       0x10 src/ASF/common/services/sleepmgr/sam/sleepmgr.o
 .debug_macro   0x00013046       0x34 src/ASF/common/services/sleepmgr/sam/sleepmgr.o
 .debug_macro   0x0001307a      0x59d src/ASF/common/utils/interrupt/interrupt_sam_nvic.o
 .debug_macro   0x00013617      0x59d src/ASF/common/utils/stdio/read.o
 .debug_macro   0x00013bb4      0x59d src/ASF/common/utils/stdio/write.o
 .debug_macro   0x00014151      0x656 src/ASF/sam/boards/sam4e_xplained_pro/init.o
 .debug_macro   0x000147a7       0x58 src/ASF/sam/boards/sam4e_xplained_pro/init.o
 .debug_macro   0x000147ff       0x82 src/ASF/sam/boards/sam4e_xplained_pro/init.o
 .debug_macro   0x00014881      0x67c src/ASF/sam/drivers/afec/afec.o
 .debug_macro   0x00014efd      0x5b2 src/ASF/sam/drivers/pmc/pmc.o
 .debug_macro   0x000154af       0x52 src/ASF/sam/drivers/pmc/pmc.o
 .debug_macro   0x00015501      0x5b2 src/ASF/sam/drivers/tc/tc.o
 .debug_macro   0x00015ab3       0x52 src/ASF/sam/drivers/tc/tc.o
 .debug_macro   0x00015b05       0x8d src/ASF/sam/drivers/tc/tc.o
 .debug_macro   0x00015b92       0x16 src/ASF/sam/drivers/tc/tc.o
 .debug_macro   0x00015ba8       0x57 src/ASF/sam/drivers/tc/tc.o
 .debug_macro   0x00015bff       0x1c src/ASF/sam/drivers/tc/tc.o
 .debug_macro   0x00015c1b      0x5ac src/ASF/sam/drivers/uart/uart.o
 .debug_macro   0x000161c7       0x16 src/ASF/sam/drivers/uart/uart.o
 .debug_macro   0x000161dd      0x5e2 src/ASF/sam/drivers/usart/usart.o
 .debug_macro   0x000167bf       0x28 src/ASF/sam/drivers/usart/usart.o
 .debug_macro   0x000167e7      0x3a4 src/ASF/sam/utils/cmsis/sam4e/source/templates/exceptions.o
 .debug_macro   0x00016b8b      0x5b6 src/ASF/sam/utils/cmsis/sam4e/source/templates/gcc/startup_sam4e.o
 .debug_macro   0x00017141       0x10 src/ASF/sam/utils/cmsis/sam4e/source/templates/gcc/startup_sam4e.o
 .debug_macro   0x00017151      0x3b2 src/ASF/sam/utils/cmsis/sam4e/source/templates/system_sam4e.o
 .debug_macro   0x00017503      0x1d6 src/ASF/sam/utils/syscalls/gcc/syscalls.o
 .debug_macro   0x000176d9       0x97 src/ASF/sam/utils/syscalls/gcc/syscalls.o
 .debug_macro   0x00017770      0x353 src/ASF/sam/utils/syscalls/gcc/syscalls.o
 .debug_macro   0x00017ac3       0xf6 src/ASF/sam/utils/syscalls/gcc/syscalls.o
 .debug_macro   0x00017bb9       0x4c src/ASF/sam/utils/syscalls/gcc/syscalls.o
 .debug_macro   0x00017c05       0x16 src/ASF/sam/utils/syscalls/gcc/syscalls.o
 .debug_macro   0x00017c1b       0x10 src/ASF/sam/utils/syscalls/gcc/syscalls.o
 .debug_macro   0x00017c2b       0x10 src/ASF/sam/utils/syscalls/gcc/syscalls.o
 .debug_macro   0x00017c3b       0x35 src/ASF/sam/utils/syscalls/gcc/syscalls.o
 .debug_macro   0x00017c70      0x122 src/ASF/sam/utils/syscalls/gcc/syscalls.o
 .debug_macro   0x00017d92      0x710 src/ASF/thirdparty/wireless/addons/sio2host/uart/sio2host.o
 .debug_macro   0x000184a2       0x28 src/ASF/thirdparty/wireless/addons/sio2host/uart/sio2host.o
 .debug_macro   0x000184ca       0x22 src/ASF/thirdparty/wireless/addons/sio2host/uart/sio2host.o
 .debug_macro   0x000184ec       0x88 src/ASF/thirdparty/wireless/addons/sio2host/uart/sio2host.o
 .debug_macro   0x00018574       0x16 src/ASF/thirdparty/wireless/addons/sio2host/uart/sio2host.o
 .debug_macro   0x0001858a       0x1c src/ASF/thirdparty/wireless/addons/sio2host/uart/sio2host.o
 .debug_macro   0x000185a6       0x40 src/ASF/thirdparty/wireless/addons/sio2host/uart/sio2host.o
 .debug_macro   0x000185e6      0x760 src/main.o
 .debug_macro   0x00018d46       0x16 src/main.o
 .debug_macro   0x00018d5c       0xd9 src/main.o
 .debug_macro   0x00018e35      0x1e1 src/main.o
 .debug_macro   0x00019016       0x10 src/main.o

.debug_line     0x00000000     0xc045
 .debug_line    0x00000000      0xab3 src/ASF/common/services/clock/sam4e/sysclk.o
 .debug_line    0x00000ab3      0xb68 src/ASF/common/services/serial/usart_serial.o
 .debug_line    0x0000161b      0x983 src/ASF/common/services/sleepmgr/sam/sleepmgr.o
 .debug_line    0x00001f9e      0x930 src/ASF/common/utils/interrupt/interrupt_sam_nvic.o
 .debug_line    0x000028ce      0x91b src/ASF/common/utils/stdio/read.o
 .debug_line    0x000031e9      0x913 src/ASF/common/utils/stdio/write.o
 .debug_line    0x00003afc      0xacc src/ASF/sam/boards/sam4e_xplained_pro/init.o
 .debug_line    0x000045c8      0xd93 src/ASF/sam/drivers/afec/afec.o
 .debug_line    0x0000535b      0xe29 src/ASF/sam/drivers/pmc/pmc.o
 .debug_line    0x00006184      0xab9 src/ASF/sam/drivers/tc/tc.o
 .debug_line    0x00006c3d      0xace src/ASF/sam/drivers/uart/uart.o
 .debug_line    0x0000770b      0xe97 src/ASF/sam/drivers/usart/usart.o
 .debug_line    0x000085a2      0x697 src/ASF/sam/utils/cmsis/sam4e/source/templates/exceptions.o
 .debug_line    0x00008c39      0x99e src/ASF/sam/utils/cmsis/sam4e/source/templates/gcc/startup_sam4e.o
 .debug_line    0x000095d7      0x71a src/ASF/sam/utils/cmsis/sam4e/source/templates/system_sam4e.o
 .debug_line    0x00009cf1      0x40b src/ASF/sam/utils/syscalls/gcc/syscalls.o
 .debug_line    0x0000a0fc      0xf09 src/ASF/thirdparty/wireless/addons/sio2host/uart/sio2host.o
 .debug_line    0x0000b005     0x1040 src/main.o

.debug_str      0x00000000    0x6559d
 .debug_str     0x00000000    0x5fe62 src/ASF/common/services/clock/sam4e/sysclk.o
                              0x60384 (size before relaxing)
 .debug_str     0x0005fe62      0x51d src/ASF/common/services/serial/usart_serial.o
                              0x6048d (size before relaxing)
 .debug_str     0x0006037f      0x1b9 src/ASF/common/services/sleepmgr/sam/sleepmgr.o
                              0x5bb93 (size before relaxing)
 .debug_str     0x00060538       0x94 src/ASF/common/utils/interrupt/interrupt_sam_nvic.o
                              0x5ba57 (size before relaxing)
 .debug_str     0x000605cc       0x3f src/ASF/common/utils/stdio/read.o
                              0x5ba00 (size before relaxing)
 .debug_str     0x0006060b       0x2e src/ASF/common/utils/stdio/write.o