Archive member included to satisfy reference by file (symbol)

d:/atmel/7.0/toolchain/arm/arm-gnu-toolchain/bin/../lib/gcc/arm-none-eabi/6.3.1/../../../../arm-none-eabi/lib/thumb/v7e-m\libm.a(lib_a-w_pow.o)
                              src/Algorithms.o (pow)
d:/atmel/7.0/toolchain/arm/arm-gnu-toolchain/bin/../lib/gcc/arm-none-eabi/6.3.1/../../../../arm-none-eabi/lib/thumb/v7e-m\libm.a(lib_a-w_sqrt.o)
                              src/Algorithms.o (sqrt)
d:/atmel/7.0/toolchain/arm/arm-gnu-toolchain/bin/../lib/gcc/arm-none-eabi/6.3.1/../../../../arm-none-eabi/lib/thumb/v7e-m\libm.a(lib_a-e_pow.o)
                              d:/atmel/7.0/toolchain/arm/arm-gnu-toolchain/bin/../lib/gcc/arm-none-eabi/6.3.1/../../../../arm-none-eabi/lib/thumb/v7e-m\libm.a(lib_a-w_pow.o) (__ieee754_pow)
d:/atmel/7.0/toolchain/arm/arm-gnu-toolchain/bin/../lib/gcc/arm-none-eabi/6.3.1/../../../../arm-none-eabi/lib/thumb/v7e-m\libm.a(lib_a-e_sqrt.o)
                              d:/atmel/7.0/toolchain/arm/arm-gnu-toolchain/bin/../lib/gcc/arm-none-eabi/6.3.1/../../../../arm-none-eabi/lib/thumb/v7e-m\libm.a(lib_a-w_sqrt.o) (__ieee754_sqrt)
d:/atmel/7.0/toolchain/arm/arm-gnu-toolchain/bin/../lib/gcc/arm-none-eabi/6.3.1/../../../../arm-none-eabi/lib/thumb/v7e-m\libm.a(lib_a-s_fabs.o)
                              d:/atmel/7.0/toolchain/arm/arm-gnu-toolchain/bin/../lib/gcc/arm-none-eabi/6.3.1/../../../../arm-none-eabi/lib/thumb/v7e-m\libm.a(lib_a-e_pow.o) (fabs)
d:/atmel/7.0/toolchain/arm/arm-gnu-toolchain/bin/../lib/gcc/arm-none-eabi/6.3.1/../../../../arm-none-eabi/lib/thumb/v7e-m\libm.a(lib_a-s_finite.o)
                              d:/atmel/7.0/toolchain/arm/arm-gnu-toolchain/bin/../lib/gcc/arm-none-eabi/6.3.1/../../../../arm-none-eabi/lib/thumb/v7e-m\libm.a(lib_a-w_pow.o) (finite)
d:/atmel/7.0/toolchain/arm/arm-gnu-toolchain/bin/../lib/gcc/arm-none-eabi/6.3.1/../../../../arm-none-eabi/lib/thumb/v7e-m\libm.a(lib_a-s_lib_ver.o)
                              d:/atmel/7.0/toolchain/arm/arm-gnu-toolchain/bin/../lib/gcc/arm-none-eabi/6.3.1/../../../../arm-none-eabi/lib/thumb/v7e-m\libm.a(lib_a-w_pow.o) (__fdlib_version)
d:/atmel/7.0/toolchain/arm/arm-gnu-toolchain/bin/../lib/gcc/arm-none-eabi/6.3.1/../../../../arm-none-eabi/lib/thumb/v7e-m\libm.a(lib_a-s_matherr.o)
                              d:/atmel/7.0/toolchain/arm/arm-gnu-toolchain/bin/../lib/gcc/arm-none-eabi/6.3.1/../../../../arm-none-eabi/lib/thumb/v7e-m\libm.a(lib_a-w_pow.o) (matherr)
d:/atmel/7.0/toolchain/arm/arm-gnu-toolchain/bin/../lib/gcc/arm-none-eabi/6.3.1/../../../../arm-none-eabi/lib/thumb/v7e-m\libm.a(lib_a-s_nan.o)
                              d:/atmel/7.0/toolchain/arm/arm-gnu-toolchain/bin/../lib/gcc/arm-none-eabi/6.3.1/../../../../arm-none-eabi/lib/thumb/v7e-m\libm.a(lib_a-e_pow.o) (nan)
d:/atmel/7.0/toolchain/arm/arm-gnu-toolchain/bin/../lib/gcc/arm-none-eabi/6.3.1/../../../../arm-none-eabi/lib/thumb/v7e-m\libm.a(lib_a-s_rint.o)
                              d:/atmel/7.0/toolchain/arm/arm-gnu-toolchain/bin/../lib/gcc/arm-none-eabi/6.3.1/../../../../arm-none-eabi/lib/thumb/v7e-m\libm.a(lib_a-w_pow.o) (rint)
d:/atmel/7.0/toolchain/arm/arm-gnu-toolchain/bin/../lib/gcc/arm-none-eabi/6.3.1/../../../../arm-none-eabi/lib/thumb/v7e-m\libm.a(lib_a-s_scalbn.o)
                              d:/atmel/7.0/toolchain/arm/arm-gnu-toolchain/bin/../lib/gcc/arm-none-eabi/6.3.1/../../../../arm-none-eabi/lib/thumb/v7e-m\libm.a(lib_a-e_pow.o) (scalbn)
d:/atmel/7.0/toolchain/arm/arm-gnu-toolchain/bin/../lib/gcc/arm-none-eabi/6.3.1/../../../../arm-none-eabi/lib/thumb/v7e-m\libm.a(lib_a-s_copysign.o)
                              d:/atmel/7.0/toolchain/arm/arm-gnu-toolchain/bin/../lib/gcc/arm-none-eabi/6.3.1/../../../../arm-none-eabi/lib/thumb/v7e-m\libm.a(lib_a-s_scalbn.o) (copysign)
d:/atmel/7.0/toolchain/arm/arm-gnu-toolchain/bin/../lib/gcc/arm-none-eabi/6.3.1/thumb/v7e-m\libgcc.a(_arm_addsubdf3.o)
                              src/Algorithms.o (__aeabi_dsub)
d:/atmel/7.0/toolchain/arm/arm-gnu-toolchain/bin/../lib/gcc/arm-none-eabi/6.3.1/thumb/v7e-m\libgcc.a(_arm_muldivdf3.o)
                              src/Algorithms.o (__aeabi_dmul)
d:/atmel/7.0/toolchain/arm/arm-gnu-toolchain/bin/../lib/gcc/arm-none-eabi/6.3.1/thumb/v7e-m\libgcc.a(_arm_cmpdf2.o)
                              d:/atmel/7.0/toolchain/arm/arm-gnu-toolchain/bin/../lib/gcc/arm-none-eabi/6.3.1/../../../../arm-none-eabi/lib/thumb/v7e-m\libm.a(lib_a-w_pow.o) (__aeabi_dcmpeq)
d:/atmel/7.0/toolchain/arm/arm-gnu-toolchain/bin/../lib/gcc/arm-none-eabi/6.3.1/thumb/v7e-m\libgcc.a(_arm_unorddf2.o)
                              d:/atmel/7.0/toolchain/arm/arm-gnu-toolchain/bin/../lib/gcc/arm-none-eabi/6.3.1/../../../../arm-none-eabi/lib/thumb/v7e-m\libm.a(lib_a-w_pow.o) (__aeabi_dcmpun)
d:/atmel/7.0/toolchain/arm/arm-gnu-toolchain/bin/../lib/gcc/arm-none-eabi/6.3.1/thumb/v7e-m\libgcc.a(_arm_fixunsdfsi.o)
                              src/Algorithms.o (__aeabi_d2uiz)
[...]
Memory Configuration

Name             Origin             Length             Attributes
rom              0x00400000         0x00100000         xr
ram              0x20000000         0x00020000         xrw
*default*        0x00000000         0xffffffff

Linker script and memory map

LOAD d:/atmel/7.0/toolchain/arm/arm-gnu-toolchain/bin/../lib/gcc/arm-none-eabi/6.3.1/thumb/v7e-m/crti.o
LOAD d:/atmel/7.0/toolchain/arm/arm-gnu-toolchain/bin/../lib/gcc/arm-none-eabi/6.3.1/thumb/v7e-m/crtbegin.o
LOAD d:/atmel/7.0/toolchain/arm/arm-gnu-toolchain/bin/../lib/gcc/arm-none-eabi/6.3.1/../../../../arm-none-eabi/lib/thumb/v7e-m/crt0.o
LOAD src/Algorithms.o
LOAD src/ASF/sam/drivers/pdc/pdc.o
LOAD src/SerialCommunication_BPM.o
LOAD src/ASF/common/services/clock/sam4e/sysclk.o
LOAD src/ASF/common/services/delay/sam/cycle_counter.o
LOAD src/ASF/common/services/serial/usart_serial.o
LOAD src/ASF/common/services/sleepmgr/sam/sleepmgr.o
LOAD src/ASF/common/utils/interrupt/interrupt_sam_nvic.o
LOAD src/ASF/common/utils/stdio/read.o
LOAD src/ASF/common/utils/stdio/write.o
LOAD src/ASF/sam/boards/sam4e_xplained_pro/init.o
LOAD src/ASF/sam/drivers/acc/acc.o
LOAD src/ASF/sam/drivers/afec/afec.o
LOAD src/ASF/sam/drivers/dacc/dacc.o
LOAD src/ASF/sam/drivers/pmc/pmc.o
LOAD src/ASF/sam/drivers/pmc/sleep.o
LOAD src/ASF/sam/drivers/tc/tc.o
LOAD src/ASF/sam/drivers/uart/uart.o
LOAD src/ASF/sam/drivers/usart/usart.o
LOAD src/ASF/sam/utils/cmsis/sam4e/source/templates/exceptions.o
LOAD src/ASF/sam/utils/cmsis/sam4e/source/templates/gcc/startup_sam4e.o
LOAD src/ASF/sam/utils/cmsis/sam4e/source/templates/system_sam4e.o
LOAD src/ASF/sam/utils/syscalls/gcc/syscalls.o
LOAD src/ASF/thirdparty/wireless/addons/sio2host/uart/sio2host.o
LOAD src/buffer.o
LOAD src/main.o
START GROUP
LOAD ../src/ASF/thirdparty/CMSIS/Lib/GCC\libarm_cortexM4lf_math_softfp.a
LOAD d:/atmel/7.0/toolchain/arm/arm-gnu-toolchain/bin/../lib/gcc/arm-none-eabi/6.3.1/../../../../arm-none-eabi/lib/thumb/v7e-m\libm.a
END GROUP
START GROUP
LOAD d:/atmel/7.0/toolchain/arm/arm-gnu-toolchain/bin/../lib/gcc/arm-none-eabi/6.3.1/thumb/v7e-m\libgcc.a
LOAD d:/atmel/7.0/toolchain/arm/arm-gnu-toolchain/bin/../lib/gcc/arm-none-eabi/6.3.1/../../../../arm-none-eabi/lib/thumb/v7e-m\libc.a
END GROUP
LOAD d:/atmel/7.0/toolchain/arm/arm-gnu-toolchain/bin/../lib/gcc/arm-none-eabi/6.3.1/thumb/v7e-m/crtend.o
LOAD d:/atmel/7.0/toolchain/arm/arm-gnu-toolchain/bin/../lib/gcc/arm-none-eabi/6.3.1/thumb/v7e-m/crtn.o
                0x00003000                __stack_size__ = DEFINED (__stack_size__)?__stack_size__:0x3000
                0x2001fffc                __ram_end__ = ((ORIGIN (ram) + LENGTH (ram)) - 0x4)

.text           0x00400000     0x4c10
                0x00400000                . = ALIGN (0x4)
                0x00400000                _sfixed = .
 *(.vectors .vectors.*)
 .vectors       0x00400000       0xf8 src/ASF/sam/utils/cmsis/sam4e/source/templates/gcc/startup_sam4e.o
                0x00400000                exception_table
 *(.text .text.* .gnu.linkonce.t.*)
 .text          0x004000f8       0x6c d:/atmel/7.0/toolchain/arm/arm-gnu-toolchain/bin/../lib/gcc/arm-none-eabi/6.3.1/thumb/v7e-m/crtbegin.o
 .text.sample_average
                0x00400164       0x54 src/Algorithms.o
                0x00400164                sample_average
 .text.find_max
                0x004001b8       0x2c src/Algorithms.o
                0x004001b8                find_max
 .text.sum      0x004001e4       0x34 src/Algorithms.o
                0x004001e4                sum
 .text.detect_peaks
                0x00400218      0x134 src/Algorithms.o
                0x00400218                detect_peaks
 .text.compute_beam_intensity
                0x0040034c       0xa4 src/Algorithms.o
                0x0040034c                compute_beam_intensity
 .text.compute_fwhm
                0x004003f0      0x1ec src/Algorithms.o
                0x004003f0                compute_fwhm
 *fill*         0x004005dc        0x4 
 .text.compute_skewness
                0x004005e0      0x224 src/Algorithms.o
                0x004005e0                compute_skewness
 *fill*         0x00400804        0x4 
 .text.compute_beam_parameters
                0x00400808       0xd8 src/Algorithms.o
                0x00400808                compute_beam_parameters
 .text.pdc_tx_init
                0x004008e0       0x18 src/ASF/sam/drivers/pdc/pdc.o
                0x004008e0                pdc_tx_init
 .text.pdc_rx_init
                0x004008f8       0x18 src/ASF/sam/drivers/pdc/pdc.o
                0x004008f8                pdc_rx_init
 .text.pdc_enable_transfer
                0x00400910        0xc src/ASF/sam/drivers/pdc/pdc.o
                0x00400910                pdc_enable_transfer
 .text.usart_serial_getchar
                0x0040091c       0x88 src/SerialCommunication_BPM.o
 .text.usart_serial_putchar
                0x004009a4       0x80 src/SerialCommunication_BPM.o
 .text.send_cycle_plot
                0x00400a24       0x28 src/SerialCommunication_BPM.o
                0x00400a24                send_cycle_plot
 .text.send_beam_parameters
                0x00400a4c       0x30 src/SerialCommunication_BPM.o
                0x00400a4c                send_beam_parameters
 .text.UART0_Handler
                0x00400a7c       0x5c src/SerialCommunication_BPM.o
                0x00400a7c                UART0_Handler
 .text.pdc_uart_initialization
                0x00400ad8       0xfc src/SerialCommunication_BPM.o
                0x00400ad8                pdc_uart_initialization
 .text.sysclk_init
                0x00400bd4       0x68 src/ASF/common/services/clock/sam4e/sysclk.o
                0x00400bd4                sysclk_init
 .text.usart_serial_read_packet
                0x00400c3c       0xa0 src/ASF/common/services/serial/usart_serial.o
                0x00400c3c                usart_serial_read_packet
 .text._read    0x00400cdc       0x3c src/ASF/common/utils/stdio/read.o
                0x00400cdc                _read
 .text._write   0x00400d18       0x50 src/ASF/common/utils/stdio/write.o
                0x00400d18                _write
 .text.board_init
                0x00400d68       0x98 src/ASF/sam/boards/sam4e_xplained_pro/init.o
                0x00400d68                board_init
 .text.acc_init
                0x00400e00       0x3a src/ASF/sam/drivers/acc/acc.o
                0x00400e00                acc_init
 .text.acc_get_comparison_result
                0x00400e3a       0x14 src/ASF/sam/drivers/acc/acc.o
                0x00400e3a                acc_get_comparison_result
 .text.acc_enable_interrupt
                0x00400e4e        0x6 src/ASF/sam/drivers/acc/acc.o
                0x00400e4e                acc_enable_interrupt
 .text.acc_get_interrupt_status
                0x00400e54        0x4 src/ASF/sam/drivers/acc/acc.o
                0x00400e54                acc_get_interrupt_status
 .text.afec_process_callback
                0x00400e58       0x9c src/ASF/sam/drivers/afec/afec.o
 .text.afec_ch_set_config
                0x00400ef4       0x30 src/ASF/sam/drivers/afec/afec.o
                0x00400ef4                afec_ch_set_config
 .text.afec_get_config_defaults
                0x00400f24       0x30 src/ASF/sam/drivers/afec/afec.o
                0x00400f24                afec_get_config_defaults
 .text.afec_ch_get_config_defaults
                0x00400f54        0xa src/ASF/sam/drivers/afec/afec.o
                0x00400f54                afec_ch_get_config_defaults
 *fill*         0x00400f5e        0x2 
 .text.afec_init
                0x00400f60       0xd4 src/ASF/sam/drivers/afec/afec.o
                0x00400f60                afec_init
 .text.afec_enable_interrupt
                0x00401034       0x38 src/ASF/sam/drivers/afec/afec.o
                0x00401034                afec_enable_interrupt
 .text.afec_set_callback
                0x0040106c       0x58 src/ASF/sam/drivers/afec/afec.o
                0x0040106c                afec_set_callback
 .text.AFEC0_Handler
                0x004010c4       0x14 src/ASF/sam/drivers/afec/afec.o
                0x004010c4                AFEC0_Handler
 .text.AFEC1_Handler
                0x004010d8       0x14 src/ASF/sam/drivers/afec/afec.o
                0x004010d8                AFEC1_Handler
 .text.afec_enable
                0x004010ec       0x64 src/ASF/sam/drivers/afec/afec.o
                0x004010ec                afec_enable
 .text.dacc_reset
                0x00401150        0x6 src/ASF/sam/drivers/dacc/dacc.o
                0x00401150                dacc_reset
 .text.dacc_disable_trigger
                0x00401156        0xa src/ASF/sam/drivers/dacc/dacc.o
                0x00401156                dacc_disable_trigger
 .text.dacc_set_transfer_mode
                0x00401160       0x28 src/ASF/sam/drivers/dacc/dacc.o
                0x00401160                dacc_set_transfer_mode
 .text.dacc_write_conversion_data
                0x00401188        0x4 src/ASF/sam/drivers/dacc/dacc.o
                0x00401188                dacc_write_conversion_data
 .text.dacc_set_channel_selection
                0x0040118c       0x18 src/ASF/sam/drivers/dacc/dacc.o
                0x0040118c                dacc_set_channel_selection
 .text.dacc_set_timing
                0x004011a4       0x28 src/ASF/sam/drivers/dacc/dacc.o
                0x004011a4                dacc_set_timing
 .text.dacc_enable_channel
                0x004011cc       0x14 src/ASF/sam/drivers/dacc/dacc.o
                0x004011cc                dacc_enable_channel
 .text.dacc_set_analog_control
                0x004011e0        0x8 src/ASF/sam/drivers/dacc/dacc.o
                0x004011e0                dacc_set_analog_control
 .text.pmc_switch_mck_to_pllack
                0x004011e8       0x64 src/ASF/sam/drivers/pmc/pmc.o
                0x004011e8                pmc_switch_mck_to_pllack
 .text.pmc_switch_mainck_to_xtal
                0x0040124c       0x54 src/ASF/sam/drivers/pmc/pmc.o
                0x0040124c                pmc_switch_mainck_to_xtal
 .text.pmc_osc_is_ready_mainck
                0x004012a0       0x10 src/ASF/sam/drivers/pmc/pmc.o
                0x004012a0                pmc_osc_is_ready_mainck
 .text.pmc_disable_pllack
                0x004012b0       0x10 src/ASF/sam/drivers/pmc/pmc.o
                0x004012b0                pmc_disable_pllack
 .text.pmc_is_locked_pllack
                0x004012c0       0x10 src/ASF/sam/drivers/pmc/pmc.o
                0x004012c0                pmc_is_locked_pllack
 .text.pmc_enable_periph_clk
                0x004012d0       0x54 src/ASF/sam/drivers/pmc/pmc.o
                0x004012d0                pmc_enable_periph_clk
 .text.tc_init  0x00401324       0x1a src/ASF/sam/drivers/tc/tc.o
                0x00401324                tc_init
 .text.tc_start
                0x0040133e        0x8 src/ASF/sam/drivers/tc/tc.o
                0x0040133e                tc_start
 .text.tc_stop  0x00401346        0x8 src/ASF/sam/drivers/tc/tc.o
                0x00401346                tc_stop
 .text.tc_write_rc
                0x0040134e        0x8 src/ASF/sam/drivers/tc/tc.o
                0x0040134e                tc_write_rc
 .text.tc_enable_interrupt
                0x00401356        0x8 src/ASF/sam/drivers/tc/tc.o
                0x00401356                tc_enable_interrupt
 .text.tc_disable_interrupt
                0x0040135e        0x8 src/ASF/sam/drivers/tc/tc.o
                0x0040135e                tc_disable_interrupt
 .text.tc_find_mck_divisor
                0x00401366       0x70 src/ASF/sam/drivers/tc/tc.o
                0x00401366                tc_find_mck_divisor
 .text.uart_init
                0x004013d6       0x38 src/ASF/sam/drivers/uart/uart.o
                0x004013d6                uart_init
 .text.uart_enable_interrupt
                0x0040140e        0x4 src/ASF/sam/drivers/uart/uart.o
                0x0040140e                uart_enable_interrupt
 .text.uart_get_status
                0x00401412        0x4 src/ASF/sam/drivers/uart/uart.o
                0x00401412                uart_get_status
 .text.uart_write
                0x00401416       0x10 src/ASF/sam/drivers/uart/uart.o
                0x00401416                uart_write
 .text.uart_read
                0x00401426       0x12 src/ASF/sam/drivers/uart/uart.o
                0x00401426                uart_read
 .text.uart_get_pdc_base
                0x00401438       0x1c src/ASF/sam/drivers/uart/uart.o
                0x00401438                uart_get_pdc_base
 .text.usart_write
                0x00401454       0x14 src/ASF/sam/drivers/usart/usart.o
                0x00401454                usart_write
 .text.usart_read
                0x00401468       0x18 src/ASF/sam/drivers/usart/usart.o
                0x00401468                usart_read
 .text.Dummy_Handler
                0x00401480        0x2 src/ASF/sam/utils/cmsis/sam4e/source/templates/exceptions.o
                0x00401480                DACC_Handler
                0x00401480                DebugMon_Handler
                0x00401480                DMAC_Handler
                0x00401480                HardFault_Handler
                0x00401480                TC2_Handler
                0x00401480                SPI_Handler
                0x00401480                SysTick_Handler
                0x00401480                TWI1_Handler
                0x00401480                PendSV_Handler
                0x00401480                NMI_Handler
                0x00401480                TC7_Handler
                0x00401480                SMC_Handler
                0x00401480                RTT_Handler
                0x00401480                PIOB_Handler
                0x00401480                RTC_Handler
                0x00401480                UsageFault_Handler
                0x00401480                TC6_Handler
                0x00401480                WDT_Handler
                0x00401480                CAN0_Handler
                0x00401480                TC4_Handler
                0x00401480                HSMCI_Handler
                0x00401480                UART1_Handler
                0x00401480                TC3_Handler
                0x00401480                ARM_Handler
                0x00401480                Dummy_Handler
                0x00401480                TWI0_Handler
                0x00401480                USART1_Handler
                0x00401480                PIOA_Handler
                0x00401480                PMC_Handler
                0x00401480                PWM_Handler
                0x00401480                GMAC_Handler
                0x00401480                CAN1_Handler
                0x00401480                MemManage_Handler
                0x00401480                SUPC_Handler
                0x00401480                SVC_Handler
                0x00401480                TC8_Handler
                0x00401480                EFC_Handler
                0x00401480                PIOE_Handler
                0x00401480                PIOD_Handler
                0x00401480                PIOC_Handler
                0x00401480                UDP_Handler
                0x00401480                BusFault_Handler
                0x00401480                RSTC_Handler
                0x00401480                TC0_Handler
                0x00401480                TC5_Handler
                0x00401480                AES_Handler
 *fill*         0x00401482        0x2 
 .text.Reset_Handler
                0x00401484       0xc8 src/ASF/sam/utils/cmsis/sam4e/source/templates/gcc/startup_sam4e.o
                0x00401484                Reset_Handler
 .text.SystemCoreClockUpdate
                0x0040154c      0x10c src/ASF/sam/utils/cmsis/sam4e/source/templates/system_sam4e.o
                0x0040154c                SystemCoreClockUpdate
 .text.system_init_flash
                0x00401658       0x74 src/ASF/sam/utils/cmsis/sam4e/source/templates/system_sam4e.o
                0x00401658                system_init_flash
 .text._sbrk    0x004016cc       0x38 src/ASF/sam/utils/syscalls/gcc/syscalls.o
                0x004016cc                _sbrk
 .text._close   0x00401704        0x6 src/ASF/sam/utils/syscalls/gcc/syscalls.o
                0x00401704                _close
 .text._fstat   0x0040170a        0xa src/ASF/sam/utils/syscalls/gcc/syscalls.o
                0x0040170a                _fstat
 .text._lseek   0x00401714        0x4 src/ASF/sam/utils/syscalls/gcc/syscalls.o
                0x00401714                _lseek
 .text.USART0_Handler
                0x00401718       0x60 src/ASF/thirdparty/wireless/addons/sio2host/uart/sio2host.o
                0x00401718                USART0_Handler
 .text.addSampleCollector
                0x00401778       0x28 src/buffer.o
                0x00401778                addSampleCollector
 .text.switchBuffer
                0x004017a0       0x54 src/buffer.o
                0x004017a0                switchBuffer
 .text.cycleEnded
                0x004017f4       0x38 src/buffer.o
                0x004017f4                cycleEnded
 .text.getbuffersFilled
                0x0040182c        0xc src/buffer.o
                0x0040182c                getbuffersFilled
 .text.collector_data_ready
                0x00401838       0x28 src/main.o
 .text.ACC_Handler
                0x00401860      0x108 src/main.o
                0x00401860                ACC_Handler
 .text.TC1_Handler
                0x00401968       0x5c src/main.o
                0x00401968                TC1_Handler
 .text.main     0x004019c4      0x1f4 src/main.o
                0x004019c4                main
 .text.pow      0x00401bb8      0x2fc d:/atmel/7.0/toolchain/arm/arm-gnu-toolchain/bin/../lib/gcc/arm-none-eabi/6.3.1/../../../../arm-none-eabi/lib/thumb/v7e-m\libm.a(lib_a-w_pow.o)
                0x00401bb8                pow
 .text.sqrt     0x00401eb4       0xbc d:/atmel/7.0/toolchain/arm/arm-gnu-toolchain/bin/../lib/gcc/arm-none-eabi/6.3.1/../../../../arm-none-eabi/lib/thumb/v7e-m\libm.a(lib_a-w_sqrt.o)
                0x00401eb4                sqrt
 .text.__ieee754_pow
                0x00401f70      0xa8c d:/atmel/7.0/toolchain/arm/arm-gnu-toolchain/bin/../lib/gcc/arm-none-eabi/6.3.1/../../../../arm-none-eabi/lib/thumb/v7e-m\libm.a(lib_a-e_pow.o)
                0x00401f70                __ieee754_pow
 .text.__ieee754_sqrt
                0x004029fc      0x178 d:/atmel/7.0/toolchain/arm/arm-gnu-toolchain/bin/../lib/gcc/arm-none-eabi/6.3.1/../../../../arm-none-eabi/lib/thumb/v7e-m\libm.a(lib_a-e_sqrt.o)
                0x004029fc                __ieee754_sqrt
 .text.fabs     0x00402b74        0x8 d:/atmel/7.0/toolchain/arm/arm-gnu-toolchain/bin/../lib/gcc/arm-none-eabi/6.3.1/../../../../arm-none-eabi/lib/thumb/v7e-m\libm.a(lib_a-s_fabs.o)
                0x00402b74                fabs
 .text.finite   0x00402b7c        0xc d:/atmel/7.0/toolchain/arm/arm-gnu-toolchain/bin/../lib/gcc/arm-none-eabi/6.3.1/../../../../arm-none-eabi/lib/thumb/v7e-m\libm.a(lib_a-s_finite.o)
                0x00402b7c                finite
 .text.matherr  0x00402b88        0x4 d:/atmel/7.0/toolchain/arm/arm-gnu-toolchain/bin/../lib/gcc/arm-none-eabi/6.3.1/../../../../arm-none-eabi/lib/thumb/v7e-m\libm.a(lib_a-s_matherr.o)
                0x00402b88                matherr
 .text.nan      0x00402b8c        0xc d:/atmel/7.0/toolchain/arm/arm-gnu-toolchain/bin/../lib/gcc/arm-none-eabi/6.3.1/../../../../arm-none-eabi/lib/thumb/v7e-m\libm.a(lib_a-s_nan.o)
                0x00402b8c                nan
 .text.rint     0x00402b98      0x114 d:/atmel/7.0/toolchain/arm/arm-gnu-toolchain/bin/../lib/gcc/arm-none-eabi/6.3.1/../../../../arm-none-eabi/lib/thumb/v7e-m\libm.a(lib_a-s_rint.o)
                0x00402b98                rint
 *fill*         0x00402cac        0x4 
 .text.scalbn   0x00402cb0       0xfc d:/atmel/7.0/toolchain/arm/arm-gnu-toolchain/bin/../lib/gcc/arm-none-eabi/6.3.1/../../../../arm-none-eabi/lib/thumb/v7e-m\libm.a(lib_a-s_scalbn.o)
                0x00402cb0                scalbn
 .text.copysign
                0x00402dac       0x10 d:/atmel/7.0/toolchain/arm/arm-gnu-toolchain/bin/../lib/gcc/arm-none-eabi/6.3.1/../../../../arm-none-eabi/lib/thumb/v7e-m\libm.a(lib_a-s_copysign.o)
                0x00402dac                copysign
 .text          0x00402dbc      0x370 d:/atmel/7.0/toolchain/arm/arm-gnu-toolchain/bin/../lib/gcc/arm-none-eabi/6.3.1/thumb/v7e-m\libgcc.a(_arm_addsubdf3.o)
                0x00402dbc                __aeabi_drsub
                0x00402dc4                __aeabi_dsub
                0x00402dc4                __subdf3
                0x00402dc8                __aeabi_dadd
                0x00402dc8                __adddf3
                0x00403040                __floatunsidf
                0x00403040                __aeabi_ui2d
                0x00403060                __floatsidf
                0x00403060                __aeabi_i2d
                0x00403084                __aeabi_f2d
                0x00403084                __extendsfdf2
                0x004030c0                __floatundidf
                0x004030c0                __aeabi_ul2d
                0x004030d0                __floatdidf
                0x004030d0                __aeabi_l2d
 .text          0x0040312c      0x424 d:/atmel/7.0/toolchain/arm/arm-gnu-toolchain/bin/../lib/gcc/arm-none-eabi/6.3.1/thumb/v7e-m\libgcc.a(_arm_muldivdf3.o)
                0x0040312c                __aeabi_dmul
                0x0040312c                __muldf3
                0x00403380                __divdf3
                0x00403380                __aeabi_ddiv
 .text          0x00403550      0x110 d:/atmel/7.0/toolchain/arm/arm-gnu-toolchain/bin/../lib/gcc/arm-none-eabi/6.3.1/thumb/v7e-m\libgcc.a(_arm_cmpdf2.o)
                0x00403550                __gtdf2
                0x00403550                __gedf2
                0x00403558                __ltdf2
                0x00403558                __ledf2
                0x00403560                __nedf2
                0x00403560                __eqdf2
                0x00403560                __cmpdf2
                0x004035dc                __aeabi_cdrcmple
                0x004035ec                __aeabi_cdcmpeq
                0x004035ec                __aeabi_cdcmple
                0x004035fc                __aeabi_dcmpeq
                0x00403610                __aeabi_dcmplt
                0x00403624                __aeabi_dcmple
                0x00403638                __aeabi_dcmpge
                0x0040364c                __aeabi_dcmpgt
 .text          0x00403660       0x2c d:/atmel/7.0/toolchain/arm/arm-gnu-toolchain/bin/../lib/gcc/arm-none-eabi/6.3.1/thumb/v7e-m\libgcc.a(_arm_unorddf2.o)
                0x00403660                __unorddf2
                0x00403660                __aeabi_dcmpun
 .text          0x0040368c       0x40 d:/atmel/7.0/toolchain/arm/arm-gnu-toolchain/bin/../lib/gcc/arm-none-eabi/6.3.1/thumb/v7e-m\libgcc.a(_arm_fixunsdfsi.o)
                0x0040368c                __aeabi_d2uiz
                0x0040368c                __fixunsdfsi
 .text          0x004036cc       0xa0 d:/atmel/7.0/toolchain/arm/arm-gnu-toolchain/bin/../lib/gcc/arm-none-eabi/6.3.1/thumb/v7e-m\libgcc.a(_aeabi_ldivmod.o)
                0x004036cc                __aeabi_ldivmod
 .text          0x0040376c       0x34 d:/atmel/7.0/toolchain/arm/arm-gnu-toolchain/bin/../lib/gcc/arm-none-eabi/6.3.1/thumb/v7e-m\libgcc.a(_fixdfdi.o)
                0x0040376c                __fixdfdi
                0x0040376c                __aeabi_d2lz
 .text          0x004037a0       0x48 d:/atmel/7.0/toolchain/arm/arm-gnu-toolchain/bin/../lib/gcc/arm-none-eabi/6.3.1/thumb/v7e-m\libgcc.a(_fixunsdfdi.o)
                0x004037a0                __fixunsdfdi
                0x004037a0                __aeabi_d2ulz
 .text          0x004037e8      0x2dc d:/atmel/7.0/toolchain/arm/arm-gnu-toolchain/bin/../lib/gcc/arm-none-eabi/6.3.1/thumb/v7e-m\libgcc.a(_udivmoddi4.o)
                0x004037e8                __udivmoddi4
 .text          0x00403ac4        0x4 d:/atmel/7.0/toolchain/arm/arm-gnu-toolchain/bin/../lib/gcc/arm-none-eabi/6.3.1/thumb/v7e-m\libgcc.a(_dvmd_tls.o)
                0x00403ac4                __aeabi_idiv0
                0x00403ac4                __aeabi_ldiv0
 .text.__errno  0x00403ac8        0xc d:/atmel/7.0/toolchain/arm/arm-gnu-toolchain/bin/../lib/gcc/arm-none-eabi/6.3.1/../../../../arm-none-eabi/lib/thumb/v7e-m\libc.a(lib_a-errno.o)
                0x00403ac8                __errno
 .text.__libc_init_array
                0x00403ad4       0x50 d:/atmel/7.0/toolchain/arm/arm-gnu-toolchain/bin/../lib/gcc/arm-none-eabi/6.3.1/../../../../arm-none-eabi/lib/thumb/v7e-m\libc.a(lib_a-init.o)
                0x00403ad4                __libc_init_array
 .text.memset   0x00403b24       0x9c d:/atmel/7.0/toolchain/arm/arm-gnu-toolchain/bin/../lib/gcc/arm-none-eabi/6.3.1/../../../../arm-none-eabi/lib/thumb/v7e-m\libc.a(lib_a-memset.o)
                0x00403b24                memset
 .text.setbuf   0x00403bc0       0x10 d:/atmel/7.0/toolchain/arm/arm-gnu-toolchain/bin/../lib/gcc/arm-none-eabi/6.3.1/../../../../arm-none-eabi/lib/thumb/v7e-m\libc.a(lib_a-setbuf.o)
                0x00403bc0                setbuf
 .text.setvbuf  0x00403bd0      0x190 d:/atmel/7.0/toolchain/arm/arm-gnu-toolchain/bin/../lib/gcc/arm-none-eabi/6.3.1/../../../../arm-none-eabi/lib/thumb/v7e-m\libc.a(lib_a-setvbuf.o)
                0x00403bd0                setvbuf
 .text.startup.register_fini
                0x00403d60       0x14 d:/atmel/7.0/toolchain/arm/arm-gnu-toolchain/bin/../lib/gcc/arm-none-eabi/6.3.1/../../../../arm-none-eabi/lib/thumb/v7e-m\libc.a(lib_a-__call_atexit.o)
 .text.atexit   0x00403d74        0xc d:/atmel/7.0/toolchain/arm/arm-gnu-toolchain/bin/../lib/gcc/arm-none-eabi/6.3.1/../../../../arm-none-eabi/lib/thumb/v7e-m\libc.a(lib_a-atexit.o)
                0x00403d74                atexit
 .text.__sflush_r
                0x00403d80      0x140 d:/atmel/7.0/toolchain/arm/arm-gnu-toolchain/bin/../lib/gcc/arm-none-eabi/6.3.1/../../../../arm-none-eabi/lib/thumb/v7e-m\libc.a(lib_a-fflush.o)
                0x00403d80                __sflush_r
 .text._fflush_r
                0x00403ec0       0x54 d:/atmel/7.0/toolchain/arm/arm-gnu-toolchain/bin/../lib/gcc/arm-none-eabi/6.3.1/../../../../arm-none-eabi/lib/thumb/v7e-m\libc.a(lib_a-fflush.o)
                0x00403ec0                _fflush_r
 .text._cleanup_r
                0x00403f14        0xc d:/atmel/7.0/toolchain/arm/arm-gnu-toolchain/bin/../lib/gcc/arm-none-eabi/6.3.1/../../../../arm-none-eabi/lib/thumb/v7e-m\libc.a(lib_a-findfp.o)
                0x00403f14                _cleanup_r
 .text.std.isra.0
                0x00403f20       0x50 d:/atmel/7.0/toolchain/arm/arm-gnu-toolchain/bin/../lib/gcc/arm-none-eabi/6.3.1/../../../../arm-none-eabi/lib/thumb/v7e-m\libc.a(lib_a-findfp.o)
 .text.__sinit  0x00403f70       0x58 d:/atmel/7.0/toolchain/arm/arm-gnu-toolchain/bin/../lib/gcc/arm-none-eabi/6.3.1/../../../../arm-none-eabi/lib/thumb/v7e-m\libc.a(lib_a-findfp.o)
                0x00403f70                __sinit
 .text.__sfp_lock_acquire
                0x00403fc8        0xc d:/atmel/7.0/toolchain/arm/arm-gnu-toolchain/bin/../lib/gcc/arm-none-eabi/6.3.1/../../../../arm-none-eabi/lib/thumb/v7e-m\libc.a(lib_a-findfp.o)
                0x00403fc8                __sfp_lock_acquire
 .text.__sfp_lock_release
                0x00403fd4        0xc d:/atmel/7.0/toolchain/arm/arm-gnu-toolchain/bin/../lib/gcc/arm-none-eabi/6.3.1/../../../../arm-none-eabi/lib/thumb/v7e-m\libc.a(lib_a-findfp.o)
                0x00403fd4                __sfp_lock_release
 .text.__libc_fini_array
                0x00403fe0       0x34 d:/atmel/7.0/toolchain/arm/arm-gnu-toolchain/bin/../lib/gcc/arm-none-eabi/6.3.1/../../../../arm-none-eabi/lib/thumb/v7e-m\libc.a(lib_a-fini.o)
                0x00403fe0                __libc_fini_array
 .text._malloc_trim_r
                0x00404014       0xa0 d:/atmel/7.0/toolchain/arm/arm-gnu-toolchain/bin/../lib/gcc/arm-none-eabi/6.3.1/../../../../arm-none-eabi/lib/thumb/v7e-m\libc.a(lib_a-freer.o)
                0x00404014                _malloc_trim_r
 .text._free_r  0x004040b4      0x1cc d:/atmel/7.0/toolchain/arm/arm-gnu-toolchain/bin/../lib/gcc/arm-none-eabi/6.3.1/../../../../arm-none-eabi/lib/thumb/v7e-m\libc.a(lib_a-freer.o)
                0x004040b4                _free_r
 .text._fwalk_reent
                0x00404280       0x54 d:/atmel/7.0/toolchain/arm/arm-gnu-toolchain/bin/../lib/gcc/arm-none-eabi/6.3.1/../../../../arm-none-eabi/lib/thumb/v7e-m\libc.a(lib_a-fwalk.o)
                0x00404280                _fwalk_reent
 .text.__retarget_lock_init_recursive
                0x004042d4        0x4 d:/atmel/7.0/toolchain/arm/arm-gnu-toolchain/bin/../lib/gcc/arm-none-eabi/6.3.1/../../../../arm-none-eabi/lib/thumb/v7e-m\libc.a(lib_a-lock.o)
                0x004042d4                __retarget_lock_init_recursive
 .text.__retarget_lock_close_recursive
                0x004042d8        0x4 d:/atmel/7.0/toolchain/arm/arm-gnu-toolchain/bin/../lib/gcc/arm-none-eabi/6.3.1/../../../../arm-none-eabi/lib/thumb/v7e-m\libc.a(lib_a-lock.o)
                0x004042d8                __retarget_lock_close_recursive
 .text.__retarget_lock_acquire_recursive
                0x004042dc        0x4 d:/atmel/7.0/toolchain/arm/arm-gnu-toolchain/bin/../lib/gcc/arm-none-eabi/6.3.1/../../../../arm-none-eabi/lib/thumb/v7e-m\libc.a(lib_a-lock.o)
                0x004042dc                __retarget_lock_acquire_recursive
 .text.__retarget_lock_release_recursive
                0x004042e0        0x4 d:/atmel/7.0/toolchain/arm/arm-gnu-toolchain/bin/../lib/gcc/arm-none-eabi/6.3.1/../../../../arm-none-eabi/lib/thumb/v7e-m\libc.a(lib_a-lock.o)
                0x004042e0                __retarget_lock_release_recursive
 .text.__swhatbuf_r
                0x004042e4       0x5c d:/atmel/7.0/toolchain/arm/arm-gnu-toolchain/bin/../lib/gcc/arm-none-eabi/6.3.1/../../../../arm-none-eabi/lib/thumb/v7e-m\libc.a(lib_a-makebuf.o)
                0x004042e4                __swhatbuf_r
 .text.malloc   0x00404340       0x10 d:/atmel/7.0/toolchain/arm/arm-gnu-toolchain/bin/../lib/gcc/arm-none-eabi/6.3.1/../../../../arm-none-eabi/lib/thumb/v7e-m\libc.a(lib_a-malloc.o)
                0x00404340                malloc
 .text._malloc_r
                0x00404350      0x560 d:/atmel/7.0/toolchain/arm/arm-gnu-toolchain/bin/../lib/gcc/arm-none-eabi/6.3.1/../../../../arm-none-eabi/lib/thumb/v7e-m\libc.a(lib_a-mallocr.o)
                0x00404350                _malloc_r
 .text.__malloc_lock
                0x004048b0        0xc d:/atmel/7.0/toolchain/arm/arm-gnu-toolchain/bin/../lib/gcc/arm-none-eabi/6.3.1/../../../../arm-none-eabi/lib/thumb/v7e-m\libc.a(lib_a-mlock.o)
                0x004048b0                __malloc_lock
 .text.__malloc_unlock
                0x004048bc        0xc d:/atmel/7.0/toolchain/arm/arm-gnu-toolchain/bin/../lib/gcc/arm-none-eabi/6.3.1/../../../../arm-none-eabi/lib/thumb/v7e-m\libc.a(lib_a-mlock.o)
                0x004048bc                __malloc_unlock
 .text._sbrk_r  0x004048c8       0x24 d:/atmel/7.0/toolchain/arm/arm-gnu-toolchain/bin/../lib/gcc/arm-none-eabi/6.3.1/../../../../arm-none-eabi/lib/thumb/v7e-m\libc.a(lib_a-sbrkr.o)
                0x004048c8                _sbrk_r
 .text.__sread  0x004048ec       0x24 d:/atmel/7.0/toolchain/arm/arm-gnu-toolchain/bin/../lib/gcc/arm-none-eabi/6.3.1/../../../../arm-none-eabi/lib/thumb/v7e-m\libc.a(lib_a-stdio.o)
                0x004048ec                __sread
 .text.__swrite
                0x00404910       0x3c d:/atmel/7.0/toolchain/arm/arm-gnu-toolchain/bin/../lib/gcc/arm-none-eabi/6.3.1/../../../../arm-none-eabi/lib/thumb/v7e-m\libc.a(lib_a-stdio.o)
                0x00404910                __swrite
 .text.__sseek  0x0040494c       0x20 d:/atmel/7.0/toolchain/arm/arm-gnu-toolchain/bin/../lib/gcc/arm-none-eabi/6.3.1/../../../../arm-none-eabi/lib/thumb/v7e-m\libc.a(lib_a-stdio.o)
                0x0040494c                __sseek
 .text.__sclose
                0x0040496c        0x8 d:/atmel/7.0/toolchain/arm/arm-gnu-toolchain/bin/../lib/gcc/arm-none-eabi/6.3.1/../../../../arm-none-eabi/lib/thumb/v7e-m\libc.a(lib_a-stdio.o)
                0x0040496c                __sclose
 .text._write_r
                0x00404974       0x2c d:/atmel/7.0/toolchain/arm/arm-gnu-toolchain/bin/../lib/gcc/arm-none-eabi/6.3.1/../../../../arm-none-eabi/lib/thumb/v7e-m\libc.a(lib_a-writer.o)
                0x00404974                _write_r
 .text.__register_exitproc
                0x004049a0       0xc4 d:/atmel/7.0/toolchain/arm/arm-gnu-toolchain/bin/../lib/gcc/arm-none-eabi/6.3.1/../../../../arm-none-eabi/lib/thumb/v7e-m\libc.a(lib_a-__atexit.o)
                0x004049a0                __register_exitproc
 .text._close_r
                0x00404a64       0x24 d:/atmel/7.0/toolchain/arm/arm-gnu-toolchain/bin/../lib/gcc/arm-none-eabi/6.3.1/../../../../arm-none-eabi/lib/thumb/v7e-m\libc.a(lib_a-closer.o)
                0x00404a64                _close_r
 .text._fclose_r
                0x00404a88       0xc4 d:/atmel/7.0/toolchain/arm/arm-gnu-toolchain/bin/../lib/gcc/arm-none-eabi/6.3.1/../../../../arm-none-eabi/lib/thumb/v7e-m\libc.a(lib_a-fclose.o)
                0x00404a88                _fclose_r
 .text._fstat_r
                0x00404b4c       0x28 d:/atmel/7.0/toolchain/arm/arm-gnu-toolchain/bin/../lib/gcc/arm-none-eabi/6.3.1/../../../../arm-none-eabi/lib/thumb/v7e-m\libc.a(lib_a-fstatr.o)
                0x00404b4c                _fstat_r
 .text._lseek_r
                0x00404b74       0x2c d:/atmel/7.0/toolchain/arm/arm-gnu-toolchain/bin/../lib/gcc/arm-none-eabi/6.3.1/../../../../arm-none-eabi/lib/thumb/v7e-m\libc.a(lib_a-lseekr.o)
                0x00404b74                _lseek_r
 .text._read_r  0x00404ba0       0x2c d:/atmel/7.0/toolchain/arm/arm-gnu-toolchain/bin/../lib/gcc/arm-none-eabi/6.3.1/../../../../arm-none-eabi/lib/thumb/v7e-m\libc.a(lib_a-readr.o)
                0x00404ba0                _read_r
 *(.glue_7t)
 .glue_7t       0x00404bcc        0x0 linker stubs
 *(.glue_7)
 .glue_7        0x00404bcc        0x0 linker stubs
 *(.rodata .rodata* .gnu.linkonce.r.*)
 .rodata.pow.str1.4
                0x00404bcc        0x4 d:/atmel/7.0/toolchain/arm/arm-gnu-toolchain/bin/../lib/gcc/arm-none-eabi/6.3.1/../../../../arm-none-eabi/lib/thumb/v7e-m\libm.a(lib_a-w_pow.o)
 .rodata.sqrt.str1.4
                0x00404bd0        0x5 d:/atmel/7.0/toolchain/arm/arm-gnu-toolchain/bin/../lib/gcc/arm-none-eabi/6.3.1/../../../../arm-none-eabi/lib/thumb/v7e-m\libm.a(lib_a-w_sqrt.o)
 .rodata.__ieee754_pow.str1.4
                0x00404bd5        0x8 d:/atmel/7.0/toolchain/arm/arm-gnu-toolchain/bin/../lib/gcc/arm-none-eabi/6.3.1/../../../../arm-none-eabi/lib/thumb/v7e-m\libm.a(lib_a-e_pow.o)
                                  0x1 (size before relaxing)
 *fill*         0x00404bd5        0x3 
 .rodata.TWO52  0x00404bd8       0x10 d:/atmel/7.0/toolchain/arm/arm-gnu-toolchain/bin/../lib/gcc/arm-none-eabi/6.3.1/../../../../arm-none-eabi/lib/thumb/v7e-m\libm.a(lib_a-s_rint.o)
 .rodata._global_impure_ptr
                0x00404be8        0x4 d:/atmel/7.0/toolchain/arm/arm-gnu-toolchain/bin/../lib/gcc/arm-none-eabi/6.3.1/../../../../arm-none-eabi/lib/thumb/v7e-m\libc.a(lib_a-impure.o)
                0x00404be8                _global_impure_ptr
 *(.ARM.extab* .gnu.linkonce.armextab.*)
                0x00404bec                . = ALIGN (0x4)
 *(.init)
 .init          0x00404bec        0x4 d:/atmel/7.0/toolchain/arm/arm-gnu-toolchain/bin/../lib/gcc/arm-none-eabi/6.3.1/thumb/v7e-m/crti.o
                0x00404bec                _init
 .init          0x00404bf0        0x8 d:/atmel/7.0/toolchain/arm/arm-gnu-toolchain/bin/../lib/gcc/arm-none-eabi/6.3.1/thumb/v7e-m/crtn.o
                0x00404bf8                . = ALIGN (0x4)
                0x00404bf8                __preinit_array_start = .
 *(.preinit_array)
                0x00404bf8                __preinit_array_end = .
                0x00404bf8                . = ALIGN (0x4)
                0x00404bf8                __init_array_start = .
 *(SORT(.init_array.*))
 .init_array.00000
                0x00404bf8        0x4 d:/atmel/7.0/toolchain/arm/arm-gnu-toolchain/bin/../lib/gcc/arm-none-eabi/6.3.1/../../../../arm-none-eabi/lib/thumb/v7e-m\libc.a(lib_a-__call_atexit.o)
 *(.init_array)
 .init_array    0x00404bfc        0x4 d:/atmel/7.0/toolchain/arm/arm-gnu-toolchain/bin/../lib/gcc/arm-none-eabi/6.3.1/thumb/v7e-m/crtbegin.o
                0x00404c00                __init_array_end = .
                0x00404c00                . = ALIGN (0x4)
 *crtbegin.o(.ctors)
 *(EXCLUDE_FILE(*crtend.o) .ctors)
 *(SORT(.ctors.*))
 *crtend.o(.ctors)
                0x00404c00                . = ALIGN (0x4)
 *(.fini)
 .fini          0x00404c00        0x4 d:/atmel/7.0/toolchain/arm/arm-gnu-toolchain/bin/../lib/gcc/arm-none-eabi/6.3.1/thumb/v7e-m/crti.o
                0x00404c00                _fini
 .fini          0x00404c04        0x8 d:/atmel/7.0/toolchain/arm/arm-gnu-toolchain/bin/../lib/gcc/arm-none-eabi/6.3.1/thumb/v7e-m/crtn.o
                0x00404c0c                . = ALIGN (0x4)
                0x00404c0c                __fini_array_start = .
 *(.fini_array)
 .fini_array    0x00404c0c        0x4 d:/atmel/7.0/toolchain/arm/arm-gnu-toolchain/bin/../lib/gcc/arm-none-eabi/6.3.1/thumb/v7e-m/crtbegin.o
 *(SORT(.fini_array.*))
                0x00404c10                __fini_array_end = .
 *crtbegin.o(.dtors)
 *(EXCLUDE_FILE(*crtend.o) .dtors)
 *(SORT(.dtors.*))
 *crtend.o(.dtors)
                0x00404c10                . = ALIGN (0x4)
                0x00404c10                _efixed = .
                [!provide]                PROVIDE (__exidx_start, .)

.vfp11_veneer   0x00404c10        0x0
 .vfp11_veneer  0x00404c10        0x0 linker stubs

.v4_bx          0x00404c10        0x0
 .v4_bx         0x00404c10        0x0 linker stubs

.iplt           0x00404c10        0x0
 .iplt          0x00404c10        0x0 d:/atmel/7.0/toolchain/arm/arm-gnu-toolchain/bin/../lib/gcc/arm-none-eabi/6.3.1/thumb/v7e-m/crtbegin.o

.ARM.exidx      0x00404c10        0x8
 *(.ARM.exidx* .gnu.linkonce.armexidx.*)
 .ARM.exidx     0x00404c10        0x8 d:/atmel/7.0/toolchain/arm/arm-gnu-toolchain/bin/../lib/gcc/arm-none-eabi/6.3.1/thumb/v7e-m\libgcc.a(_udivmoddi4.o)
                [!provide]                PROVIDE (__exidx_end, .)

.eh_frame       0x00404c18        0x0
 .eh_frame      0x00404c18        0x0 d:/atmel/7.0/toolchain/arm/arm-gnu-toolchain/bin/../lib/gcc/arm-none-eabi/6.3.1/thumb/v7e-m/crtbegin.o

.rel.dyn        0x00404c18        0x0
 .rel.iplt      0x00404c18        0x0 d:/atmel/7.0/toolchain/arm/arm-gnu-toolchain/bin/../lib/gcc/arm-none-eabi/6.3.1/thumb/v7e-m/crtbegin.o

.jcr            0x00404c18        0x0
 .jcr           0x00404c18        0x0 d:/atmel/7.0/toolchain/arm/arm-gnu-toolchain/bin/../lib/gcc/arm-none-eabi/6.3.1/thumb/v7e-m/crtbegin.o

.igot.plt       0x00404c18        0x0
 .igot.plt      0x00404c18        0x0 d:/atmel/7.0/toolchain/arm/arm-gnu-toolchain/bin/../lib/gcc/arm-none-eabi/6.3.1/thumb/v7e-m/crtbegin.o
                0x00404c18                . = ALIGN (0x4)
                0x00404c18                _etext = .

.relocate       0x20000000      0x85c load address 0x00404c18
                0x20000000                . = ALIGN (0x4)
                0x20000000                _srelocate = .
 *(.ramfunc .ramfunc.*)
 *(.data .data.*)
 .data.half_cycle_length
                0x20000000        0x2 src/Algorithms.o
                0x20000000                half_cycle_length
 .data.g_interrupt_enabled
                0x20000002        0x1 src/ASF/common/utils/interrupt/interrupt_sam_nvic.o
                0x20000002                g_interrupt_enabled
 *fill*         0x20000003        0x1 
 .data.SystemCoreClock
                0x20000004        0x4 src/ASF/sam/utils/cmsis/sam4e/source/templates/system_sam4e.o
                0x20000004                SystemCoreClock
 .data.afec_buffer_collector
                0x20000008        0x4 src/buffer.o
                0x20000008                afec_buffer_collector
 .data.algorithm_buffer
                0x2000000c        0x4 src/buffer.o
                0x2000000c                algorithm_buffer
 .data.transmit_buffer
                0x20000010        0x4 src/buffer.o
                0x20000010                transmit_buffer
 .data.__fdlib_version
                0x20000014        0x1 d:/atmel/7.0/toolchain/arm/arm-gnu-toolchain/bin/../lib/gcc/arm-none-eabi/6.3.1/../../../../arm-none-eabi/lib/thumb/v7e-m\libm.a(lib_a-s_lib_ver.o)
                0x20000014                __fdlib_version
 *fill*         0x20000015        0x3 
 .data._impure_ptr
                0x20000018        0x4 d:/atmel/7.0/toolchain/arm/arm-gnu-toolchain/bin/../lib/gcc/arm-none-eabi/6.3.1/../../../../arm-none-eabi/lib/thumb/v7e-m\libc.a(lib_a-impure.o)
                0x20000018                _impure_ptr
 *fill*         0x2000001c        0x4 
 .data.impure_data
                0x20000020      0x428 d:/atmel/7.0/toolchain/arm/arm-gnu-toolchain/bin/../lib/gcc/arm-none-eabi/6.3.1/../../../../arm-none-eabi/lib/thumb/v7e-m\libc.a(lib_a-impure.o)
 .data.__atexit_recursive_mutex
                0x20000448        0x4 d:/atmel/7.0/toolchain/arm/arm-gnu-toolchain/bin/../lib/gcc/arm-none-eabi/6.3.1/../../../../arm-none-eabi/lib/thumb/v7e-m\libc.a(lib_a-__call_atexit.o)
                0x20000448                __atexit_recursive_mutex
 .data.__malloc_av_
                0x2000044c      0x408 d:/atmel/7.0/toolchain/arm/arm-gnu-toolchain/bin/../lib/gcc/arm-none-eabi/6.3.1/../../../../arm-none-eabi/lib/thumb/v7e-m\libc.a(lib_a-mallocr.o)
                0x2000044c                __malloc_av_
 .data.__malloc_sbrk_base
                0x20000854        0x4 d:/atmel/7.0/toolchain/arm/arm-gnu-toolchain/bin/../lib/gcc/arm-none-eabi/6.3.1/../../../../arm-none-eabi/lib/thumb/v7e-m\libc.a(lib_a-mallocr.o)
                0x20000854                __malloc_sbrk_base
 .data.__malloc_trim_threshold
                0x20000858        0x4 d:/atmel/7.0/toolchain/arm/arm-gnu-toolchain/bin/../lib/gcc/arm-none-eabi/6.3.1/../../../../arm-none-eabi/lib/thumb/v7e-m\libc.a(lib_a-mallocr.o)
                0x20000858                __malloc_trim_threshold
                0x2000085c                . = ALIGN (0x4)
                0x2000085c                _erelocate = .

.bss            0x20000860     0xc5e8 load address 0x00405478
                0x20000860                . = ALIGN (0x4)
                0x20000860                _sbss = .
                0x20000860                _szero = .
 *(.bss .bss.*)
 .bss           0x20000860       0x1c d:/atmel/7.0/toolchain/arm/arm-gnu-toolchain/bin/../lib/gcc/arm-none-eabi/6.3.1/thumb/v7e-m/crtbegin.o
 .bss.config    0x2000087c        0x5 src/SerialCommunication_BPM.o
                0x2000087c                config
 *fill*         0x20000881        0x3 
 .bss.host_command
                0x20000884        0x3 src/SerialCommunication_BPM.o
                0x20000884                host_command
 *fill*         0x20000887        0x1 
 .bss.heap.6420
                0x20000888        0x4 src/ASF/sam/utils/syscalls/gcc/syscalls.o
 .bss.serial_rx_buf
                0x2000088c       0x9c src/ASF/thirdparty/wireless/addons/sio2host/uart/sio2host.o
 .bss.serial_rx_buf_tail
                0x20000928        0x1 src/ASF/thirdparty/wireless/addons/sio2host/uart/sio2host.o
 *fill*         0x20000929        0x3 
 .bss.buffer0   0x2000092c     0x411c src/buffer.o
                0x2000092c                buffer0
 .bss.buffer2   0x20004a48     0x411c src/buffer.o
                0x20004a48                buffer2
 .bss.buffer3   0x20008b64     0x411c src/buffer.o
                0x20008b64                buffer3
 .bss.bufferIndexCollector
                0x2000cc80        0x2 src/buffer.o
                0x2000cc80                bufferIndexCollector
 .bss.bufferIndexFiducial
                0x2000cc82        0x2 src/buffer.o
                0x2000cc82                bufferIndexFiducial
 .bss.buffersFilled
                0x2000cc84        0x2 src/buffer.o
                0x2000cc84                buffersFilled
 .bss.collector_sample_data
                0x2000cc86        0x2 src/main.o
                0x2000cc86                collector_sample_data
 .bss.fullBuffer
                0x2000cc88        0x1 src/main.o
                0x2000cc88                fullBuffer
 .bss.triggered
                0x2000cc89        0x1 src/main.o
                0x2000cc89                triggered
 *fill*         0x2000cc8a        0x2 
 .bss.__malloc_current_mallinfo
                0x2000cc8c       0x28 d:/atmel/7.0/toolchain/arm/arm-gnu-toolchain/bin/../lib/gcc/arm-none-eabi/6.3.1/../../../../arm-none-eabi/lib/thumb/v7e-m\libc.a(lib_a-mallocr.o)
                0x2000cc8c                __malloc_current_mallinfo
 .bss.__malloc_max_sbrked_mem
                0x2000ccb4        0x4 d:/atmel/7.0/toolchain/arm/arm-gnu-toolchain/bin/../lib/gcc/arm-none-eabi/6.3.1/../../../../arm-none-eabi/lib/thumb/v7e-m\libc.a(lib_a-mallocr.o)
                0x2000ccb4                __malloc_max_sbrked_mem
 .bss.__malloc_max_total_mem
                0x2000ccb8        0x4 d:/atmel/7.0/toolchain/arm/arm-gnu-toolchain/bin/../lib/gcc/arm-none-eabi/6.3.1/../../../../arm-none-eabi/lib/thumb/v7e-m\libc.a(lib_a-mallocr.o)
                0x2000ccb8                __malloc_max_total_mem
 .bss.__malloc_top_pad
                0x2000ccbc        0x4 d:/atmel/7.0/toolchain/arm/arm-gnu-toolchain/bin/../lib/gcc/arm-none-eabi/6.3.1/../../../../arm-none-eabi/lib/thumb/v7e-m\libc.a(lib_a-mallocr.o)
                0x2000ccbc                __malloc_top_pad
 *(COMMON)
 COMMON         0x2000ccc0       0x78 src/Algorithms.o
                0x2000ccc0                send_buffer
                0x2000ccc8                beam_parameters
 COMMON         0x2000cd38       0x1c src/SerialCommunication_BPM.o
                0x2000cd38                beam_parameters_packet
                0x2000cd40                cycle_plot_packet
                0x2000cd48                g_p_uart_pdc
                0x2000cd4c                g_pdc_uart_packet
 COMMON         0x2000cd54        0x6 src/ASF/common/services/sleepmgr/sam/sleepmgr.o
                0x2000cd54                sleepmgr_locks
 *fill*         0x2000cd5a        0x2 
 COMMON         0x2000cd5c        0x4 src/ASF/common/utils/stdio/read.o
                0x2000cd5c                ptr_get
 COMMON         0x2000cd60        0x8 src/ASF/common/utils/stdio/write.o
                0x2000cd60                ptr_put
                0x2000cd64                stdio_base
 COMMON         0x2000cd68       0xb8 src/ASF/sam/drivers/afec/afec.o
                0x2000cd68                afec_callback_pointer
 COMMON         0x2000ce20       0x21 d:/atmel/7.0/toolchain/arm/arm-gnu-toolchain/bin/../lib/gcc/arm-none-eabi/6.3.1/../../../../arm-none-eabi/lib/thumb/v7e-m\libc.a(lib_a-lock.o)
                0x2000ce20                __lock___atexit_recursive_mutex
                0x2000ce24                __lock___arc4random_mutex
                0x2000ce28                __lock___env_recursive_mutex
                0x2000ce2c                __lock___sinit_recursive_mutex
                0x2000ce30                __lock___malloc_recursive_mutex
                0x2000ce34                __lock___at_quick_exit_mutex
                0x2000ce38                __lock___dd_hash_mutex
                0x2000ce3c                __lock___tz_mutex
                0x2000ce40                __lock___sfp_recursive_mutex
 *fill*         0x2000ce41        0x3 
 COMMON         0x2000ce44        0x4 d:/atmel/7.0/toolchain/arm/arm-gnu-toolchain/bin/../lib/gcc/arm-none-eabi/6.3.1/../../../../arm-none-eabi/lib/thumb/v7e-m\libc.a(lib_a-reent.o)
                0x2000ce44                errno
                0x2000ce48                . = ALIGN (0x4)
                0x2000ce48                _ebss = .
                0x2000ce48                _ezero = .

.stack          0x2000ce48     0x3000 load address 0x00411a60
                0x2000ce48                . = ALIGN (0x8)
                0x2000ce48                _sstack = .
                0x2000fe48                . = (. + __stack_size__)
 *fill*         0x2000ce48     0x3000 
                0x2000fe48                . = ALIGN (0x8)
                0x2000fe48                _estack = .
                0x2000fe48                . = ALIGN (0x4)
                0x2000fe48                _end = .
OUTPUT(BPM_Digitizer_Analyser.elf elf32-littlearm)

.ARM.attributes
                0x00000000       0x2e
 .ARM.attributes
                0x00000000       0x1e d:/atmel/7.0/toolchain/arm/arm-gnu-toolchain/bin/../lib/gcc/arm-none-eabi/6.3.1/thumb/v7e-m/crti.o
 .ARM.attributes
                0x0000001e       0x2e d:/atmel/7.0/toolchain/arm/arm-gnu-toolchain/bin/../lib/gcc/arm-none-eabi/6.3.1/thumb/v7e-m/crtbegin.o
 .ARM.attributes
                0x0000004c       0x37 src/Algorithms.o
 .ARM.attributes
                0x00000083       0x37 src/ASF/sam/drivers/pdc/pdc.o
 .ARM.attributes
                0x000000ba       0x37 src/SerialCommunication_BPM.o
 .ARM.attributes
                0x000000f1       0x37 src/ASF/common/services/clock/sam4e/sysclk.o
 .ARM.attributes
                0x00000128       0x37 src/ASF/common/services/serial/usart_serial.o
 .ARM.attributes
                0x0000015f       0x37 src/ASF/common/services/sleepmgr/sam/sleepmgr.o
 .ARM.attributes
                0x00000196       0x37 src/ASF/common/utils/interrupt/interrupt_sam_nvic.o
 .ARM.attributes
                0x000001cd       0x37 src/ASF/common/utils/stdio/read.o
 .ARM.attributes
                0x00000204       0x37 src/ASF/common/utils/stdio/write.o
 .ARM.attributes
                0x0000023b       0x37 src/ASF/sam/boards/sam4e_xplained_pro/init.o
 .ARM.attributes
                0x00000272       0x37 src/ASF/sam/drivers/acc/acc.o
 .ARM.attributes
                0x000002a9       0x37 src/ASF/sam/drivers/afec/afec.o
 .ARM.attributes
                0x000002e0       0x37 src/ASF/sam/drivers/dacc/dacc.o
 .ARM.attributes
                0x00000317       0x37 src/ASF/sam/drivers/pmc/pmc.o
 .ARM.attributes
                0x0000034e       0x37 src/ASF/sam/drivers/tc/tc.o
 .ARM.attributes
                0x00000385       0x37 src/ASF/sam/drivers/uart/uart.o
 .ARM.attributes
                0x000003bc       0x37 src/ASF/sam/drivers/usart/usart.o
 .ARM.attributes
                0x000003f3       0x37 src/ASF/sam/utils/cmsis/sam4e/source/templates/exceptions.o
 .ARM.attributes
                0x0000042a       0x37 src/ASF/sam/utils/cmsis/sam4e/source/templates/gcc/startup_sam4e.o
 .ARM.attributes
                0x00000461       0x37 src/ASF/sam/utils/cmsis/sam4e/source/templates/system_sam4e.o
 .ARM.attributes
                0x00000498       0x37 src/ASF/sam/utils/syscalls/gcc/syscalls.o
 .ARM.attributes
                0x000004cf       0x37 src/ASF/thirdparty/wireless/addons/sio2host/uart/sio2host.o
 .ARM.attributes
                0x00000506       0x37 src/buffer.o
 .ARM.attributes
                0x0000053d       0x37 src/main.o
 .ARM.attributes
                0x00000574       0x2e d:/atmel/7.0/toolchain/arm/arm-gnu-toolchain/bin/../lib/gcc/arm-none-eabi/6.3.1/../../../../arm-none-eabi/lib/thumb/v7e-m\libm.a(lib_a-w_pow.o)
 .ARM.attributes
                0x000005a2       0x2e d:/atmel/7.0/toolchain/arm/arm-gnu-toolchain/bin/../lib/gcc/arm-none-eabi/6.3.1/../../../../arm-none-eabi/lib/thumb/v7e-m\libm.a(lib_a-w_sqrt.o)
 .ARM.attributes
                0x000005d0       0x2e d:/atmel/7.0/toolchain/arm/arm-gnu-toolchain/bin/../lib/gcc/arm-none-eabi/6.3.1/../../../../arm-none-eabi/lib/thumb/v7e-m\libm.a(lib_a-e_pow.o)
 .ARM.attributes
                0x000005fe       0x2e d:/atmel/7.0/toolchain/arm/arm-gnu-toolchain/bin/../lib/gcc/arm-none-eabi/6.3.1/../../../../arm-none-eabi/lib/thumb/v7e-m\libm.a(lib_a-e_sqrt.o)
 .ARM.attributes
                0x0000062c       0x2e d:/atmel/7.0/toolchain/arm/arm-gnu-toolchain/bin/../lib/gcc/arm-none-eabi/6.3.1/../../../../arm-none-eabi/lib/thumb/v7e-m\libm.a(lib_a-s_fabs.o)
 .ARM.attributes
                0x0000065a       0x2e d:/atmel/7.0/toolchain/arm/arm-gnu-toolchain/bin/../lib/gcc/arm-none-eabi/6.3.1/../../../../arm-none-eabi/lib/thumb/v7e-m\libm.a(lib_a-s_finite.o)
 .ARM.attributes
                0x00000688       0x2e d:/atmel/7.0/toolchain/arm/arm-gnu-toolchain/bin/../lib/gcc/arm-none-eabi/6.3.1/../../../../arm-none-eabi/lib/thumb/v7e-m\libm.a(lib_a-s_lib_ver.o)
 .ARM.attributes
                0x000006b6       0x2e d:/atmel/7.0/toolchain/arm/arm-gnu-toolchain/bin/../lib/gcc/arm-none-eabi/6.3.1/../../../../arm-none-eabi/lib/thumb/v7e-m\libm.a(lib_a-s_matherr.o)
 .ARM.attributes
                0x000006e4       0x2e d:/atmel/7.0/toolchain/arm/arm-gnu-toolchain/bin/../lib/gcc/arm-none-eabi/6.3.1/../../../../arm-none-eabi/lib/thumb/v7e-m\libm.a(lib_a-s_nan.o)
 .ARM.attributes
                0x00000712       0x2e d:/atmel/7.0/toolchain/arm/arm-gnu-toolchain/bin/../lib/gcc/arm-none-eabi/6.3.1/../../../../arm-none-eabi/lib/thumb/v7e-m\libm.a(lib_a-s_rint.o)
 .ARM.attributes
                0x00000740       0x2e d:/atmel/7.0/toolchain/arm/arm-gnu-toolchain/bin/../lib/gcc/arm-none-eabi/6.3.1/../../../../arm-none-eabi/lib/thumb/v7e-m\libm.a(lib_a-s_scalbn.o)
 .ARM.attributes
                0x0000076e       0x2e d:/atmel/7.0/toolchain/arm/arm-gnu-toolchain/bin/../lib/gcc/arm-none-eabi/6.3.1/../../../../arm-none-eabi/lib/thumb/v7e-m\libm.a(lib_a-s_copysign.o)
 .ARM.attributes
                0x0000079c       0x1e d:/atmel/7.0/toolchain/arm/arm-gnu-toolchain/bin/../lib/gcc/arm-none-eabi/6.3.1/thumb/v7e-m\libgcc.a(_arm_addsubdf3.o)
 .ARM.attributes
                0x000007ba       0x1e d:/atmel/7.0/toolchain/arm/arm-gnu-toolchain/bin/../lib/gcc/arm-none-eabi/6.3.1/thumb/v7e-m\libgcc.a(_arm_muldivdf3.o)
 .ARM.attributes
                0x000007d8       0x1e d:/atmel/7.0/toolchain/arm/arm-gnu-toolchain/bin/../lib/gcc/arm-none-eabi/6.3.1/thumb/v7e-m\libgcc.a(_arm_cmpdf2.o)
 .ARM.attributes
                0x000007f6       0x1e d:/atmel/7.0/toolchain/arm/arm-gnu-toolchain/bin/../lib/gcc/arm-none-eabi/6.3.1/thumb/v7e-m\libgcc.a(_arm_unorddf2.o)
 .ARM.attributes
                0x00000814       0x1e d:/atmel/7.0/toolchain/arm/arm-gnu-toolchain/bin/../lib/gcc/arm-none-eabi/6.3.1/thumb/v7e-m\libgcc.a(_arm_fixunsdfsi.o)
 .ARM.attributes
                0x00000832       0x1e d:/atmel/7.0/toolchain/arm/arm-gnu-toolchain/bin/../lib/gcc/arm-none-eabi/6.3.1/thumb/v7e-m\libgcc.a(_aeabi_ldivmod.o)
 .ARM.attributes
                0x00000850       0x2e d:/atmel/7.0/toolchain/arm/arm-gnu-toolchain/bin/../lib/gcc/arm-none-eabi/6.3.1/thumb/v7e-m\libgcc.a(_fixdfdi.o)
 .ARM.attributes
                0x0000087e       0x2e d:/atmel/7.0/toolchain/arm/arm-gnu-toolchain/bin/../lib/gcc/arm-none-eabi/6.3.1/thumb/v7e-m\libgcc.a(_fixunsdfdi.o)
 .ARM.attributes
                0x000008ac       0x2e d:/atmel/7.0/toolchain/arm/arm-gnu-toolchain/bin/../lib/gcc/arm-none-eabi/6.3.1/thumb/v7e-m\libgcc.a(_udivmoddi4.o)
 .ARM.attributes
                0x000008da       0x1e d:/atmel/7.0/toolchain/arm/arm-gnu-toolchain/bin/../lib/gcc/arm-none-eabi/6.3.1/thumb/v7e-m\libgcc.a(_dvmd_tls.o)
 .ARM.attributes
                0x000008f8       0x2e d:/atmel/7.0/toolchain/arm/arm-gnu-toolchain/bin/../lib/gcc/arm-none-eabi/6.3.1/../../../../arm-none-eabi/lib/thumb/v7e-m\libc.a(lib_a-errno.o)
 .ARM.attributes
                0x00000926       0x2e d:/atmel/7.0/toolchain/arm/arm-gnu-toolchain/bin/../lib/gcc/arm-none-eabi/6.3.1/../../../../arm-none-eabi/lib/thumb/v7e-m\libc.a(lib_a-impure.o)
 .ARM.attributes
                0x00000954       0x2e d:/atmel/7.0/toolchain/arm/arm-gnu-toolchain/bin/../lib/gcc/arm-none-eabi/6.3.1/../../../../arm-none-eabi/lib/thumb/v7e-m\libc.a(lib_a-init.o)
 .ARM.attributes
                0x00000982       0x2e d:/atmel/7.0/toolchain/arm/arm-gnu-toolchain/bin/../lib/gcc/arm-none-eabi/6.3.1/../../../../arm-none-eabi/lib/thumb/v7e-m\libc.a(lib_a-memset.o)
 .ARM.attributes
                0x000009b0       0x2e d:/atmel/7.0/toolchain/arm/arm-gnu-toolchain/bin/../lib/gcc/arm-none-eabi/6.3.1/../../../../arm-none-eabi/lib/thumb/v7e-m\libc.a(lib_a-setbuf.o)
 .ARM.attributes
                0x000009de       0x2e d:/atmel/7.0/toolchain/arm/arm-gnu-toolchain/bin/../lib/gcc/arm-none-eabi/6.3.1/../../../../arm-none-eabi/lib/thumb/v7e-m\libc.a(lib_a-setvbuf.o)
 .ARM.attributes
                0x00000a0c       0x2e d:/atmel/7.0/toolchain/arm/arm-gnu-toolchain/bin/../lib/gcc/arm-none-eabi/6.3.1/../../../../arm-none-eabi/lib/thumb/v7e-m\libc.a(lib_a-__call_atexit.o)
 .ARM.attributes
                0x00000a3a       0x2e d:/atmel/7.0/toolchain/arm/arm-gnu-toolchain/bin/../lib/gcc/arm-none-eabi/6.3.1/../../../../arm-none-eabi/lib/thumb/v7e-m\libc.a(lib_a-atexit.o)
 .ARM.attributes
                0x00000a68       0x2e d:/atmel/7.0/toolchain/arm/arm-gnu-toolchain/bin/../lib/gcc/arm-none-eabi/6.3.1/../../../../arm-none-eabi/lib/thumb/v7e-m\libc.a(lib_a-fflush.o)
 .ARM.attributes
                0x00000a96       0x2e d:/atmel/7.0/toolchain/arm/arm-gnu-toolchain/bin/../lib/gcc/arm-none-eabi/6.3.1/../../../../arm-none-eabi/lib/thumb/v7e-m\libc.a(lib_a-findfp.o)
 .ARM.attributes
                0x00000ac4       0x2e d:/atmel/7.0/toolchain/arm/arm-gnu-toolchain/bin/../lib/gcc/arm-none-eabi/6.3.1/../../../../arm-none-eabi/lib/thumb/v7e-m\libc.a(lib_a-fini.o)
 .ARM.attributes
                0x00000af2       0x2e d:/atmel/7.0/toolchain/arm/arm-gnu-toolchain/bin/../lib/gcc/arm-none-eabi/6.3.1/../../../../arm-none-eabi/lib/thumb/v7e-m\libc.a(lib_a-freer.o)
 .ARM.attributes
                0x00000b20       0x2e d:/atmel/7.0/toolchain/arm/arm-gnu-toolchain/bin/../lib/gcc/arm-none-eabi/6.3.1/../../../../arm-none-eabi/lib/thumb/v7e-m\libc.a(lib_a-fwalk.o)
 .ARM.attributes
                0x00000b4e       0x2e d:/atmel/7.0/toolchain/arm/arm-gnu-toolchain/bin/../lib/gcc/arm-none-eabi/6.3.1/../../../../arm-none-eabi/lib/thumb/v7e-m\libc.a(lib_a-lock.o)
 .ARM.attributes
                0x00000b7c       0x2e d:/atmel/7.0/toolchain/arm/arm-gnu-toolchain/bin/../lib/gcc/arm-none-eabi/6.3.1/../../../../arm-none-eabi/lib/thumb/v7e-m\libc.a(lib_a-makebuf.o)
 .ARM.attributes
                0x00000baa       0x2e d:/atmel/7.0/toolchain/arm/arm-gnu-toolchain/bin/../lib/gcc/arm-none-eabi/6.3.1/../../../../arm-none-eabi/lib/thumb/v7e-m\libc.a(lib_a-malloc.o)
 .ARM.attributes
                0x00000bd8       0x2e d:/atmel/7.0/toolchain/arm/arm-gnu-toolchain/bin/../lib/gcc/arm-none-eabi/6.3.1/../../../../arm-none-eabi/lib/thumb/v7e-m\libc.a(lib_a-mallocr.o)
 .ARM.attributes
                0x00000c06       0x2e d:/atmel/7.0/toolchain/arm/arm-gnu-toolchain/bin/../lib/gcc/arm-none-eabi/6.3.1/../../../../arm-none-eabi/lib/thumb/v7e-m\libc.a(lib_a-mlock.o)
 .ARM.attributes
                0x00000c34       0x2e d:/atmel/7.0/toolchain/arm/arm-gnu-toolchain/bin/../lib/gcc/arm-none-eabi/6.3.1/../../../../arm-none-eabi/lib/thumb/v7e-m\libc.a(lib_a-sbrkr.o)
 .ARM.attributes
                0x00000c62       0x2e d:/atmel/7.0/toolchain/arm/arm-gnu-toolchain/bin/../lib/gcc/arm-none-eabi/6.3.1/../../../../arm-none-eabi/lib/thumb/v7e-m\libc.a(lib_a-stdio.o)
 .ARM.attributes
                0x00000c90       0x2e d:/atmel/7.0/toolchain/arm/arm-gnu-toolchain/bin/../lib/gcc/arm-none-eabi/6.3.1/../../../../arm-none-eabi/lib/thumb/v7e-m\libc.a(lib_a-writer.o)
 .ARM.attributes
                0x00000cbe       0x2e d:/atmel/7.0/toolchain/arm/arm-gnu-toolchain/bin/../lib/gcc/arm-none-eabi/6.3.1/../../../../arm-none-eabi/lib/thumb/v7e-m\libc.a(lib_a-__atexit.o)
 .ARM.attributes
                0x00000cec       0x2e d:/atmel/7.0/toolchain/arm/arm-gnu-toolchain/bin/../lib/gcc/arm-none-eabi/6.3.1/../../../../arm-none-eabi/lib/thumb/v7e-m\libc.a(lib_a-closer.o)
 .ARM.attributes
                0x00000d1a       0x2e d:/atmel/7.0/toolchain/arm/arm-gnu-toolchain/bin/../lib/gcc/arm-none-eabi/6.3.1/../../../../arm-none-eabi/lib/thumb/v7e-m\libc.a(lib_a-fclose.o)
 .ARM.attributes
                0x00000d48       0x2e d:/atmel/7.0/toolchain/arm/arm-gnu-toolchain/bin/../lib/gcc/arm-none-eabi/6.3.1/../../../../arm-none-eabi/lib/thumb/v7e-m\libc.a(lib_a-fstatr.o)
 .ARM.attributes
                0x00000d76       0x2e d:/atmel/7.0/toolchain/arm/arm-gnu-toolchain/bin/../lib/gcc/arm-none-eabi/6.3.1/../../../../arm-none-eabi/lib/thumb/v7e-m\libc.a(lib_a-lseekr.o)
 .ARM.attributes
                0x00000da4       0x2e d:/atmel/7.0/toolchain/arm/arm-gnu-toolchain/bin/../lib/gcc/arm-none-eabi/6.3.1/../../../../arm-none-eabi/lib/thumb/v7e-m\libc.a(lib_a-readr.o)
 .ARM.attributes
                0x00000dd2       0x2e d:/atmel/7.0/toolchain/arm/arm-gnu-toolchain/bin/../lib/gcc/arm-none-eabi/6.3.1/../../../../arm-none-eabi/lib/thumb/v7e-m\libc.a(lib_a-reent.o)
 .ARM.attributes
                0x00000e00       0x1e d:/atmel/7.0/toolchain/arm/arm-gnu-toolchain/bin/../lib/gcc/arm-none-eabi/6.3.1/thumb/v7e-m/crtn.o

.comment        0x00000000       0x59
 .comment       0x00000000       0x59 src/Algorithms.o
                                 0x5a (size before relaxing)
 .comment       0x00000059       0x5a src/ASF/sam/drivers/pdc/pdc.o
 .comment       0x00000059       0x5a src/SerialCommunication_BPM.o
 .comment       0x00000059       0x5a src/ASF/common/services/clock/sam4e/sysclk.o
 .comment       0x00000059       0x5a src/ASF/common/services/serial/usart_serial.o
 .comment       0x00000059       0x5a src/ASF/common/services/sleepmgr/sam/sleepmgr.o
 .comment       0x00000059       0x5a src/ASF/common/utils/interrupt/interrupt_sam_nvic.o
 .comment       0x00000059       0x5a src/ASF/common/utils/stdio/read.o
 .comment       0x00000059       0x5a src/ASF/common/utils/stdio/write.o
 .comment       0x00000059       0x5a src/ASF/sam/boards/sam4e_xplained_pro/init.o
 .comment       0x00000059       0x5a src/ASF/sam/drivers/acc/acc.o
 .comment       0x00000059       0x5a src/ASF/sam/drivers/afec/afec.o
 .comment       0x00000059       0x5a src/ASF/sam/drivers/dacc/dacc.o
 .comment       0x00000059       0x5a src/ASF/sam/drivers/pmc/pmc.o
 .comment       0x00000059       0x5a src/ASF/sam/drivers/tc/tc.o
 .comment       0x00000059       0x5a src/ASF/sam/drivers/uart/uart.o
 .comment       0x00000059       0x5a src/ASF/sam/drivers/usart/usart.o
 .comment       0x00000059       0x5a src/ASF/sam/utils/cmsis/sam4e/source/templates/exceptions.o
 .comment       0x00000059       0x5a src/ASF/sam/utils/cmsis/sam4e/source/templates/gcc/startup_sam4e.o
 .comment       0x00000059       0x5a src/ASF/sam/utils/cmsis/sam4e/source/templates/system_sam4e.o
 .comment       0x00000059       0x5a src/ASF/sam/utils/syscalls/gcc/syscalls.o
 .comment       0x00000059       0x5a src/ASF/thirdparty/wireless/addons/sio2host/uart/sio2host.o
 .comment       0x00000059       0x5a src/buffer.o
 .comment       0x00000059       0x5a src/main.o

.debug_info     0x00000000    0x1bf57
 .debug_info    0x00000000     0x13c7 src/Algorithms.o
 .debug_info    0x000013c7      0xdbb src/ASF/sam/drivers/pdc/pdc.o
 .debug_info    0x00002182     0x1c0a src/SerialCommunication_BPM.o
 .debug_info    0x00003d8c     0x12b0 src/ASF/common/services/clock/sam4e/sysclk.o
 .debug_info    0x0000503c     0x10fb src/ASF/common/services/serial/usart_serial.o
 .debug_info    0x00006137      0xa8e src/ASF/common/services/sleepmgr/sam/sleepmgr.o
 .debug_info    0x00006bc5      0xaff src/ASF/common/utils/interrupt/interrupt_sam_nvic.o
 .debug_info    0x000076c4      0xac9 src/ASF/common/utils/stdio/read.o
 .debug_info    0x0000818d      0xac6 src/ASF/common/utils/stdio/write.o
 .debug_info    0x00008c53     0x16fb src/ASF/sam/boards/sam4e_xplained_pro/init.o
 .debug_info    0x0000a34e      0xde1 src/ASF/sam/drivers/acc/acc.o
 .debug_info    0x0000b12f     0x2179 src/ASF/sam/drivers/afec/afec.o
 .debug_info    0x0000d2a8     0x1144 src/ASF/sam/drivers/dacc/dacc.o
 .debug_info    0x0000e3ec     0x18b1 src/ASF/sam/drivers/pmc/pmc.o
 .debug_info    0x0000fc9d     0x131a src/ASF/sam/drivers/tc/tc.o
 .debug_info    0x00010fb7     0x11ae src/ASF/sam/drivers/uart/uart.o
 .debug_info    0x00012165     0x2039 src/ASF/sam/drivers/usart/usart.o
 .debug_info    0x0001419e       0xdc src/ASF/sam/utils/cmsis/sam4e/source/templates/exceptions.o
 .debug_info    0x0001427a     0x1240 src/ASF/sam/utils/cmsis/sam4e/source/templates/gcc/startup_sam4e.o
 .debug_info    0x000154ba      0x495 src/ASF/sam/utils/cmsis/sam4e/source/templates/system_sam4e.o
 .debug_info    0x0001594f      0xdb0 src/ASF/sam/utils/syscalls/gcc/syscalls.o
 .debug_info    0x000166ff     0x19c3 src/ASF/thirdparty/wireless/addons/sio2host/uart/sio2host.o
 .debug_info    0x000180c2     0x10d9 src/buffer.o
 .debug_info    0x0001919b     0x2dbc src/main.o

.debug_abbrev   0x00000000     0x41c4
 .debug_abbrev  0x00000000      0x2fd src/Algorithms.o
 .debug_abbrev  0x000002fd      0x230 src/ASF/sam/drivers/pdc/pdc.o
 .debug_abbrev  0x0000052d      0x3d4 src/SerialCommunication_BPM.o
 .debug_abbrev  0x00000901      0x32c src/ASF/common/services/clock/sam4e/sysclk.o
 .debug_abbrev  0x00000c2d      0x2b1 src/ASF/common/services/serial/usart_serial.o
 .debug_abbrev  0x00000ede      0x1b2 src/ASF/common/services/sleepmgr/sam/sleepmgr.o
 .debug_abbrev  0x00001090      0x221 src/ASF/common/utils/interrupt/interrupt_sam_nvic.o
 .debug_abbrev  0x000012b1      0x1fe src/ASF/common/utils/stdio/read.o
 .debug_abbrev  0x000014af      0x1e9 src/ASF/common/utils/stdio/write.o
 .debug_abbrev  0x00001698      0x2e4 src/ASF/sam/boards/sam4e_xplained_pro/init.o
 .debug_abbrev  0x0000197c      0x275 src/ASF/sam/drivers/acc/acc.o
 .debug_abbrev  0x00001bf1      0x4d7 src/ASF/sam/drivers/afec/afec.o
 .debug_abbrev  0x000020c8      0x29e src/ASF/sam/drivers/dacc/dacc.o
 .debug_abbrev  0x00002366      0x315 src/ASF/sam/drivers/pmc/pmc.o
 .debug_abbrev  0x0000267b      0x2a0 src/ASF/sam/drivers/tc/tc.o
 .debug_abbrev  0x0000291b      0x288 src/ASF/sam/drivers/uart/uart.o
 .debug_abbrev  0x00002ba3      0x406 src/ASF/sam/drivers/usart/usart.o
 .debug_abbrev  0x00002fa9       0x7d src/ASF/sam/utils/cmsis/sam4e/source/templates/exceptions.o
 .debug_abbrev  0x00003026      0x2bd src/ASF/sam/utils/cmsis/sam4e/source/templates/gcc/startup_sam4e.o
 .debug_abbrev  0x000032e3      0x102 src/ASF/sam/utils/cmsis/sam4e/source/templates/system_sam4e.o
 .debug_abbrev  0x000033e5      0x264 src/ASF/sam/utils/syscalls/gcc/syscalls.o
 .debug_abbrev  0x00003649      0x41d src/ASF/thirdparty/wireless/addons/sio2host/uart/sio2host.o
 .debug_abbrev  0x00003a66      0x323 src/buffer.o
 .debug_abbrev  0x00003d89      0x43b src/main.o

.debug_loc      0x00000000     0x527f
 .debug_loc     0x00000000      0xc70 src/Algorithms.o
 .debug_loc     0x00000c70      0x1c3 src/ASF/sam/drivers/pdc/pdc.o
 .debug_loc     0x00000e33      0x398 src/SerialCommunication_BPM.o
 .debug_loc     0x000011cb      0x1c0 src/ASF/common/services/clock/sam4e/sysclk.o
 .debug_loc     0x0000138b      0x2a7 src/ASF/common/services/serial/usart_serial.o
 .debug_loc     0x00001632       0xb3 src/ASF/common/utils/stdio/read.o
 .debug_loc     0x000016e5      0x12b src/ASF/common/utils/stdio/write.o
 .debug_loc     0x00001810      0x18f src/ASF/sam/boards/sam4e_xplained_pro/init.o
 .debug_loc     0x0000199f      0x1b4 src/ASF/sam/drivers/acc/acc.o
 .debug_loc     0x00001b53      0x81a src/ASF/sam/drivers/afec/afec.o
 .debug_loc     0x0000236d      0x39c src/ASF/sam/drivers/dacc/dacc.o
 .debug_loc     0x00002709      0x9c6 src/ASF/sam/drivers/pmc/pmc.o
 .debug_loc     0x000030cf      0x5a4 src/ASF/sam/drivers/tc/tc.o
 .debug_loc     0x00003673      0x241 src/ASF/sam/drivers/uart/uart.o
 .debug_loc     0x000038b4      0xe59 src/ASF/sam/drivers/usart/usart.o
 .debug_loc     0x0000470d       0x77 src/ASF/sam/utils/cmsis/sam4e/source/templates/gcc/startup_sam4e.o
 .debug_loc     0x00004784       0xfd src/ASF/sam/utils/syscalls/gcc/syscalls.o
 .debug_loc     0x00004881      0x568 src/ASF/thirdparty/wireless/addons/sio2host/uart/sio2host.o
 .debug_loc     0x00004de9      0x138 src/buffer.o
 .debug_loc     0x00004f21      0x35e src/main.o

.debug_aranges  0x00000000      0xb88
 .debug_aranges
                0x00000000       0x58 src/Algorithms.o
 .debug_aranges
                0x00000058       0x88 src/ASF/sam/drivers/pdc/pdc.o
 .debug_aranges
                0x000000e0       0x48 src/SerialCommunication_BPM.o
 .debug_aranges
                0x00000128       0x40 src/ASF/common/services/clock/sam4e/sysclk.o
 .debug_aranges
                0x00000168       0x28 src/ASF/common/services/serial/usart_serial.o
 .debug_aranges
                0x00000190       0x18 src/ASF/common/services/sleepmgr/sam/sleepmgr.o
 .debug_aranges
                0x000001a8       0x28 src/ASF/common/utils/interrupt/interrupt_sam_nvic.o
 .debug_aranges
                0x000001d0       0x20 src/ASF/common/utils/stdio/read.o
 .debug_aranges
                0x000001f0       0x20 src/ASF/common/utils/stdio/write.o
 .debug_aranges
                0x00000210       0x20 src/ASF/sam/boards/sam4e_xplained_pro/init.o
 .debug_aranges
                0x00000230       0x78 src/ASF/sam/drivers/acc/acc.o
 .debug_aranges
                0x000002a8       0xa0 src/ASF/sam/drivers/afec/afec.o
 .debug_aranges
                0x00000348       0xb8 src/ASF/sam/drivers/dacc/dacc.o
 .debug_aranges
                0x00000400      0x1d8 src/ASF/sam/drivers/pmc/pmc.o
 .debug_aranges
                0x000005d8       0xd0 src/ASF/sam/drivers/tc/tc.o
 .debug_aranges
                0x000006a8       0xe8 src/ASF/sam/drivers/uart/uart.o
 .debug_aranges
                0x00000790      0x210 src/ASF/sam/drivers/usart/usart.o
 .debug_aranges
                0x000009a0       0x20 src/ASF/sam/utils/cmsis/sam4e/source/templates/exceptions.o
 .debug_aranges
                0x000009c0       0x20 src/ASF/sam/utils/cmsis/sam4e/source/templates/gcc/startup_sam4e.o
 .debug_aranges
                0x000009e0       0x30 src/ASF/sam/utils/cmsis/sam4e/source/templates/system_sam4e.o
 .debug_aranges
                0x00000a10       0x60 src/ASF/sam/utils/syscalls/gcc/syscalls.o
 .debug_aranges
                0x00000a70       0x78 src/ASF/thirdparty/wireless/addons/sio2host/uart/sio2host.o
 .debug_aranges
                0x00000ae8       0x68 src/buffer.o
 .debug_aranges
                0x00000b50       0x38 src/main.o

.debug_ranges   0x00000000      0xad0
 .debug_ranges  0x00000000       0xb8 src/Algorithms.o
 .debug_ranges  0x000000b8       0x78 src/ASF/sam/drivers/pdc/pdc.o
 .debug_ranges  0x00000130       0x38 src/SerialCommunication_BPM.o
 .debug_ranges  0x00000168       0x30 src/ASF/common/services/clock/sam4e/sysclk.o
 .debug_ranges  0x00000198       0x48 src/ASF/common/services/serial/usart_serial.o
 .debug_ranges  0x000001e0       0x18 src/ASF/common/utils/interrupt/interrupt_sam_nvic.o
 .debug_ranges  0x000001f8       0x10 src/ASF/common/utils/stdio/read.o
 .debug_ranges  0x00000208       0x10 src/ASF/common/utils/stdio/write.o
 .debug_ranges  0x00000218       0x10 src/ASF/sam/boards/sam4e_xplained_pro/init.o
 .debug_ranges  0x00000228       0x68 src/ASF/sam/drivers/acc/acc.o
 .debug_ranges  0x00000290       0xa8 src/ASF/sam/drivers/afec/afec.o
 .debug_ranges  0x00000338       0xa8 src/ASF/sam/drivers/dacc/dacc.o
 .debug_ranges  0x000003e0      0x1c8 src/ASF/sam/drivers/pmc/pmc.o
 .debug_ranges  0x000005a8       0xc0 src/ASF/sam/drivers/tc/tc.o
 .debug_ranges  0x00000668       0xd8 src/ASF/sam/drivers/uart/uart.o
 .debug_ranges  0x00000740      0x200 src/ASF/sam/drivers/usart/usart.o
 .debug_ranges  0x00000940       0x10 src/ASF/sam/utils/cmsis/sam4e/source/templates/exceptions.o
 .debug_ranges  0x00000950       0x10 src/ASF/sam/utils/cmsis/sam4e/source/templates/gcc/startup_sam4e.o
 .debug_ranges  0x00000960       0x20 src/ASF/sam/utils/cmsis/sam4e/source/templates/system_sam4e.o
 .debug_ranges  0x00000980       0x50 src/ASF/sam/utils/syscalls/gcc/syscalls.o
 .debug_ranges  0x000009d0       0x68 src/ASF/thirdparty/wireless/addons/sio2host/uart/sio2host.o
 .debug_ranges  0x00000a38       0x58 src/buffer.o
 .debug_ranges  0x00000a90       0x40 src/main.o

.debug_macro    0x00000000    0x1b870
 .debug_macro   0x00000000      0x770 src/Algorithms.o
 .debug_macro   0x00000770      0x8ce src/Algorithms.o
 .debug_macro   0x0000103e       0x22 src/Algorithms.o
 .debug_macro   0x00001060       0x52 src/Algorithms.o
 .debug_macro   0x000010b2       0x8d src/Algorithms.o
 .debug_macro   0x0000113f       0x35 src/Algorithms.o
 .debug_macro   0x00001174       0x9c src/Algorithms.o
 .debug_macro   0x00001210      0x16d src/Algorithms.o
 .debug_macro   0x0000137d       0x57 src/Algorithms.o
 .debug_macro   0x000013d4       0x58 src/Algorithms.o
 .debug_macro   0x0000142c       0x1f src/Algorithms.o
 .debug_macro   0x0000144b       0x43 src/Algorithms.o
 .debug_macro   0x0000148e       0x20 src/Algorithms.o
 .debug_macro   0x000014ae      0x187 src/Algorithms.o
 .debug_macro   0x00001635      0x353 src/Algorithms.o
 .debug_macro   0x00001988      0x1e1 src/Algorithms.o
 .debug_macro   0x00001b69      0x708 src/Algorithms.o
 .debug_macro   0x00002271       0x76 src/Algorithms.o
 .debug_macro   0x000022e7       0x16 src/Algorithms.o
 .debug_macro   0x000022fd      0x6da src/Algorithms.o
 .debug_macro   0x000029d7       0xef src/Algorithms.o
 .debug_macro   0x00002ac6       0x6a src/Algorithms.o
 .debug_macro   0x00002b30      0x1df src/Algorithms.o
 .debug_macro   0x00002d0f       0x27 src/Algorithms.o
 .debug_macro   0x00002d36       0x1c src/Algorithms.o
 .debug_macro   0x00002d52       0x22 src/Algorithms.o
 .debug_macro   0x00002d74       0xd9 src/Algorithms.o
 .debug_macro   0x00002e4d     0x102d src/Algorithms.o
 .debug_macro   0x00003e7a      0x11f src/Algorithms.o
 .debug_macro   0x00003f99      0x154 src/Algorithms.o
 .debug_macro   0x000040ed      0x18f src/Algorithms.o
 .debug_macro   0x0000427c      0xbec src/Algorithms.o
 .debug_macro   0x00004e68      0x535 src/Algorithms.o
 .debug_macro   0x0000539d      0x196 src/Algorithms.o
 .debug_macro   0x00005533      0x11e src/Algorithms.o
 .debug_macro   0x00005651      0x428 src/Algorithms.o
 .debug_macro   0x00005a79      0x541 src/Algorithms.o
 .debug_macro   0x00005fba      0x106 src/Algorithms.o
 .debug_macro   0x000060c0      0xa74 src/Algorithms.o
 .debug_macro   0x00006b34       0x1c src/Algorithms.o
 .debug_macro   0x00006b50      0x735 src/Algorithms.o
 .debug_macro   0x00007285      0x44d src/Algorithms.o
 .debug_macro   0x000076d2       0xbe src/Algorithms.o
 .debug_macro   0x00007790     0x28b1 src/Algorithms.o
 .debug_macro   0x0000a041      0x834 src/Algorithms.o
 .debug_macro   0x0000a875      0xb28 src/Algorithms.o
 .debug_macro   0x0000b39d       0x9a src/Algorithms.o
 .debug_macro   0x0000b437       0x76 src/Algorithms.o
 .debug_macro   0x0000b4ad      0x3cf src/Algorithms.o
 .debug_macro   0x0000b87c       0x64 src/Algorithms.o
 .debug_macro   0x0000b8e0      0x1a6 src/Algorithms.o
 .debug_macro   0x0000ba86      0x37c src/Algorithms.o
 .debug_macro   0x0000be02      0x6fd src/Algorithms.o
 .debug_macro   0x0000c4ff      0x6f4 src/Algorithms.o
 .debug_macro   0x0000cbf3      0x377 src/Algorithms.o
 .debug_macro   0x0000cf6a      0x2a1 src/Algorithms.o
 .debug_macro   0x0000d20b      0x2cd src/Algorithms.o
 .debug_macro   0x0000d4d8      0x6b2 src/Algorithms.o
 .debug_macro   0x0000db8a       0x76 src/Algorithms.o
 .debug_macro   0x0000dc00      0x2e9 src/Algorithms.o
 .debug_macro   0x0000dee9       0x46 src/Algorithms.o
 .debug_macro   0x0000df2f      0x21b src/Algorithms.o
 .debug_macro   0x0000e14a      0x21b src/Algorithms.o
 .debug_macro   0x0000e365      0x287 src/Algorithms.o
 .debug_macro   0x0000e5ec       0x88 src/Algorithms.o
 .debug_macro   0x0000e674       0x82 src/Algorithms.o
 .debug_macro   0x0000e6f6       0xb8 src/Algorithms.o
 .debug_macro   0x0000e7ae       0x52 src/Algorithms.o
 .debug_macro   0x0000e800       0x88 src/Algorithms.o
 .debug_macro   0x0000e888      0x1bb src/Algorithms.o
 .debug_macro   0x0000ea43      0x1bb src/Algorithms.o
 .debug_macro   0x0000ebfe      0x12b src/Algorithms.o
 .debug_macro   0x0000ed29       0xac src/Algorithms.o
 .debug_macro   0x0000edd5       0xac src/Algorithms.o
 .debug_macro   0x0000ee81       0x94 src/Algorithms.o
 .debug_macro   0x0000ef15       0x94 src/Algorithms.o
 .debug_macro   0x0000efa9       0xdc src/Algorithms.o
 .debug_macro   0x0000f085       0xdc src/Algorithms.o
 .debug_macro   0x0000f161       0x7c src/Algorithms.o
 .debug_macro   0x0000f1dd       0x40 src/Algorithms.o
 .debug_macro   0x0000f21d       0xee src/Algorithms.o
 .debug_macro   0x0000f30b       0x46 src/Algorithms.o
 .debug_macro   0x0000f351       0x58 src/Algorithms.o
 .debug_macro   0x0000f3a9       0xa6 src/Algorithms.o
 .debug_macro   0x0000f44f       0x82 src/Algorithms.o
 .debug_macro   0x0000f4d1       0x16 src/Algorithms.o
 .debug_macro   0x0000f4e7       0x22 src/Algorithms.o
 .debug_macro   0x0000f509      0x193 src/Algorithms.o
 .debug_macro   0x0000f69c      0x163 src/Algorithms.o
 .debug_macro   0x0000f7ff      0x163 src/Algorithms.o
 .debug_macro   0x0000f962      0x163 src/Algorithms.o
 .debug_macro   0x0000fac5      0x163 src/Algorithms.o
 .debug_macro   0x0000fc28       0x1c src/Algorithms.o
 .debug_macro   0x0000fc44       0x2e src/Algorithms.o
 .debug_macro   0x0000fc72       0x22 src/Algorithms.o
 .debug_macro   0x0000fc94       0x1c src/Algorithms.o
 .debug_macro   0x0000fcb0       0x52 src/Algorithms.o
 .debug_macro   0x0000fd02       0x10 src/Algorithms.o
 .debug_macro   0x0000fd12       0x1c src/Algorithms.o
 .debug_macro   0x0000fd2e      0x2b2 src/Algorithms.o
 .debug_macro   0x0000ffe0      0xc83 src/Algorithms.o
 .debug_macro   0x00010c63      0x10e src/Algorithms.o
 .debug_macro   0x00010d71       0x1c src/Algorithms.o
 .debug_macro   0x00010d8d       0x35 src/Algorithms.o
 .debug_macro   0x00010dc2       0x10 src/Algorithms.o
 .debug_macro   0x00010dd2       0x10 src/Algorithms.o
 .debug_macro   0x00010de2       0x1c src/Algorithms.o
 .debug_macro   0x00010dfe       0x52 src/Algorithms.o
 .debug_macro   0x00010e50       0x40 src/Algorithms.o
 .debug_macro   0x00010e90       0x10 src/Algorithms.o
 .debug_macro   0x00010ea0       0x40 src/Algorithms.o
 .debug_macro   0x00010ee0       0xd7 src/Algorithms.o
 .debug_macro   0x00010fb7       0x16 src/Algorithms.o
 .debug_macro   0x00010fcd      0x18b src/Algorithms.o
 .debug_macro   0x00011158       0x22 src/Algorithms.o
 .debug_macro   0x0001117a       0x16 src/Algorithms.o
 .debug_macro   0x00011190       0x16 src/Algorithms.o
 .debug_macro   0x000111a6       0x29 src/Algorithms.o
 .debug_macro   0x000111cf       0x73 src/Algorithms.o
 .debug_macro   0x00011242       0x3e src/Algorithms.o
 .debug_macro   0x00011280      0x3ca src/Algorithms.o
 .debug_macro   0x0001164a       0x19 src/Algorithms.o
 .debug_macro   0x00011663       0x16 src/Algorithms.o
 .debug_macro   0x00011679       0x34 src/Algorithms.o
 .debug_macro   0x000116ad      0x2d8 src/Algorithms.o
 .debug_macro   0x00011985      0x943 src/Algorithms.o
 .debug_macro   0x000122c8       0x58 src/Algorithms.o
 .debug_macro   0x00012320       0x64 src/Algorithms.o
 .debug_macro   0x00012384       0x40 src/Algorithms.o
 .debug_macro   0x000123c4       0x82 src/Algorithms.o
 .debug_macro   0x00012446       0x28 src/Algorithms.o
 .debug_macro   0x0001246e       0x22 src/Algorithms.o
 .debug_macro   0x00012490       0x88 src/Algorithms.o
 .debug_macro   0x00012518       0x34 src/Algorithms.o
 .debug_macro   0x0001254c       0x16 src/Algorithms.o
 .debug_macro   0x00012562       0x1c src/Algorithms.o
 .debug_macro   0x0001257e       0x10 src/Algorithms.o
 .debug_macro   0x0001258e       0x1c src/Algorithms.o
 .debug_macro   0x000125aa       0x2e src/Algorithms.o
 .debug_macro   0x000125d8       0x1c src/Algorithms.o
 .debug_macro   0x000125f4       0x16 src/Algorithms.o
 .debug_macro   0x0001260a      0x5a7 src/ASF/sam/drivers/pdc/pdc.o
 .debug_macro   0x00012bb1       0x87 src/ASF/sam/drivers/pdc/pdc.o
 .debug_macro   0x00012c38       0x51 src/ASF/sam/drivers/pdc/pdc.o
 .debug_macro   0x00012c89       0xdf src/ASF/sam/drivers/pdc/pdc.o
 .debug_macro   0x00012d68       0x58 src/ASF/sam/drivers/pdc/pdc.o
 .debug_macro   0x00012dc0       0x16 src/ASF/sam/drivers/pdc/pdc.o
 .debug_macro   0x00012dd6      0x34d src/ASF/sam/drivers/pdc/pdc.o
 .debug_macro   0x00013123      0x79d src/SerialCommunication_BPM.o
 .debug_macro   0x000138c0       0x58 src/SerialCommunication_BPM.o
 .debug_macro   0x00013918       0x16 src/SerialCommunication_BPM.o
 .debug_macro   0x0001392e       0x10 src/SerialCommunication_BPM.o
 .debug_macro   0x0001393e      0x624 src/ASF/common/services/clock/sam4e/sysclk.o
 .debug_macro   0x00013f62      0x2d2 src/ASF/common/services/clock/sam4e/sysclk.o
 .debug_macro   0x00014234      0x65d src/ASF/common/services/serial/usart_serial.o
 .debug_macro   0x00014891      0x5c3 src/ASF/common/services/sleepmgr/sam/sleepmgr.o
 .debug_macro   0x00014e54      0x59d src/ASF/common/utils/interrupt/interrupt_sam_nvic.o
 .debug_macro   0x000153f1      0x59d src/ASF/common/utils/stdio/read.o
 .debug_macro   0x0001598e      0x59d src/ASF/common/utils/stdio/write.o
 .debug_macro   0x00015f2b      0x656 src/ASF/sam/boards/sam4e_xplained_pro/init.o
 .debug_macro   0x00016581       0x82 src/ASF/sam/boards/sam4e_xplained_pro/init.o
 .debug_macro   0x00016603      0x5ad src/ASF/sam/drivers/acc/acc.o
 .debug_macro   0x00016bb0      0x67c src/ASF/sam/drivers/afec/afec.o
 .debug_macro   0x0001722c      0x5b8 src/ASF/sam/drivers/dacc/dacc.o
 .debug_macro   0x000177e4       0x10 src/ASF/sam/drivers/dacc/dacc.o
 .debug_macro   0x000177f4      0x5b2 src/ASF/sam/drivers/pmc/pmc.o
 .debug_macro   0x00017da6       0x52 src/ASF/sam/drivers/pmc/pmc.o
 .debug_macro   0x00017df8      0x5b2 src/ASF/sam/drivers/tc/tc.o
 .debug_macro   0x000183aa       0x16 src/ASF/sam/drivers/tc/tc.o
 .debug_macro   0x000183c0      0x5ac src/ASF/sam/drivers/uart/uart.o
 .debug_macro   0x0001896c       0x16 src/ASF/sam/drivers/uart/uart.o
 .debug_macro   0x00018982      0x5e2 src/ASF/sam/drivers/usart/usart.o
 .debug_macro   0x00018f64       0x28 src/ASF/sam/drivers/usart/usart.o
 .debug_macro   0x00018f8c      0x3a4 src/ASF/sam/utils/cmsis/sam4e/source/templates/exceptions.o
 .debug_macro   0x00019330      0x5b6 src/ASF/sam/utils/cmsis/sam4e/source/templates/gcc/startup_sam4e.o
 .debug_macro   0x000198e6       0x10 src/ASF/sam/utils/cmsis/sam4e/source/templates/gcc/startup_sam4e.o
 .debug_macro   0x000198f6      0x3b2 src/ASF/sam/utils/cmsis/sam4e/source/templates/system_sam4e.o
 .debug_macro   0x00019ca8      0x1d6 src/ASF/sam/utils/syscalls/gcc/syscalls.o
 .debug_macro   0x00019e7e       0x97 src/ASF/sam/utils/syscalls/gcc/syscalls.o
 .debug_macro   0x00019f15       0xf6 src/ASF/sam/utils/syscalls/gcc/syscalls.o
 .debug_macro   0x0001a00b       0x4c src/ASF/sam/utils/syscalls/gcc/syscalls.o
 .debug_macro   0x0001a057       0x16 src/ASF/sam/utils/syscalls/gcc/syscalls.o
 .debug_macro   0x0001a06d       0x10 src/ASF/sam/utils/syscalls/gcc/syscalls.o
 .debug_macro   0x0001a07d       0x10 src/ASF/sam/utils/syscalls/gcc/syscalls.o
 .debug_macro   0x0001a08d       0x35 src/ASF/sam/utils/syscalls/gcc/syscalls.o
 .debug_macro   0x0001a0c2      0x122 src/ASF/sam/utils/syscalls/gcc/syscalls.o
 .debug_macro   0x0001a1e4      0x736 src/ASF/thirdparty/wireless/addons/sio2host/uart/sio2host.o
 .debug_macro   0x0001a91a       0x40 src/ASF/thirdparty/wireless/addons/sio2host/uart/sio2host.o
 .debug_macro   0x0001a95a      0x762 src/buffer.o
 .debug_macro   0x0001b0bc      0x7a4 src/main.o
 .debug_macro   0x0001b860       0x10 src/main.o

.debug_line     0x00000000    0x1011f
 .debug_line    0x00000000      0xf05 src/Algorithms.o
 .debug_line    0x00000f05      0x98a src/ASF/sam/drivers/pdc/pdc.o
 .debug_line    0x0000188f      0xea5 src/SerialCommunication_BPM.o
 .debug_line    0x00002734      0xa47 src/ASF/common/services/clock/sam4e/sysclk.o
 .debug_line    0x0000317b      0xafc src/ASF/common/services/serial/usart_serial.o
 .debug_line    0x00003c77      0x917 src/ASF/common/services/sleepmgr/sam/sleepmgr.o
 .debug_line    0x0000458e      0x8c4 src/ASF/common/utils/interrupt/interrupt_sam_nvic.o
 .debug_line    0x00004e52      0x8af src/ASF/common/utils/stdio/read.o
 .debug_line    0x00005701      0x8a7 src/ASF/common/utils/stdio/write.o
 .debug_line    0x00005fa8      0xa60 src/ASF/sam/boards/sam4e_xplained_pro/init.o
 .debug_line    0x00006a08      0x96e src/ASF/sam/drivers/acc/acc.o
 .debug_line    0x00007376      0xd27 src/ASF/sam/drivers/afec/afec.o
 .debug_line    0x0000809d      0xa0d src/ASF/sam/drivers/dacc/dacc.o
 .debug_line    0x00008aaa      0xdbd src/ASF/sam/drivers/pmc/pmc.o
 .debug_line    0x00009867      0xa4d src/ASF/sam/drivers/tc/tc.o
 .debug_line    0x0000a2b4      0xa62 src/ASF/sam/drivers/uart/uart.o
 .debug_line    0x0000ad16      0xe2b src/ASF/sam/drivers/usart/usart.o
 .debug_line    0x0000bb41      0x62b src/ASF/sam/utils/cmsis/sam4e/source/templates/exceptions.o
 .debug_line    0x0000c16c      0x932 src/ASF/sam/utils/cmsis/sam4e/source/templates/gcc/startup_sam4e.o
 .debug_line    0x0000ca9e      0x6ae src/ASF/sam/utils/cmsis/sam4e/source/templates/system_sam4e.o
 .debug_line    0x0000d14c      0x39f src/ASF/sam/utils/syscalls/gcc/syscalls.o
 .debug_line    0x0000d4eb      0xf0b src/ASF/thirdparty/wireless/addons/sio2host/uart/sio2host.o
 .debug_line    0x0000e3f6      0xe67 src/buffer.o
 .debug_line    0x0000f25d      0xec2 src/main.o

.debug_str      0x00000000    0x65ed3
 .debug_str     0x00000000    0x60e66 src/Algorithms.o
                              0x6142e (size before relaxing)
 .debug_str     0x00060e66      0x201 src/ASF/sam/drivers/pdc/pdc.o
                              0x5bba6 (size before relaxing)
 .debug_str     0x00061067      0xa51 src/SerialCommunication_BPM.o
                              0x61e2d (size before relaxing)
 .debug_str     0x00061ab8      0x36c src/ASF/common/services/clock/sam4e/sysclk.o
                              0x60372 (size before relaxing)
 .debug_str     0x00061e24      0x1a0 src/ASF/common/services/serial/usart_serial.o
                              0x6047b (size before relaxing)
 .debug_str     0x00061fc4       0xbd src/ASF/common/services/sleepmgr/sam/sleepmgr.o
                              0x5bb81 (size before relaxing)
 .debug_str     0x00062081       0x94 src/ASF/common/utils/interrupt/interrupt_sam_nvic.o
                              0x5ba45 (size before relaxing)
 .debug_str     0x00062115       0x2c src/ASF/common/utils/stdio/read.o
                              0x5b9ee (size before relaxing)
 .debug_str     0x00062141       0x26 src/ASF/common/utils/stdio/write.o
                              0x5b9ef (size before relaxing)
 .debug_str     0x00062167      0x69c src/ASF/sam/boards/sam4e_xplained_pro/init.o
                              0x60ae1 (size before relaxing)
 .debug_str     0x00062803       0xf0 src/ASF/sam/drivers/acc/acc.o
                              0x5bbdf (size before relaxing)
 .debug_str     0x000628f3      0xc45 src/ASF/sam/drivers/afec/afec.o
                              0x6131d (size before relaxing)
 .debug_str     0x00063538      0x272 src/ASF/sam/drivers/dacc/dacc.o
                              0x5bdff (size before relaxing)
 .debug_str     0x000637aa      0x541 src/ASF/sam/drivers/pmc/pmc.o
                              0x5c3cd (size before relaxing)
 .debug_str     0x00063ceb      0x3a1 src/ASF/sam/drivers/tc/tc.o
                              0x5bdb1 (size before relaxing)
 .debug_str     0x0006408c      0x1ac src/ASF/sam/drivers/uart/uart.o
                              0x5bdbc (size before relaxing)
 .debug_str     0x00064238      0x77f src/ASF/sam/drivers/usart/usart.o
                              0x5c3e3 (size before relaxing)
 .debug_str     0x000649b7       0x4d src/ASF/sam/utils/cmsis/sam4e/source/templates/exceptions.o
                              0x4b22b (size before relaxing)
 .debug_str     0x00064a04      0x4d5 src/ASF/sam/utils/cmsis/sam4e/source/templates/gcc/startup_sam4e.o
                              0x5bffc (size before relaxing)
 .debug_str     0x00064ed9      0x17b src/ASF/sam/utils/cmsis/sam4e/source/templates/system_sam4e.o
                              0x4b4f5 (size before relaxing)
 .debug_str     0x00065054      0x768 src/ASF/sam/utils/syscalls/gcc/syscalls.o
                               0x7439 (size before relaxing)
 .debug_str     0x000657bc      0x2d2 src/ASF/thirdparty/wireless/addons/sio2host/uart/sio2host.o
                              0x614c7 (size before relaxing)
 .debug_str     0x00065a8e      0x11d src/buffer.o
                              0x60be2 (size before relaxing)
 .debug_str     0x00065bab      0x328 src/main.o
                              0x62cf9 (size before relaxing)

.debug_frame    0x00000000     0x2550
 .debug_frame   0x00000000      0x12c src/Algorithms.o
 .debug_frame   0x0000012c       0xf0 src/ASF/sam/drivers/pdc/pdc.o
 .debug_frame   0x0000021c       0xc0 src/SerialCommunication_BPM.o
 .debug_frame   0x000002dc       0x88 src/ASF/common/services/clock/sam4e/sysclk.o
 .debug_frame   0x00000364       0x7c src/ASF/common/services/serial/usart_serial.o
 .debug_frame   0x000003e0       0x30 src/ASF/common/utils/interrupt/interrupt_sam_nvic.o
 .debug_frame   0x00000410       0x30 src/ASF/common/utils/stdio/read.o
 .debug_frame   0x00000440       0x48 src/ASF/common/utils/stdio/write.o
 .debug_frame   0x00000488       0x28 src/ASF/sam/boards/sam4e_xplained_pro/init.o
 .debug_frame   0x000004b0       0xe8 src/ASF/sam/drivers/acc/acc.o
 .debug_frame   0x00000598      0x1ac src/ASF/sam/drivers/afec/afec.o
 .debug_frame   0x00000744      0x150 src/ASF/sam/drivers/dacc/dacc.o
 .debug_frame   0x00000894      0x39c src/ASF/sam/drivers/pmc/pmc.o
 .debug_frame   0x00000c30      0x1a8 src/ASF/sam/drivers/tc/tc.o
 .debug_frame   0x00000dd8      0x1bc src/ASF/sam/drivers/uart/uart.o
 .debug_frame   0x00000f94      0x48c src/ASF/sam/drivers/usart/usart.o
 .debug_frame   0x00001420       0x20 src/ASF/sam/utils/cmsis/sam4e/source/templates/exceptions.o
 .debug_frame   0x00001440       0x28 src/ASF/sam/utils/cmsis/sam4e/source/templates/gcc/startup_sam4e.o
 .debug_frame   0x00001468       0x40 src/ASF/sam/utils/cmsis/sam4e/source/templates/system_sam4e.o
 .debug_frame   0x000014a8       0xa0 src/ASF/sam/utils/syscalls/gcc/syscalls.o
 .debug_frame   0x00001548      0x164 src/ASF/thirdparty/wireless/addons/sio2host/uart/sio2host.o
 .debug_frame   0x000016ac       0xe8 src/buffer.o
 .debug_frame   0x00001794       0x80 src/main.o
 .debug_frame   0x00001814       0x48 d:/atmel/7.0/toolchain/arm/arm-gnu-toolchain/bin/../lib/gcc/arm-none-eabi/6.3.1/../../../../arm-none-eabi/lib/thumb/v7e-m\libm.a(lib_a-w_pow.o)
 .debug_frame   0x0000185c       0x44 d:/atmel/7.0/toolchain/arm/arm-gnu-toolchain/bin/../lib/gcc/arm-none-eabi/6.3.1/../../../../arm-none-eabi/lib/thumb/v7e-m\libm.a(lib_a-w_sqrt.o)
 .debug_frame   0x000018a0       0x64 d:/atmel/7.0/toolchain/arm/arm-gnu-toolchain/bin/../lib/gcc/arm-none-eabi/6.3.1/../../../../arm-none-eabi/lib/thumb/v7e-m\libm.a(lib_a-e_pow.o)
 .debug_frame   0x00001904       0x34 d:/atmel/7.0/toolchain/arm/arm-gnu-toolchain/bin/../lib/gcc/arm-none-eabi/6.3.1/../../../../arm-none-eabi/lib/thumb/v7e-m\libm.a(lib_a-e_sqrt.o)
 .debug_frame   0x00001938       0x20 d:/atmel/7.0/toolchain/arm/arm-gnu-toolchain/bin/../lib/gcc/arm-none-eabi/6.3.1/../../../../arm-none-eabi/lib/thumb/v7e-m\libm.a(lib_a-s_fabs.o)
 .debug_frame   0x00001958       0x20 d:/atmel/7.0/toolchain/arm/arm-gnu-toolchain/bin/../lib/gcc/arm-none-eabi/6.3.1/../../../../arm-none-eabi/lib/thumb/v7e-m\libm.a(lib_a-s_finite.o)
 .debug_frame   0x00001978       0x20 d:/atmel/7.0/toolchain/arm/arm-gnu-toolchain/bin/../lib/gcc/arm-none-eabi/6.3.1/../../../../arm-none-eabi/lib/thumb/v7e-m\libm.a(lib_a-s_matherr.o)
 .debug_frame   0x00001998       0x20 d:/atmel/7.0/toolchain/arm/arm-gnu-toolchain/bin/../lib/gcc/arm-none-eabi/6.3.1/../../../../arm-none-eabi/lib/thumb/v7e-m\libm.a(lib_a-s_nan.o)
 .debug_frame   0x000019b8       0x3c d:/atmel/7.0/toolchain/arm/arm-gnu-toolchain/bin/../lib/gcc/arm-none-eabi/6.3.1/../../../../arm-none-eabi/lib/thumb/v7e-m\libm.a(lib_a-s_rint.o)
 .debug_frame   0x000019f4       0x30 d:/atmel/7.0/toolchain/arm/arm-gnu-toolchain/bin/../lib/gcc/arm-none-eabi/6.3.1/../../../../arm-none-eabi/lib/thumb/v7e-m\libm.a(lib_a-s_scalbn.o)
 .debug_frame   0x00001a24       0x20 d:/atmel/7.0/toolchain/arm/arm-gnu-toolchain/bin/../lib/gcc/arm-none-eabi/6.3.1/../../../../arm-none-eabi/lib/thumb/v7e-m\libm.a(lib_a-s_copysign.o)
 .debug_frame   0x00001a44       0xac d:/atmel/7.0/toolchain/arm/arm-gnu-toolchain/bin/../lib/gcc/arm-none-eabi/6.3.1/thumb/v7e-m\libgcc.a(_arm_addsubdf3.o)
 .debug_frame   0x00001af0       0x50 d:/atmel/7.0/toolchain/arm/arm-gnu-toolchain/bin/../lib/gcc/arm-none-eabi/6.3.1/thumb/v7e-m\libgcc.a(_arm_muldivdf3.o)
 .debug_frame   0x00001b40       0xc4 d:/atmel/7.0/toolchain/arm/arm-gnu-toolchain/bin/../lib/gcc/arm-none-eabi/6.3.1/thumb/v7e-m\libgcc.a(_arm_cmpdf2.o)
 .debug_frame   0x00001c04       0x20 d:/atmel/7.0/toolchain/arm/arm-gnu-toolchain/bin/../lib/gcc/arm-none-eabi/6.3.1/thumb/v7e-m\libgcc.a(_arm_unorddf2.o)
 .debug_frame   0x00001c24       0x24 d:/atmel/7.0/toolchain/arm/arm-gnu-toolchain/bin/../lib/gcc/arm-none-eabi/6.3.1/thumb/v7e-m\libgcc.a(_arm_fixunsdfsi.o)
 .debug_frame   0x00001c48       0x44 d:/atmel/7.0/toolchain/arm/arm-gnu-toolchain/bin/../lib/gcc/arm-none-eabi/6.3.1/thumb/v7e-m\libgcc.a(_aeabi_ldivmod.o)
 .debug_frame   0x00001c8c       0x38 d:/atmel/7.0/toolchain/arm/arm-gnu-toolchain/bin/../lib/gcc/arm-none-eabi/6.3.1/thumb/v7e-m\libgcc.a(_fixdfdi.o)
 .debug_frame   0x00001cc4       0x2c d:/atmel/7.0/toolchain/arm/arm-gnu-toolchain/bin/../lib/gcc/arm-none-eabi/6.3.1/thumb/v7e-m\libgcc.a(_fixunsdfdi.o)
 .debug_frame   0x00001cf0       0x34 d:/atmel/7.0/toolchain/arm/arm-gnu-toolchain/bin/../lib/gcc/arm-none-eabi/6.3.1/thumb/v7e-m\libgcc.a(_udivmoddi4.o)
 .debug_frame   0x00001d24       0x20 d:/atmel/7.0/toolchain/arm/arm-gnu-toolchain/bin/../lib/gcc/arm-none-eabi/6.3.1/../../../../arm-none-eabi/lib/thumb/v7e-m\libc.a(lib_a-errno.o)
 .debug_frame   0x00001d44       0x2c d:/atmel/7.0/toolchain/arm/arm-gnu-toolchain/bin/../lib/gcc/arm-none-eabi/6.3.1/../../../../arm-none-eabi/lib/thumb/v7e-m\libc.a(lib_a-init.o)